Archive member included to satisfy reference by file (symbol)

c:/users/ika/desktop/gnu mcu/arm-none-eabi-gcc-9.3.1-1.1/bin/../lib/gcc/arm-none-eabi/9.3.1/../../../../arm-none-eabi/lib/thumb/v7-m/nofp\libc_nano.a(lib_a-exit.o)
                              c:/users/ika/desktop/gnu mcu/arm-none-eabi-gcc-9.3.1-1.1/bin/../lib/gcc/arm-none-eabi/9.3.1/../../../../arm-none-eabi/lib/thumb/v7-m/nofp/crt0.o (exit)
c:/users/ika/desktop/gnu mcu/arm-none-eabi-gcc-9.3.1-1.1/bin/../lib/gcc/arm-none-eabi/9.3.1/../../../../arm-none-eabi/lib/thumb/v7-m/nofp\libc_nano.a(lib_a-impure.o)
                              c:/users/ika/desktop/gnu mcu/arm-none-eabi-gcc-9.3.1-1.1/bin/../lib/gcc/arm-none-eabi/9.3.1/../../../../arm-none-eabi/lib/thumb/v7-m/nofp\libc_nano.a(lib_a-exit.o) (_global_impure_ptr)
c:/users/ika/desktop/gnu mcu/arm-none-eabi-gcc-9.3.1-1.1/bin/../lib/gcc/arm-none-eabi/9.3.1/../../../../arm-none-eabi/lib/thumb/v7-m/nofp\libc_nano.a(lib_a-init.o)
                              c:/users/ika/desktop/gnu mcu/arm-none-eabi-gcc-9.3.1-1.1/bin/../lib/gcc/arm-none-eabi/9.3.1/../../../../arm-none-eabi/lib/thumb/v7-m/nofp/crt0.o (__libc_init_array)
c:/users/ika/desktop/gnu mcu/arm-none-eabi-gcc-9.3.1-1.1/bin/../lib/gcc/arm-none-eabi/9.3.1/../../../../arm-none-eabi/lib/thumb/v7-m/nofp\libc_nano.a(lib_a-memset.o)
                              c:/users/ika/desktop/gnu mcu/arm-none-eabi-gcc-9.3.1-1.1/bin/../lib/gcc/arm-none-eabi/9.3.1/../../../../arm-none-eabi/lib/thumb/v7-m/nofp/crt0.o (memset)
c:/users/ika/desktop/gnu mcu/arm-none-eabi-gcc-9.3.1-1.1/bin/../lib/gcc/arm-none-eabi/9.3.1/../../../../arm-none-eabi/lib/thumb/v7-m/nofp\libnosys.a(_exit.o)
                              c:/users/ika/desktop/gnu mcu/arm-none-eabi-gcc-9.3.1-1.1/bin/../lib/gcc/arm-none-eabi/9.3.1/../../../../arm-none-eabi/lib/thumb/v7-m/nofp\libc_nano.a(lib_a-exit.o) (_exit)

Allocating common symbols
Common symbol       size              file

uwTick              0x4               build/stm32f1xx_hal.o
pFlash              0x20              build/stm32f1xx_hal_flash.o
htim1               0x48              build/tim.o

Discarded input sections

 .text          0x0000000000000000        0x0 c:/users/ika/desktop/gnu mcu/arm-none-eabi-gcc-9.3.1-1.1/bin/../lib/gcc/arm-none-eabi/9.3.1/thumb/v7-m/nofp/crti.o
 .data          0x0000000000000000        0x0 c:/users/ika/desktop/gnu mcu/arm-none-eabi-gcc-9.3.1-1.1/bin/../lib/gcc/arm-none-eabi/9.3.1/thumb/v7-m/nofp/crti.o
 .bss           0x0000000000000000        0x0 c:/users/ika/desktop/gnu mcu/arm-none-eabi-gcc-9.3.1-1.1/bin/../lib/gcc/arm-none-eabi/9.3.1/thumb/v7-m/nofp/crti.o
 .text          0x0000000000000000        0x0 c:/users/ika/desktop/gnu mcu/arm-none-eabi-gcc-9.3.1-1.1/bin/../lib/gcc/arm-none-eabi/9.3.1/thumb/v7-m/nofp/crtbegin.o
 .data          0x0000000000000000        0x0 c:/users/ika/desktop/gnu mcu/arm-none-eabi-gcc-9.3.1-1.1/bin/../lib/gcc/arm-none-eabi/9.3.1/thumb/v7-m/nofp/crtbegin.o
 .bss           0x0000000000000000        0x0 c:/users/ika/desktop/gnu mcu/arm-none-eabi-gcc-9.3.1-1.1/bin/../lib/gcc/arm-none-eabi/9.3.1/thumb/v7-m/nofp/crtbegin.o
 .data.__dso_handle
                0x0000000000000000        0x4 c:/users/ika/desktop/gnu mcu/arm-none-eabi-gcc-9.3.1-1.1/bin/../lib/gcc/arm-none-eabi/9.3.1/thumb/v7-m/nofp/crtbegin.o
 .text          0x0000000000000000       0x7c c:/users/ika/desktop/gnu mcu/arm-none-eabi-gcc-9.3.1-1.1/bin/../lib/gcc/arm-none-eabi/9.3.1/../../../../arm-none-eabi/lib/thumb/v7-m/nofp/crt0.o
 .data          0x0000000000000000        0x0 c:/users/ika/desktop/gnu mcu/arm-none-eabi-gcc-9.3.1-1.1/bin/../lib/gcc/arm-none-eabi/9.3.1/../../../../arm-none-eabi/lib/thumb/v7-m/nofp/crt0.o
 .bss           0x0000000000000000        0x0 c:/users/ika/desktop/gnu mcu/arm-none-eabi-gcc-9.3.1-1.1/bin/../lib/gcc/arm-none-eabi/9.3.1/../../../../arm-none-eabi/lib/thumb/v7-m/nofp/crt0.o
 .ARM.extab     0x0000000000000000        0x0 c:/users/ika/desktop/gnu mcu/arm-none-eabi-gcc-9.3.1-1.1/bin/../lib/gcc/arm-none-eabi/9.3.1/../../../../arm-none-eabi/lib/thumb/v7-m/nofp/crt0.o
 .ARM.exidx     0x0000000000000000       0x10 c:/users/ika/desktop/gnu mcu/arm-none-eabi-gcc-9.3.1-1.1/bin/../lib/gcc/arm-none-eabi/9.3.1/../../../../arm-none-eabi/lib/thumb/v7-m/nofp/crt0.o
 .ARM.attributes
                0x0000000000000000       0x1b c:/users/ika/desktop/gnu mcu/arm-none-eabi-gcc-9.3.1-1.1/bin/../lib/gcc/arm-none-eabi/9.3.1/../../../../arm-none-eabi/lib/thumb/v7-m/nofp/crt0.o
 .text          0x0000000000000000        0x0 build/main.o
 .data          0x0000000000000000        0x0 build/main.o
 .bss           0x0000000000000000        0x0 build/main.o
 .text          0x0000000000000000        0x0 build/stm32f1xx_it.o
 .data          0x0000000000000000        0x0 build/stm32f1xx_it.o
 .bss           0x0000000000000000        0x0 build/stm32f1xx_it.o
 .text          0x0000000000000000        0x0 build/stm32f1xx_hal_msp.o
 .data          0x0000000000000000        0x0 build/stm32f1xx_hal_msp.o
[...]
Memory Configuration

Name             Origin             Length             Attributes
RAM              0x0000000020000000 0x0000000000002800 xrw
FLASH            0x0000000008000000 0x0000000000008000 xr
*default*        0x0000000000000000 0xffffffffffffffff

Linker script and memory map

LOAD c:/users/ika/desktop/gnu mcu/arm-none-eabi-gcc-9.3.1-1.1/bin/../lib/gcc/arm-none-eabi/9.3.1/thumb/v7-m/nofp/crti.o
LOAD c:/users/ika/desktop/gnu mcu/arm-none-eabi-gcc-9.3.1-1.1/bin/../lib/gcc/arm-none-eabi/9.3.1/thumb/v7-m/nofp/crtbegin.o
LOAD c:/users/ika/desktop/gnu mcu/arm-none-eabi-gcc-9.3.1-1.1/bin/../lib/gcc/arm-none-eabi/9.3.1/../../../../arm-none-eabi/lib/thumb/v7-m/nofp/crt0.o
LOAD build/main.o
LOAD build/stm32f1xx_it.o
LOAD build/stm32f1xx_hal_msp.o
LOAD build/stm32f1xx_hal_gpio_ex.o
LOAD build/stm32f1xx_hal_tim.o
LOAD build/stm32f1xx_hal_tim_ex.o
LOAD build/stm32f1xx_hal.o
LOAD build/stm32f1xx_hal_rcc.o
LOAD build/stm32f1xx_hal_rcc_ex.o
LOAD build/stm32f1xx_hal_gpio.o
LOAD build/stm32f1xx_hal_dma.o
LOAD build/stm32f1xx_hal_cortex.o
LOAD build/stm32f1xx_hal_pwr.o
LOAD build/stm32f1xx_hal_flash.o
LOAD build/stm32f1xx_hal_flash_ex.o
LOAD build/stm32f1xx_hal_exti.o
LOAD build/system_stm32f1xx.o
LOAD build/tim.o
LOAD build/gpio.o
LOAD build/casovnik.o
LOAD build/startup_stm32f103x6_init.o
LOAD c:/users/ika/desktop/gnu mcu/arm-none-eabi-gcc-9.3.1-1.1/bin/../lib/gcc/arm-none-eabi/9.3.1/../../../../arm-none-eabi/lib/thumb/v7-m/nofp\libc_nano.a
LOAD c:/users/ika/desktop/gnu mcu/arm-none-eabi-gcc-9.3.1-1.1/bin/../lib/gcc/arm-none-eabi/9.3.1/../../../../arm-none-eabi/lib/thumb/v7-m/nofp\libm.a
LOAD c:/users/ika/desktop/gnu mcu/arm-none-eabi-gcc-9.3.1-1.1/bin/../lib/gcc/arm-none-eabi/9.3.1/../../../../arm-none-eabi/lib/thumb/v7-m/nofp\libnosys.a
START GROUP
LOAD c:/users/ika/desktop/gnu mcu/arm-none-eabi-gcc-9.3.1-1.1/bin/../lib/gcc/arm-none-eabi/9.3.1/thumb/v7-m/nofp\libgcc.a
LOAD c:/users/ika/desktop/gnu mcu/arm-none-eabi-gcc-9.3.1-1.1/bin/../lib/gcc/arm-none-eabi/9.3.1/../../../../arm-none-eabi/lib/thumb/v7-m/nofp\libc_nano.a
END GROUP
START GROUP
LOAD c:/users/ika/desktop/gnu mcu/arm-none-eabi-gcc-9.3.1-1.1/bin/../lib/gcc/arm-none-eabi/9.3.1/thumb/v7-m/nofp\libgcc.a
LOAD c:/users/ika/desktop/gnu mcu/arm-none-eabi-gcc-9.3.1-1.1/bin/../lib/gcc/arm-none-eabi/9.3.1/../../../../arm-none-eabi/lib/thumb/v7-m/nofp\libc_nano.a
END GROUP
LOAD c:/users/ika/desktop/gnu mcu/arm-none-eabi-gcc-9.3.1-1.1/bin/../lib/gcc/arm-none-eabi/9.3.1/thumb/v7-m/nofp/crtend.o
LOAD c:/users/ika/desktop/gnu mcu/arm-none-eabi-gcc-9.3.1-1.1/bin/../lib/gcc/arm-none-eabi/9.3.1/thumb/v7-m/nofp/crtn.o
                0x0000000020002800                _estack = 0x20002800
                0x0000000000000200                _Min_Heap_Size = 0x200
                0x0000000000000400                _Min_Stack_Size = 0x400

.isr_vector     0x0000000008000000      0x10c
                0x0000000008000000                . = ALIGN (0x4)
 *(.isr_vector)
 .isr_vector    0x0000000008000000      0x10c build/startup_stm32f103x6_init.o
                0x0000000008000000                g_pfnVectors
                0x000000000800010c                . = ALIGN (0x4)

.text           0x000000000800010c     0x176c
                0x000000000800010c                . = ALIGN (0x4)
 *(.text)
 *(.text*)
 .text.__do_global_dtors_aux
                0x000000000800010c       0x24 c:/users/ika/desktop/gnu mcu/arm-none-eabi-gcc-9.3.1-1.1/bin/../lib/gcc/arm-none-eabi/9.3.1/thumb/v7-m/nofp/crtbegin.o
 .text.frame_dummy
                0x0000000008000130       0x1c c:/users/ika/desktop/gnu mcu/arm-none-eabi-gcc-9.3.1-1.1/bin/../lib/gcc/arm-none-eabi/9.3.1/thumb/v7-m/nofp/crtbegin.o
 .text.SystemClock_Config
                0x000000000800014c       0x54 build/main.o
                0x000000000800014c                SystemClock_Config
 .text.main     0x00000000080001a0       0x48 build/main.o
                0x00000000080001a0                main
 .text.Error_Handler
                0x00000000080001e8        0x2 build/main.o
                0x00000000080001e8                Error_Handler
 .text.NMI_Handler
                0x00000000080001ea        0x2 build/stm32f1xx_it.o
                0x00000000080001ea                NMI_Handler
 .text.HardFault_Handler
                0x00000000080001ec        0x2 build/stm32f1xx_it.o
                0x00000000080001ec                HardFault_Handler
 .text.MemManage_Handler
                0x00000000080001ee        0x2 build/stm32f1xx_it.o
                0x00000000080001ee                MemManage_Handler
 .text.BusFault_Handler
                0x00000000080001f0        0x2 build/stm32f1xx_it.o
                0x00000000080001f0                BusFault_Handler
 .text.UsageFault_Handler
                0x00000000080001f2        0x2 build/stm32f1xx_it.o
                0x00000000080001f2                UsageFault_Handler
 .text.SVC_Handler
                0x00000000080001f4        0x2 build/stm32f1xx_it.o
                0x00000000080001f4                SVC_Handler
 .text.DebugMon_Handler
                0x00000000080001f6        0x2 build/stm32f1xx_it.o
                0x00000000080001f6                DebugMon_Handler
 .text.PendSV_Handler
                0x00000000080001f8        0x2 build/stm32f1xx_it.o
                0x00000000080001f8                PendSV_Handler
 *fill*         0x00000000080001fa        0x2 
 .text.SysTick_Handler
                0x00000000080001fc        0xc build/stm32f1xx_it.o
                0x00000000080001fc                SysTick_Handler
 .text.EXTI9_5_IRQHandler
                0x0000000008000208       0x14 build/stm32f1xx_it.o
                0x0000000008000208                EXTI9_5_IRQHandler
 .text.TIM1_UP_IRQHandler
                0x000000000800021c       0x14 build/stm32f1xx_it.o
                0x000000000800021c                TIM1_UP_IRQHandler
 .text.TIM1_CC_IRQHandler
                0x0000000008000230       0x14 build/stm32f1xx_it.o
                0x0000000008000230                TIM1_CC_IRQHandler
 .text.HAL_MspInit
                0x0000000008000244       0x44 build/stm32f1xx_hal_msp.o
                0x0000000008000244                HAL_MspInit
 .text.TIM_TI1_ConfigInputStage
                0x0000000008000288       0x24 build/stm32f1xx_hal_tim.o
 .text.TIM_TI2_SetConfig
                0x00000000080002ac       0x34 build/stm32f1xx_hal_tim.o
 .text.TIM_TI2_ConfigInputStage
                0x00000000080002e0       0x26 build/stm32f1xx_hal_tim.o
 .text.TIM_TI3_SetConfig
                0x0000000008000306       0x32 build/stm32f1xx_hal_tim.o
 .text.TIM_TI4_SetConfig
                0x0000000008000338       0x34 build/stm32f1xx_hal_tim.o
 .text.TIM_ITRx_SetConfig
                0x000000000800036c       0x10 build/stm32f1xx_hal_tim.o
 .text.HAL_TIM_Base_Start_IT
                0x000000000800037c       0x60 build/stm32f1xx_hal_tim.o
                0x000000000800037c                HAL_TIM_Base_Start_IT
 .text.HAL_TIM_IC_MspInit
                0x00000000080003dc        0x2 build/stm32f1xx_hal_tim.o
                0x00000000080003dc                HAL_TIM_IC_MspInit
 .text.HAL_TIM_OC_DelayElapsedCallback
                0x00000000080003de        0x2 build/stm32f1xx_hal_tim.o
                0x00000000080003de                HAL_TIM_OC_DelayElapsedCallback
 .text.HAL_TIM_IC_CaptureCallback
                0x00000000080003e0        0x2 build/stm32f1xx_hal_tim.o
                0x00000000080003e0                HAL_TIM_IC_CaptureCallback
 .text.HAL_TIM_PWM_PulseFinishedCallback
                0x00000000080003e2        0x2 build/stm32f1xx_hal_tim.o
                0x00000000080003e2                HAL_TIM_PWM_PulseFinishedCallback
 .text.HAL_TIM_TriggerCallback
                0x00000000080003e4        0x2 build/stm32f1xx_hal_tim.o
                0x00000000080003e4                HAL_TIM_TriggerCallback
 *fill*         0x00000000080003e6        0x2 
 .text.HAL_TIM_IRQHandler
                0x00000000080003e8      0x198 build/stm32f1xx_hal_tim.o
                0x00000000080003e8                HAL_TIM_IRQHandler
 .text.TIM_Base_SetConfig
                0x0000000008000580       0x64 build/stm32f1xx_hal_tim.o
                0x0000000008000580                TIM_Base_SetConfig
 .text.HAL_TIM_Base_Init
                0x00000000080005e4       0x60 build/stm32f1xx_hal_tim.o
                0x00000000080005e4                HAL_TIM_Base_Init
 .text.HAL_TIM_IC_Init
                0x0000000008000644       0x60 build/stm32f1xx_hal_tim.o
                0x0000000008000644                HAL_TIM_IC_Init
 .text.TIM_TI1_SetConfig
                0x00000000080006a4       0x50 build/stm32f1xx_hal_tim.o
                0x00000000080006a4                TIM_TI1_SetConfig
 .text.HAL_TIM_IC_ConfigChannel
                0x00000000080006f4       0xc4 build/stm32f1xx_hal_tim.o
                0x00000000080006f4                HAL_TIM_IC_ConfigChannel
 .text.TIM_ETR_SetConfig
                0x00000000080007b8       0x16 build/stm32f1xx_hal_tim.o
                0x00000000080007b8                TIM_ETR_SetConfig
 *fill*         0x00000000080007ce        0x2 
 .text.HAL_TIM_ConfigClockSource
                0x00000000080007d0       0xec build/stm32f1xx_hal_tim.o
                0x00000000080007d0                HAL_TIM_ConfigClockSource
 .text.TIM_CCxChannelCmd
                0x00000000080008bc       0x22 build/stm32f1xx_hal_tim.o
                0x00000000080008bc                TIM_CCxChannelCmd
 *fill*         0x00000000080008de        0x2 
 .text.HAL_TIM_IC_Start_IT
                0x00000000080008e0      0x14c build/stm32f1xx_hal_tim.o
                0x00000000080008e0                HAL_TIM_IC_Start_IT
 .text.HAL_TIMEx_MasterConfigSynchronization
                0x0000000008000a2c       0x60 build/stm32f1xx_hal_tim_ex.o
                0x0000000008000a2c                HAL_TIMEx_MasterConfigSynchronization
 .text.HAL_TIMEx_CommutCallback
                0x0000000008000a8c        0x2 build/stm32f1xx_hal_tim_ex.o
                0x0000000008000a8c                HAL_TIMEx_CommutCallback
 .text.HAL_TIMEx_BreakCallback
                0x0000000008000a8e        0x2 build/stm32f1xx_hal_tim_ex.o
                0x0000000008000a8e                HAL_TIMEx_BreakCallback
 .text.HAL_InitTick
                0x0000000008000a90       0x54 build/stm32f1xx_hal.o
                0x0000000008000a90                HAL_InitTick
 .text.HAL_Init
                0x0000000008000ae4       0x30 build/stm32f1xx_hal.o
                0x0000000008000ae4                HAL_Init
 .text.HAL_IncTick
                0x0000000008000b14       0x18 build/stm32f1xx_hal.o
                0x0000000008000b14                HAL_IncTick
 .text.HAL_GetTick
                0x0000000008000b2c        0xc build/stm32f1xx_hal.o
                0x0000000008000b2c                HAL_GetTick
 .text.RCC_Delay
                0x0000000008000b38       0x2c build/stm32f1xx_hal_rcc.o
 .text.HAL_RCC_OscConfig
                0x0000000008000b64      0x41c build/stm32f1xx_hal_rcc.o
                0x0000000008000b64                HAL_RCC_OscConfig
 .text.HAL_RCC_GetSysClockFreq
                0x0000000008000f80       0x6c build/stm32f1xx_hal_rcc.o
                0x0000000008000f80                HAL_RCC_GetSysClockFreq
 .text.HAL_RCC_ClockConfig
                0x0000000008000fec      0x178 build/stm32f1xx_hal_rcc.o
                0x0000000008000fec                HAL_RCC_ClockConfig
 .text.HAL_GPIO_Init
                0x0000000008001164      0x218 build/stm32f1xx_hal_gpio.o
                0x0000000008001164                HAL_GPIO_Init
 .text.HAL_GPIO_WritePin
                0x000000000800137c        0xc build/stm32f1xx_hal_gpio.o
                0x000000000800137c                HAL_GPIO_WritePin
 .text.HAL_GPIO_EXTI_IRQHandler
                0x0000000008001388       0x20 build/stm32f1xx_hal_gpio.o
                0x0000000008001388                HAL_GPIO_EXTI_IRQHandler
 .text.HAL_NVIC_SetPriorityGrouping
                0x00000000080013a8       0x24 build/stm32f1xx_hal_cortex.o
                0x00000000080013a8                HAL_NVIC_SetPriorityGrouping
 .text.HAL_NVIC_SetPriority
                0x00000000080013cc       0x68 build/stm32f1xx_hal_cortex.o
                0x00000000080013cc                HAL_NVIC_SetPriority
 .text.HAL_NVIC_EnableIRQ
                0x0000000008001434       0x1c build/stm32f1xx_hal_cortex.o
                0x0000000008001434                HAL_NVIC_EnableIRQ
 .text.HAL_SYSTICK_Config
                0x0000000008001450       0x2c build/stm32f1xx_hal_cortex.o
                0x0000000008001450                HAL_SYSTICK_Config
 .text.SystemInit
                0x000000000800147c        0x2 build/system_stm32f1xx.o
                0x000000000800147c                SystemInit
 *fill*         0x000000000800147e        0x2 
 .text.MX_TIM1_Init
                0x0000000008001480       0xbc build/tim.o
                0x0000000008001480                MX_TIM1_Init
 .text.HAL_TIM_Base_MspInit
                0x000000000800153c       0x88 build/tim.o
                0x000000000800153c                HAL_TIM_Base_MspInit
 .text.MX_GPIO_Init
                0x00000000080015c4       0xf0 build/gpio.o
                0x00000000080015c4                MX_GPIO_Init
 .text.casovnik
                0x00000000080016b4       0x14 build/casovnik.o
                0x00000000080016b4                casovnik
 .text.HAL_GPIO_EXTI_Callback
                0x00000000080016c8       0x20 build/casovnik.o
                0x00000000080016c8                HAL_GPIO_EXTI_Callback
 .text.HAL_TIM_PeriodElapsedCallback
                0x00000000080016e8       0xd4 build/casovnik.o
                0x00000000080016e8                HAL_TIM_PeriodElapsedCallback
 .text.Reset_Handler
                0x00000000080017bc       0x48 build/startup_stm32f103x6_init.o
                0x00000000080017bc                Reset_Handler
 .text.Default_Handler
                0x0000000008001804        0x2 build/startup_stm32f103x6_init.o
                0x0000000008001804                RTC_Alarm_IRQHandler
                0x0000000008001804                EXTI2_IRQHandler
                0x0000000008001804                PVD_IRQHandler
                0x0000000008001804                EXTI3_IRQHandler
                0x0000000008001804                EXTI0_IRQHandler
                0x0000000008001804                ADC1_2_IRQHandler
                0x0000000008001804                SPI1_IRQHandler
                0x0000000008001804                TAMPER_IRQHandler
                0x0000000008001804                DMA1_Channel4_IRQHandler
                0x0000000008001804                RTC_IRQHandler
                0x0000000008001804                DMA1_Channel7_IRQHandler
                0x0000000008001804                CAN1_RX1_IRQHandler
                0x0000000008001804                I2C1_EV_IRQHandler
                0x0000000008001804                DMA1_Channel6_IRQHandler
                0x0000000008001804                TIM3_IRQHandler
                0x0000000008001804                RCC_IRQHandler
                0x0000000008001804                TIM1_TRG_COM_IRQHandler
                0x0000000008001804                DMA1_Channel1_IRQHandler
                0x0000000008001804                Default_Handler
                0x0000000008001804                EXTI15_10_IRQHandler
                0x0000000008001804                DMA1_Channel5_IRQHandler
                0x0000000008001804                EXTI4_IRQHandler
                0x0000000008001804                USB_LP_CAN1_RX0_IRQHandler
                0x0000000008001804                USB_HP_CAN1_TX_IRQHandler
                0x0000000008001804                DMA1_Channel3_IRQHandler
                0x0000000008001804                WWDG_IRQHandler
                0x0000000008001804                TIM2_IRQHandler
                0x0000000008001804                TIM1_BRK_IRQHandler
                0x0000000008001804                EXTI1_IRQHandler
                0x0000000008001804                USART2_IRQHandler
                0x0000000008001804                DMA1_Channel2_IRQHandler
                0x0000000008001804                CAN1_SCE_IRQHandler
                0x0000000008001804                FLASH_IRQHandler
                0x0000000008001804                USART1_IRQHandler
                0x0000000008001804                I2C1_ER_IRQHandler
                0x0000000008001804                USBWakeUp_IRQHandler
 *fill*         0x0000000008001806        0x2 
 .text.__libc_init_array
                0x0000000008001808       0x48 c:/users/ika/desktop/gnu mcu/arm-none-eabi-gcc-9.3.1-1.1/bin/../lib/gcc/arm-none-eabi/9.3.1/../../../../arm-none-eabi/lib/thumb/v7-m/nofp\libc_nano.a(lib_a-init.o)
                0x0000000008001808                __libc_init_array
 .text.memset   0x0000000008001850       0x10 c:/users/ika/desktop/gnu mcu/arm-none-eabi-gcc-9.3.1-1.1/bin/../lib/gcc/arm-none-eabi/9.3.1/../../../../arm-none-eabi/lib/thumb/v7-m/nofp\libc_nano.a(lib_a-memset.o)
                0x0000000008001850                memset
 *(.glue_7)
 .glue_7        0x0000000008001860        0x0 linker stubs
 *(.glue_7t)
 .glue_7t       0x0000000008001860        0x0 linker stubs
 *(.eh_frame)
 .eh_frame      0x0000000008001860        0x0 c:/users/ika/desktop/gnu mcu/arm-none-eabi-gcc-9.3.1-1.1/bin/../lib/gcc/arm-none-eabi/9.3.1/thumb/v7-m/nofp/crtbegin.o
 *(.init)
 .init          0x0000000008001860        0x4 c:/users/ika/desktop/gnu mcu/arm-none-eabi-gcc-9.3.1-1.1/bin/../lib/gcc/arm-none-eabi/9.3.1/thumb/v7-m/nofp/crti.o
                0x0000000008001860                _init
 .init          0x0000000008001864        0x8 c:/users/ika/desktop/gnu mcu/arm-none-eabi-gcc-9.3.1-1.1/bin/../lib/gcc/arm-none-eabi/9.3.1/thumb/v7-m/nofp/crtn.o
 *(.fini)
 .fini          0x000000000800186c        0x4 c:/users/ika/desktop/gnu mcu/arm-none-eabi-gcc-9.3.1-1.1/bin/../lib/gcc/arm-none-eabi/9.3.1/thumb/v7-m/nofp/crti.o
                0x000000000800186c                _fini
 .fini          0x0000000008001870        0x8 c:/users/ika/desktop/gnu mcu/arm-none-eabi-gcc-9.3.1-1.1/bin/../lib/gcc/arm-none-eabi/9.3.1/thumb/v7-m/nofp/crtn.o
                0x0000000008001878                . = ALIGN (0x4)
                0x0000000008001878                _etext = .

.vfp11_veneer   0x0000000008001878        0x0
 .vfp11_veneer  0x0000000008001878        0x0 linker stubs

.v4_bx          0x0000000008001878        0x0
 .v4_bx         0x0000000008001878        0x0 linker stubs

.iplt           0x0000000008001878        0x0
 .iplt          0x0000000008001878        0x0 c:/users/ika/desktop/gnu mcu/arm-none-eabi-gcc-9.3.1-1.1/bin/../lib/gcc/arm-none-eabi/9.3.1/thumb/v7-m/nofp/crtbegin.o

.rodata         0x0000000008001878       0x24
                0x0000000008001878                . = ALIGN (0x4)
 *(.rodata)
 *(.rodata*)
 .rodata.HAL_RCC_GetSysClockFreq.str1.4
                0x0000000008001878       0x11 build/stm32f1xx_hal_rcc.o
 *fill*         0x0000000008001889        0x3 
 .rodata.AHBPrescTable
                0x000000000800188c       0x10 build/system_stm32f1xx.o
                0x000000000800188c                AHBPrescTable
                0x000000000800189c                . = ALIGN (0x4)

.rel.dyn        0x000000000800189c        0x0
 .rel.iplt      0x000000000800189c        0x0 c:/users/ika/desktop/gnu mcu/arm-none-eabi-gcc-9.3.1-1.1/bin/../lib/gcc/arm-none-eabi/9.3.1/thumb/v7-m/nofp/crtbegin.o

.ARM.extab
 *(.ARM.extab* .gnu.linkonce.armextab.*)

.ARM            0x000000000800189c        0x0
                0x000000000800189c                __exidx_start = .
 *(.ARM.exidx*)
                0x000000000800189c                __exidx_end = .

.preinit_array  0x000000000800189c        0x0
                0x000000000800189c                PROVIDE (__preinit_array_start = .)
 *(.preinit_array*)
                0x000000000800189c                PROVIDE (__preinit_array_end = .)

.init_array     0x000000000800189c        0x4
                0x000000000800189c                PROVIDE (__init_array_start = .)
 *(SORT_BY_NAME(.init_array.*))
 *(.init_array*)
 .init_array    0x000000000800189c        0x4 c:/users/ika/desktop/gnu mcu/arm-none-eabi-gcc-9.3.1-1.1/bin/../lib/gcc/arm-none-eabi/9.3.1/thumb/v7-m/nofp/crtbegin.o
                0x00000000080018a0                PROVIDE (__init_array_end = .)

.fini_array     0x00000000080018a0        0x4
                [!provide]                        PROVIDE (__fini_array_start = .)
 *(SORT_BY_NAME(.fini_array.*))
 *(.fini_array*)
 .fini_array    0x00000000080018a0        0x4 c:/users/ika/desktop/gnu mcu/arm-none-eabi-gcc-9.3.1-1.1/bin/../lib/gcc/arm-none-eabi/9.3.1/thumb/v7-m/nofp/crtbegin.o
                [!provide]                        PROVIDE (__fini_array_end = .)
                0x00000000080018a4                _sidata = LOADADDR (.data)

.data           0x0000000020000000       0x18 load address 0x00000000080018a4
                0x0000000020000000                . = ALIGN (0x4)
                0x0000000020000000                _sdata = .
 *(.data)
 *(.data*)
 .data.uwTickFreq
                0x0000000020000000        0x1 build/stm32f1xx_hal.o
                0x0000000020000000                uwTickFreq
 *fill*         0x0000000020000001        0x3 
 .data.uwTickPrio
                0x0000000020000004        0x4 build/stm32f1xx_hal.o
                0x0000000020000004                uwTickPrio
 .data.SystemCoreClock
                0x0000000020000008        0x4 build/system_stm32f1xx.o
                0x0000000020000008                SystemCoreClock
 .data.seven_seg
                0x000000002000000c        0xa build/casovnik.o
                0x000000002000000c                seven_seg
                0x0000000020000018                . = ALIGN (0x4)
 *fill*         0x0000000020000016        0x2 
                0x0000000020000018                _edata = .

.igot.plt       0x0000000020000018        0x0 load address 0x00000000080018bc
 .igot.plt      0x0000000020000018        0x0 c:/users/ika/desktop/gnu mcu/arm-none-eabi-gcc-9.3.1-1.1/bin/../lib/gcc/arm-none-eabi/9.3.1/thumb/v7-m/nofp/crtbegin.o
                0x0000000020000018                . = ALIGN (0x4)

.bss            0x0000000020000018       0x8c load address 0x00000000080018bc
                0x0000000020000018                _sbss = .
                0x0000000020000018                __bss_start__ = _sbss
 *(.bss)
 *(.bss*)
 .bss.completed.8914
                0x0000000020000018        0x1 c:/users/ika/desktop/gnu mcu/arm-none-eabi-gcc-9.3.1-1.1/bin/../lib/gcc/arm-none-eabi/9.3.1/thumb/v7-m/nofp/crtbegin.o
 *fill*         0x0000000020000019        0x3 
 .bss.object.8919
                0x000000002000001c       0x18 c:/users/ika/desktop/gnu mcu/arm-none-eabi-gcc-9.3.1-1.1/bin/../lib/gcc/arm-none-eabi/9.3.1/thumb/v7-m/nofp/crtbegin.o
 .bss.cifre     0x0000000020000034       0x10 build/casovnik.o
                0x0000000020000034                cifre
 .bss.counter   0x0000000020000044        0x4 build/casovnik.o
                0x0000000020000044                counter
 .bss.fleg      0x0000000020000048        0x1 build/casovnik.o
                0x0000000020000048                fleg
 *fill*         0x0000000020000049        0x3 
 .bss.minuti    0x000000002000004c        0x4 build/casovnik.o
                0x000000002000004c                minuti
 .bss.sekunde   0x0000000020000050        0x4 build/casovnik.o
                0x0000000020000050                sekunde
 .bss.tekucaCifra
                0x0000000020000054        0x4 build/casovnik.o
                0x0000000020000054                tekucaCifra
 *(COMMON)
 COMMON         0x0000000020000058        0x4 build/stm32f1xx_hal.o
                0x0000000020000058                uwTick
 COMMON         0x000000002000005c       0x48 build/tim.o
                0x000000002000005c                htim1
                0x00000000200000a4                . = ALIGN (0x4)
                0x00000000200000a4                _ebss = .
                0x00000000200000a4                __bss_end__ = _ebss

._user_heap_stack
                0x00000000200000a4      0x604 load address 0x00000000080018bc
                0x00000000200000a8                . = ALIGN (0x8)
 *fill*         0x00000000200000a4        0x4 
                [!provide]                        PROVIDE (end = .)
                [!provide]                        PROVIDE (_end = .)
                0x00000000200002a8                . = (. + _Min_Heap_Size)
 *fill*         0x00000000200000a8      0x200 
                0x00000000200006a8                . = (. + _Min_Stack_Size)
 *fill*         0x00000000200002a8      0x400 
                0x00000000200006a8                . = ALIGN (0x8)

/DISCARD/
 libc.a(*)
 libm.a(*)
 libgcc.a(*)

.ARM.attributes
                0x0000000000000000       0x29
 *(.ARM.attributes)
 .ARM.attributes
                0x0000000000000000       0x1d c:/users/ika/desktop/gnu mcu/arm-none-eabi-gcc-9.3.1-1.1/bin/../lib/gcc/arm-none-eabi/9.3.1/thumb/v7-m/nofp/crti.o
 .ARM.attributes
                0x000000000000001d       0x2d c:/users/ika/desktop/gnu mcu/arm-none-eabi-gcc-9.3.1-1.1/bin/../lib/gcc/arm-none-eabi/9.3.1/thumb/v7-m/nofp/crtbegin.o
 .ARM.attributes
                0x000000000000004a       0x2d build/main.o
 .ARM.attributes
                0x0000000000000077       0x2d build/stm32f1xx_it.o
 .ARM.attributes
                0x00000000000000a4       0x2d build/stm32f1xx_hal_msp.o
 .ARM.attributes
                0x00000000000000d1       0x2d build/stm32f1xx_hal_tim.o
 .ARM.attributes
                0x00000000000000fe       0x2d build/stm32f1xx_hal_tim_ex.o
 .ARM.attributes
                0x000000000000012b       0x2d build/stm32f1xx_hal.o
 .ARM.attributes
                0x0000000000000158       0x2d build/stm32f1xx_hal_rcc.o
 .ARM.attributes
                0x0000000000000185       0x2d build/stm32f1xx_hal_gpio.o
 .ARM.attributes
                0x00000000000001b2       0x2d build/stm32f1xx_hal_cortex.o
 .ARM.attributes
                0x00000000000001df       0x2d build/system_stm32f1xx.o
 .ARM.attributes
                0x000000000000020c       0x2d build/tim.o
 .ARM.attributes
                0x0000000000000239       0x2d build/gpio.o
 .ARM.attributes
                0x0000000000000266       0x2d build/casovnik.o
 .ARM.attributes
                0x0000000000000293       0x21 build/startup_stm32f103x6_init.o
 .ARM.attributes
                0x00000000000002b4       0x2d c:/users/ika/desktop/gnu mcu/arm-none-eabi-gcc-9.3.1-1.1/bin/../lib/gcc/arm-none-eabi/9.3.1/../../../../arm-none-eabi/lib/thumb/v7-m/nofp\libc_nano.a(lib_a-init.o)
 .ARM.attributes
                0x00000000000002e1       0x2d c:/users/ika/desktop/gnu mcu/arm-none-eabi-gcc-9.3.1-1.1/bin/../lib/gcc/arm-none-eabi/9.3.1/../../../../arm-none-eabi/lib/thumb/v7-m/nofp\libc_nano.a(lib_a-memset.o)
 .ARM.attributes
                0x000000000000030e       0x1d c:/users/ika/desktop/gnu mcu/arm-none-eabi-gcc-9.3.1-1.1/bin/../lib/gcc/arm-none-eabi/9.3.1/thumb/v7-m/nofp/crtn.o
OUTPUT(build/code.elf elf32-littlearm)
LOAD linker stubs
LOAD c:/users/ika/desktop/gnu mcu/arm-none-eabi-gcc-9.3.1-1.1/bin/../lib/gcc/arm-none-eabi/9.3.1/../../../../arm-none-eabi/lib/thumb/v7-m/nofp\libc.a
LOAD c:/users/ika/desktop/gnu mcu/arm-none-eabi-gcc-9.3.1-1.1/bin/../lib/gcc/arm-none-eabi/9.3.1/../../../../arm-none-eabi/lib/thumb/v7-m/nofp\libm.a
LOAD c:/users/ika/desktop/gnu mcu/arm-none-eabi-gcc-9.3.1-1.1/bin/../lib/gcc/arm-none-eabi/9.3.1/thumb/v7-m/nofp\libgcc.a

.debug_info     0x0000000000000000     0xbdd3
 .debug_info    0x0000000000000000      0xa91 build/main.o
 .debug_info    0x0000000000000a91      0x92e build/stm32f1xx_it.o
 .debug_info    0x00000000000013bf      0x332 build/stm32f1xx_hal_msp.o
 .debug_info    0x00000000000016f1     0x3ebf build/stm32f1xx_hal_tim.o
 .debug_info    0x00000000000055b0     0x1c1a build/stm32f1xx_hal_tim_ex.o
 .debug_info    0x00000000000071ca      0x8c6 build/stm32f1xx_hal.o
 .debug_info    0x0000000000007a90      0xb67 build/stm32f1xx_hal_rcc.o
 .debug_info    0x00000000000085f7      0x7d1 build/stm32f1xx_hal_gpio.o
 .debug_info    0x0000000000008dc8      0xed9 build/stm32f1xx_hal_cortex.o
 .debug_info    0x0000000000009ca1      0x2f7 build/system_stm32f1xx.o
 .debug_info    0x0000000000009f98      0xeb0 build/tim.o
 .debug_info    0x000000000000ae48      0x610 build/gpio.o
 .debug_info    0x000000000000b458      0x959 build/casovnik.o
 .debug_info    0x000000000000bdb1       0x22 build/startup_stm32f103x6_init.o

.debug_abbrev   0x0000000000000000     0x1c15
 .debug_abbrev  0x0000000000000000      0x229 build/main.o
 .debug_abbrev  0x0000000000000229      0x1ce build/stm32f1xx_it.o
 .debug_abbrev  0x00000000000003f7      0x130 build/stm32f1xx_hal_msp.o
 .debug_abbrev  0x0000000000000527      0x2c3 build/stm32f1xx_hal_tim.o
 .debug_abbrev  0x00000000000007ea      0x2ab build/stm32f1xx_hal_tim_ex.o
 .debug_abbrev  0x0000000000000a95      0x21c build/stm32f1xx_hal.o
 .debug_abbrev  0x0000000000000cb1      0x2ad build/stm32f1xx_hal_rcc.o
 .debug_abbrev  0x0000000000000f5e      0x24f build/stm32f1xx_hal_gpio.o
 .debug_abbrev  0x00000000000011ad      0x37f build/stm32f1xx_hal_cortex.o
 .debug_abbrev  0x000000000000152c      0x153 build/system_stm32f1xx.o
 .debug_abbrev  0x000000000000167f      0x220 build/tim.o
 .debug_abbrev  0x000000000000189f      0x19b build/gpio.o
 .debug_abbrev  0x0000000000001a3a      0x1c9 build/casovnik.o
 .debug_abbrev  0x0000000000001c03       0x12 build/startup_stm32f103x6_init.o

.debug_loc      0x0000000000000000     0x90c8
 .debug_loc     0x0000000000000000       0x59 build/main.o
 .debug_loc     0x0000000000000059       0x80 build/stm32f1xx_it.o
 .debug_loc     0x00000000000000d9       0x41 build/stm32f1xx_hal_msp.o
 .debug_loc     0x000000000000011a     0x55c1 build/stm32f1xx_hal_tim.o
 .debug_loc     0x00000000000056db     0x209d build/stm32f1xx_hal_tim_ex.o
 .debug_loc     0x0000000000007778      0x1e1 build/stm32f1xx_hal.o
 .debug_loc     0x0000000000007959      0x7c0 build/stm32f1xx_hal_rcc.o
 .debug_loc     0x0000000000008119      0x532 build/stm32f1xx_hal_gpio.o
 .debug_loc     0x000000000000864b      0x7af build/stm32f1xx_hal_cortex.o
 .debug_loc     0x0000000000008dfa       0xff build/system_stm32f1xx.o
 .debug_loc     0x0000000000008ef9      0x10f build/tim.o
 .debug_loc     0x0000000000009008       0x39 build/gpio.o
 .debug_loc     0x0000000000009041       0x87 build/casovnik.o

.debug_aranges  0x0000000000000000      0x930
 .debug_aranges
                0x0000000000000000       0x30 build/main.o
 .debug_aranges
                0x0000000000000030       0x78 build/stm32f1xx_it.o
 .debug_aranges
                0x00000000000000a8       0x20 build/stm32f1xx_hal_msp.o
 .debug_aranges
                0x00000000000000c8      0x3d0 build/stm32f1xx_hal_tim.o
 .debug_aranges
                0x0000000000000498      0x168 build/stm32f1xx_hal_tim_ex.o
 .debug_aranges
                0x0000000000000600       0xe0 build/stm32f1xx_hal.o
 .debug_aranges
                0x00000000000006e0       0x90 build/stm32f1xx_hal_rcc.o
 .debug_aranges
                0x0000000000000770       0x58 build/stm32f1xx_hal_gpio.o
 .debug_aranges
                0x00000000000007c8       0x90 build/stm32f1xx_hal_cortex.o
 .debug_aranges
                0x0000000000000858       0x28 build/system_stm32f1xx.o
 .debug_aranges
                0x0000000000000880       0x30 build/tim.o
 .debug_aranges
                0x00000000000008b0       0x20 build/gpio.o
 .debug_aranges
                0x00000000000008d0       0x38 build/casovnik.o
 .debug_aranges
                0x0000000000000908       0x28 build/startup_stm32f103x6_init.o

.debug_ranges   0x0000000000000000      0x8d8
 .debug_ranges  0x0000000000000000       0x20 build/main.o
 .debug_ranges  0x0000000000000020       0x68 build/stm32f1xx_it.o
 .debug_ranges  0x0000000000000088       0x10 build/stm32f1xx_hal_msp.o
 .debug_ranges  0x0000000000000098      0x3c0 build/stm32f1xx_hal_tim.o
 .debug_ranges  0x0000000000000458      0x158 build/stm32f1xx_hal_tim_ex.o
 .debug_ranges  0x00000000000005b0       0xd0 build/stm32f1xx_hal.o
 .debug_ranges  0x0000000000000680       0xa0 build/stm32f1xx_hal_rcc.o
 .debug_ranges  0x0000000000000720       0x48 build/stm32f1xx_hal_gpio.o
 .debug_ranges  0x0000000000000768       0xe0 build/stm32f1xx_hal_cortex.o
 .debug_ranges  0x0000000000000848       0x18 build/system_stm32f1xx.o
 .debug_ranges  0x0000000000000860       0x20 build/tim.o
 .debug_ranges  0x0000000000000880       0x10 build/gpio.o
 .debug_ranges  0x0000000000000890       0x28 build/casovnik.o
 .debug_ranges  0x00000000000008b8       0x20 build/startup_stm32f103x6_init.o

.debug_line     0x0000000000000000     0x96a2
 .debug_line    0x0000000000000000      0x316 build/main.o
 .debug_line    0x0000000000000316      0x360 build/stm32f1xx_it.o
 .debug_line    0x0000000000000676      0x1ed build/stm32f1xx_hal_msp.o
 .debug_line    0x0000000000000863     0x4690 build/stm32f1xx_hal_tim.o
 .debug_line    0x0000000000004ef3     0x1c92 build/stm32f1xx_hal_tim_ex.o
 .debug_line    0x0000000000006b85      0x530 build/stm32f1xx_hal.o
 .debug_line    0x00000000000070b5      0xc4d build/stm32f1xx_hal_rcc.o
 .debug_line    0x0000000000007d02      0x621 build/stm32f1xx_hal_gpio.o
 .debug_line    0x0000000000008323      0x686 build/stm32f1xx_hal_cortex.o
 .debug_line    0x00000000000089a9      0x2a0 build/system_stm32f1xx.o
 .debug_line    0x0000000000008c49      0x3d3 build/tim.o
 .debug_line    0x000000000000901c      0x291 build/gpio.o
 .debug_line    0x00000000000092ad      0x372 build/casovnik.o
 .debug_line    0x000000000000961f       0x83 build/startup_stm32f103x6_init.o

.debug_str      0x0000000000000000     0x2ca5
 .debug_str     0x0000000000000000      0x857 build/main.o
                                        0x911 (size before relaxing)
 .debug_str     0x0000000000000857      0x127 build/stm32f1xx_it.o
                                        0x83e (size before relaxing)
 .debug_str     0x000000000000097e       0xa0 build/stm32f1xx_hal_msp.o
                                        0x2f4 (size before relaxing)
 .debug_str     0x0000000000000a1e      0xf16 build/stm32f1xx_hal_tim.o
                                       0x170d (size before relaxing)
 .debug_str     0x0000000000001934      0x5bd build/stm32f1xx_hal_tim_ex.o
                                        0xf37 (size before relaxing)
 .debug_str     0x0000000000001ef1      0x52b build/stm32f1xx_hal.o
                                        0x82e (size before relaxing)
 .debug_str     0x000000000000241c      0x226 build/stm32f1xx_hal_rcc.o
                                        0x6b7 (size before relaxing)
 .debug_str     0x0000000000002642      0x13f build/stm32f1xx_hal_gpio.o
                                        0x4d5 (size before relaxing)
 .debug_str     0x0000000000002781      0x3bb build/stm32f1xx_hal_cortex.o
                                        0x94a (size before relaxing)
 .debug_str     0x0000000000002b3c       0x52 build/system_stm32f1xx.o
                                        0x2eb (size before relaxing)
 .debug_str     0x0000000000002b8e       0x73 build/tim.o
                                        0xcd9 (size before relaxing)
 .debug_str     0x0000000000002c01       0x13 build/gpio.o
                                        0x615 (size before relaxing)
 .debug_str     0x0000000000002c14       0x5c build/casovnik.o
                                        0x7e1 (size before relaxing)
 .debug_str     0x0000000000002c70       0x35 build/startup_stm32f103x6_init.o
                                         0x6c (size before relaxing)

.comment        0x0000000000000000       0x43
 .comment       0x0000000000000000       0x43 build/main.o
                                         0x44 (size before relaxing)
 .comment       0x0000000000000043       0x44 build/stm32f1xx_it.o
 .comment       0x0000000000000043       0x44 build/stm32f1xx_hal_msp.o
 .comment       0x0000000000000043       0x44 build/stm32f1xx_hal_tim.o
 .comment       0x0000000000000043       0x44 build/stm32f1xx_hal_tim_ex.o
 .comment       0x0000000000000043       0x44 build/stm32f1xx_hal.o
 .comment       0x0000000000000043       0x44 build/stm32f1xx_hal_rcc.o
 .comment       0x0000000000000043       0x44 build/stm32f1xx_hal_gpio.o
 .comment       0x0000000000000043       0x44 build/stm32f1xx_hal_cortex.o
 .comment       0x0000000000000043       0x44 build/system_stm32f1xx.o
 .comment       0x0000000000000043       0x44 build/tim.o
 .comment       0x0000000000000043       0x44 build/gpio.o
 .comment       0x0000000000000043       0x44 build/casovnik.o

.debug_frame    0x0000000000000000     0x17b8
 .debug_frame   0x0000000000000000       0x58 build/main.o
 .debug_frame   0x0000000000000058       0xf0 build/stm32f1xx_it.o
 .debug_frame   0x0000000000000148       0x28 build/stm32f1xx_hal_msp.o
 .debug_frame   0x0000000000000170      0xb44 build/stm32f1xx_hal_tim.o
 .debug_frame   0x0000000000000cb4      0x418 build/stm32f1xx_hal_tim_ex.o
 .debug_frame   0x00000000000010cc      0x1cc build/stm32f1xx_hal.o
 .debug_frame   0x0000000000001298      0x190 build/stm32f1xx_hal_rcc.o
 .debug_frame   0x0000000000001428       0xe8 build/stm32f1xx_hal_gpio.o
 .debug_frame   0x0000000000001510      0x12c build/stm32f1xx_hal_cortex.o
 .debug_frame   0x000000000000163c       0x30 build/system_stm32f1xx.o
 .debug_frame   0x000000000000166c       0x6c build/tim.o
 .debug_frame   0x00000000000016d8       0x38 build/gpio.o
 .debug_frame   0x0000000000001710       0x5c build/casovnik.o
 .debug_frame   0x000000000000176c       0x2c c:/users/ika/desktop/gnu mcu/arm-none-eabi-gcc-9.3.1-1.1/bin/../lib/gcc/arm-none-eabi/9.3.1/../../../../arm-none-eabi/lib/thumb/v7-m/nofp\libc_nano.a(lib_a-init.o)
 .debug_frame   0x0000000000001798       0x20 c:/users/ika/desktop/gnu mcu/arm-none-eabi-gcc-9.3.1-1.1/bin/../lib/gcc/arm-none-eabi/9.3.1/../../../../arm-none-eabi/lib/thumb/v7-m/nofp\libc_nano.a(lib_a-memset.o)

Cross Reference Table

Symbol                                            File
ADC1_2_IRQHandler                                 build/startup_stm32f103x6_init.o
AHBPrescTable                                     build/system_stm32f1xx.o
                                                  build/stm32f1xx_hal_rcc.o
APBPrescTable                                     build/system_stm32f1xx.o
                                                  build/stm32f1xx_hal_rcc.o
BusFault_Handler                                  build/stm32f1xx_it.o
CAN1_RX1_IRQHandler                               build/startup_stm32f103x6_init.o
CAN1_SCE_IRQHandler                               build/startup_stm32f103x6_init.o
DMA1_Channel1_IRQHandler                          build/startup_stm32f103x6_init.o
DMA1_Channel2_IRQHandler                          build/startup_stm32f103x6_init.o
DMA1_Channel3_IRQHandler                          build/startup_stm32f103x6_init.o
DMA1_Channel4_IRQHandler                          build/startup_stm32f103x6_init.o
DMA1_Channel5_IRQHandler                          build/startup_stm32f103x6_init.o
DMA1_Channel6_IRQHandler                          build/startup_stm32f103x6_init.o
DMA1_Channel7_IRQHandler                          build/startup_stm32f103x6_init.o
DebugMon_Handler                                  build/stm32f1xx_it.o
Default_Handler                                   build/startup_stm32f103x6_init.o
EXTI0_IRQHandler                                  build/startup_stm32f103x6_init.o
EXTI15_10_IRQHandler                              build/startup_stm32f103x6_init.o
EXTI1_IRQHandler                                  build/startup_stm32f103x6_init.o
EXTI2_IRQHandler                                  build/startup_stm32f103x6_init.o
EXTI3_IRQHandler                                  build/startup_stm32f103x6_init.o
EXTI4_IRQHandler                                  build/startup_stm32f103x6_init.o
EXTI9_5_IRQHandler                                build/stm32f1xx_it.o
Error_Handler                                     build/main.o
                                                  build/tim.o
FLASH_IRQHandler                                  build/startup_stm32f103x6_init.o
FLASH_PageErase                                   build/stm32f1xx_hal_flash_ex.o
                                                  build/stm32f1xx_hal_flash.o
FLASH_WaitForLastOperation                        build/stm32f1xx_hal_flash.o
                                                  build/stm32f1xx_hal_flash_ex.o
HAL_DBGMCU_DisableDBGSleepMode                    build/stm32f1xx_hal.o
HAL_DBGMCU_DisableDBGStandbyMode                  build/stm32f1xx_hal.o
HAL_DBGMCU_DisableDBGStopMode                     build/stm32f1xx_hal.o
HAL_DBGMCU_EnableDBGSleepMode                     build/stm32f1xx_hal.o
HAL_DBGMCU_EnableDBGStandbyMode                   build/stm32f1xx_hal.o
HAL_DBGMCU_EnableDBGStopMode                      build/stm32f1xx_hal.o
HAL_DMA_Abort                                     build/stm32f1xx_hal_dma.o
HAL_DMA_Abort_IT                                  build/stm32f1xx_hal_dma.o
                                                  build/stm32f1xx_hal_tim_ex.o
                                                  build/stm32f1xx_hal_tim.o
HAL_DMA_DeInit                                    build/stm32f1xx_hal_dma.o
HAL_DMA_GetError                                  build/stm32f1xx_hal_dma.o
HAL_DMA_GetState                                  build/stm32f1xx_hal_dma.o
HAL_DMA_IRQHandler                                build/stm32f1xx_hal_dma.o
HAL_DMA_Init                                      build/stm32f1xx_hal_dma.o
HAL_DMA_PollForTransfer                           build/stm32f1xx_hal_dma.o
HAL_DMA_RegisterCallback                          build/stm32f1xx_hal_dma.o
HAL_DMA_Start                                     build/stm32f1xx_hal_dma.o
HAL_DMA_Start_IT                                  build/stm32f1xx_hal_dma.o
                                                  build/stm32f1xx_hal_tim_ex.o
                                                  build/stm32f1xx_hal_tim.o
HAL_DMA_UnRegisterCallback                        build/stm32f1xx_hal_dma.o
HAL_DeInit                                        build/stm32f1xx_hal.o
HAL_Delay                                         build/stm32f1xx_hal.o
HAL_EXTI_ClearConfigLine                          build/stm32f1xx_hal_exti.o
HAL_EXTI_ClearPending                             build/stm32f1xx_hal_exti.o
HAL_EXTI_GenerateSWI                              build/stm32f1xx_hal_exti.o
HAL_EXTI_GetConfigLine                            build/stm32f1xx_hal_exti.o
HAL_EXTI_GetHandle                                build/stm32f1xx_hal_exti.o
HAL_EXTI_GetPending                               build/stm32f1xx_hal_exti.o
HAL_EXTI_IRQHandler                               build/stm32f1xx_hal_exti.o
HAL_EXTI_RegisterCallback                         build/stm32f1xx_hal_exti.o
HAL_EXTI_SetConfigLine                            build/stm32f1xx_hal_exti.o
HAL_FLASHEx_Erase                                 build/stm32f1xx_hal_flash_ex.o
HAL_FLASHEx_Erase_IT                              build/stm32f1xx_hal_flash_ex.o
HAL_FLASHEx_OBErase                               build/stm32f1xx_hal_flash_ex.o
HAL_FLASHEx_OBGetConfig                           build/stm32f1xx_hal_flash_ex.o
HAL_FLASHEx_OBGetUserData                         build/stm32f1xx_hal_flash_ex.o
HAL_FLASHEx_OBProgram                             build/stm32f1xx_hal_flash_ex.o
HAL_FLASH_EndOfOperationCallback                  build/stm32f1xx_hal_flash.o
HAL_FLASH_GetError                                build/stm32f1xx_hal_flash.o
HAL_FLASH_IRQHandler                              build/stm32f1xx_hal_flash.o
HAL_FLASH_Lock                                    build/stm32f1xx_hal_flash.o
HAL_FLASH_OB_Launch                               build/stm32f1xx_hal_flash.o
HAL_FLASH_OB_Lock                                 build/stm32f1xx_hal_flash.o
HAL_FLASH_OB_Unlock                               build/stm32f1xx_hal_flash.o
HAL_FLASH_OperationErrorCallback                  build/stm32f1xx_hal_flash.o
HAL_FLASH_Program                                 build/stm32f1xx_hal_flash.o
HAL_FLASH_Program_IT                              build/stm32f1xx_hal_flash.o
HAL_FLASH_Unlock                                  build/stm32f1xx_hal_flash.o
HAL_GPIOEx_ConfigEventout                         build/stm32f1xx_hal_gpio_ex.o
HAL_GPIOEx_DisableEventout                        build/stm32f1xx_hal_gpio_ex.o
HAL_GPIOEx_EnableEventout                         build/stm32f1xx_hal_gpio_ex.o
HAL_GPIO_DeInit                                   build/stm32f1xx_hal_gpio.o
                                                  build/tim.o
HAL_GPIO_EXTI_Callback                            build/casovnik.o
                                                  build/stm32f1xx_hal_gpio.o
HAL_GPIO_EXTI_IRQHandler                          build/stm32f1xx_hal_gpio.o
                                                  build/stm32f1xx_it.o
HAL_GPIO_Init                                     build/stm32f1xx_hal_gpio.o
                                                  build/gpio.o
                                                  build/tim.o
                                                  build/stm32f1xx_hal_rcc.o
HAL_GPIO_LockPin                                  build/stm32f1xx_hal_gpio.o
HAL_GPIO_ReadPin                                  build/stm32f1xx_hal_gpio.o
HAL_GPIO_TogglePin                                build/stm32f1xx_hal_gpio.o
HAL_GPIO_WritePin                                 build/stm32f1xx_hal_gpio.o
                                                  build/gpio.o
HAL_GetDEVID                                      build/stm32f1xx_hal.o
HAL_GetHalVersion                                 build/stm32f1xx_hal.o
HAL_GetREVID                                      build/stm32f1xx_hal.o
HAL_GetTick                                       build/stm32f1xx_hal.o
                                                  build/stm32f1xx_hal_flash.o
                                                  build/stm32f1xx_hal_dma.o
                                                  build/stm32f1xx_hal_rcc_ex.o
                                                  build/stm32f1xx_hal_rcc.o
HAL_GetTickFreq                                   build/stm32f1xx_hal.o
HAL_GetTickPrio                                   build/stm32f1xx_hal.o
HAL_GetUIDw0                                      build/stm32f1xx_hal.o
HAL_GetUIDw1                                      build/stm32f1xx_hal.o
HAL_GetUIDw2                                      build/stm32f1xx_hal.o
HAL_IncTick                                       build/stm32f1xx_hal.o
                                                  build/stm32f1xx_it.o
HAL_Init                                          build/stm32f1xx_hal.o
                                                  build/main.o
HAL_InitTick                                      build/stm32f1xx_hal.o
                                                  build/stm32f1xx_hal_rcc.o
HAL_MspDeInit                                     build/stm32f1xx_hal.o
HAL_MspInit                                       build/stm32f1xx_hal_msp.o
HAL_NVIC_ClearPendingIRQ                          build/stm32f1xx_hal_cortex.o
HAL_NVIC_DisableIRQ                               build/stm32f1xx_hal_cortex.o
                                                  build/tim.o
HAL_NVIC_EnableIRQ                                build/stm32f1xx_hal_cortex.o
                                                  build/gpio.o
                                                  build/tim.o
HAL_NVIC_GetActive                                build/stm32f1xx_hal_cortex.o
HAL_NVIC_GetPendingIRQ                            build/stm32f1xx_hal_cortex.o
HAL_NVIC_GetPriority                              build/stm32f1xx_hal_cortex.o
HAL_NVIC_GetPriorityGrouping                      build/stm32f1xx_hal_cortex.o
HAL_NVIC_SetPendingIRQ                            build/stm32f1xx_hal_cortex.o
HAL_NVIC_SetPriority                              build/stm32f1xx_hal_cortex.o
                                                  build/gpio.o
                                                  build/tim.o
                                                  build/stm32f1xx_hal.o
HAL_NVIC_SetPriorityGrouping                      build/stm32f1xx_hal_cortex.o
                                                  build/stm32f1xx_hal.o
HAL_NVIC_SystemReset                              build/stm32f1xx_hal_cortex.o
                                                  build/stm32f1xx_hal_flash.o
HAL_PWR_ConfigPVD                                 build/stm32f1xx_hal_pwr.o
HAL_PWR_DeInit                                    build/stm32f1xx_hal_pwr.o
HAL_PWR_DisableBkUpAccess                         build/stm32f1xx_hal_pwr.o
HAL_PWR_DisablePVD                                build/stm32f1xx_hal_pwr.o
HAL_PWR_DisableSEVOnPend                          build/stm32f1xx_hal_pwr.o
HAL_PWR_DisableSleepOnExit                        build/stm32f1xx_hal_pwr.o
HAL_PWR_DisableWakeUpPin                          build/stm32f1xx_hal_pwr.o
HAL_PWR_EnableBkUpAccess                          build/stm32f1xx_hal_pwr.o
HAL_PWR_EnablePVD                                 build/stm32f1xx_hal_pwr.o
HAL_PWR_EnableSEVOnPend                           build/stm32f1xx_hal_pwr.o
HAL_PWR_EnableSleepOnExit                         build/stm32f1xx_hal_pwr.o
HAL_PWR_EnableWakeUpPin                           build/stm32f1xx_hal_pwr.o
HAL_PWR_EnterSLEEPMode                            build/stm32f1xx_hal_pwr.o
HAL_PWR_EnterSTANDBYMode                          build/stm32f1xx_hal_pwr.o
HAL_PWR_EnterSTOPMode                             build/stm32f1xx_hal_pwr.o
HAL_PWR_PVDCallback                               build/stm32f1xx_hal_pwr.o
HAL_PWR_PVD_IRQHandler                            build/stm32f1xx_hal_pwr.o
HAL_RCCEx_GetPeriphCLKConfig                      build/stm32f1xx_hal_rcc_ex.o
HAL_RCCEx_GetPeriphCLKFreq                        build/stm32f1xx_hal_rcc_ex.o
HAL_RCCEx_PeriphCLKConfig                         build/stm32f1xx_hal_rcc_ex.o
HAL_RCC_CSSCallback                               build/stm32f1xx_hal_rcc.o
HAL_RCC_ClockConfig                               build/stm32f1xx_hal_rcc.o
                                                  build/main.o
HAL_RCC_DeInit                                    build/stm32f1xx_hal_rcc.o
HAL_RCC_DisableCSS                                build/stm32f1xx_hal_rcc.o
HAL_RCC_EnableCSS                                 build/stm32f1xx_hal_rcc.o
HAL_RCC_GetClockConfig                            build/stm32f1xx_hal_rcc.o
HAL_RCC_GetHCLKFreq                               build/stm32f1xx_hal_rcc.o
HAL_RCC_GetOscConfig                              build/stm32f1xx_hal_rcc.o
HAL_RCC_GetPCLK1Freq                              build/stm32f1xx_hal_rcc.o
HAL_RCC_GetPCLK2Freq                              build/stm32f1xx_hal_rcc.o
                                                  build/stm32f1xx_hal_rcc_ex.o
HAL_RCC_GetSysClockFreq                           build/stm32f1xx_hal_rcc.o
HAL_RCC_MCOConfig                                 build/stm32f1xx_hal_rcc.o
HAL_RCC_NMI_IRQHandler                            build/stm32f1xx_hal_rcc.o
HAL_RCC_OscConfig                                 build/stm32f1xx_hal_rcc.o
                                                  build/main.o
HAL_ResumeTick                                    build/stm32f1xx_hal.o
HAL_SYSTICK_CLKSourceConfig                       build/stm32f1xx_hal_cortex.o
HAL_SYSTICK_Callback                              build/stm32f1xx_hal_cortex.o
HAL_SYSTICK_Config                                build/stm32f1xx_hal_cortex.o
                                                  build/stm32f1xx_hal.o
HAL_SYSTICK_IRQHandler                            build/stm32f1xx_hal_cortex.o
HAL_SetTickFreq                                   build/stm32f1xx_hal.o
HAL_SuspendTick                                   build/stm32f1xx_hal.o
HAL_TIMEx_BreakCallback                           build/stm32f1xx_hal_tim_ex.o
                                                  build/stm32f1xx_hal_tim.o
HAL_TIMEx_CommutCallback                          build/stm32f1xx_hal_tim_ex.o
                                                  build/stm32f1xx_hal_tim.o
HAL_TIMEx_CommutHalfCpltCallback                  build/stm32f1xx_hal_tim_ex.o
HAL_TIMEx_ConfigBreakDeadTime                     build/stm32f1xx_hal_tim_ex.o
HAL_TIMEx_ConfigCommutEvent                       build/stm32f1xx_hal_tim_ex.o
HAL_TIMEx_ConfigCommutEvent_DMA                   build/stm32f1xx_hal_tim_ex.o
HAL_TIMEx_ConfigCommutEvent_IT                    build/stm32f1xx_hal_tim_ex.o
HAL_TIMEx_GetChannelNState                        build/stm32f1xx_hal_tim_ex.o
HAL_TIMEx_HallSensor_DeInit                       build/stm32f1xx_hal_tim_ex.o
HAL_TIMEx_HallSensor_GetState                     build/stm32f1xx_hal_tim_ex.o
HAL_TIMEx_HallSensor_Init                         build/stm32f1xx_hal_tim_ex.o
HAL_TIMEx_HallSensor_MspDeInit                    build/stm32f1xx_hal_tim_ex.o
HAL_TIMEx_HallSensor_MspInit                      build/stm32f1xx_hal_tim_ex.o
HAL_TIMEx_HallSensor_Start                        build/stm32f1xx_hal_tim_ex.o
HAL_TIMEx_HallSensor_Start_DMA                    build/stm32f1xx_hal_tim_ex.o
HAL_TIMEx_HallSensor_Start_IT                     build/stm32f1xx_hal_tim_ex.o
HAL_TIMEx_HallSensor_Stop                         build/stm32f1xx_hal_tim_ex.o
HAL_TIMEx_HallSensor_Stop_DMA                     build/stm32f1xx_hal_tim_ex.o
HAL_TIMEx_HallSensor_Stop_IT                      build/stm32f1xx_hal_tim_ex.o
HAL_TIMEx_MasterConfigSynchronization             build/stm32f1xx_hal_tim_ex.o
                                                  build/tim.o
HAL_TIMEx_OCN_Start                               build/stm32f1xx_hal_tim_ex.o
HAL_TIMEx_OCN_Start_DMA                           build/stm32f1xx_hal_tim_ex.o
HAL_TIMEx_OCN_Start_IT                            build/stm32f1xx_hal_tim_ex.o
HAL_TIMEx_OCN_Stop                                build/stm32f1xx_hal_tim_ex.o
HAL_TIMEx_OCN_Stop_DMA                            build/stm32f1xx_hal_tim_ex.o
HAL_TIMEx_OCN_Stop_IT                             build/stm32f1xx_hal_tim_ex.o
HAL_TIMEx_OnePulseN_Start                         build/stm32f1xx_hal_tim_ex.o
HAL_TIMEx_OnePulseN_Start_IT                      build/stm32f1xx_hal_tim_ex.o
HAL_TIMEx_OnePulseN_Stop                          build/stm32f1xx_hal_tim_ex.o
HAL_TIMEx_OnePulseN_Stop_IT                       build/stm32f1xx_hal_tim_ex.o
HAL_TIMEx_PWMN_Start                              build/stm32f1xx_hal_tim_ex.o
HAL_TIMEx_PWMN_Start_DMA                          build/stm32f1xx_hal_tim_ex.o
HAL_TIMEx_PWMN_Start_IT                           build/stm32f1xx_hal_tim_ex.o
HAL_TIMEx_PWMN_Stop                               build/stm32f1xx_hal_tim_ex.o
HAL_TIMEx_PWMN_Stop_DMA                           build/stm32f1xx_hal_tim_ex.o
HAL_TIMEx_PWMN_Stop_IT                            build/stm32f1xx_hal_tim_ex.o
HAL_TIMEx_RemapConfig                             build/stm32f1xx_hal_tim_ex.o
HAL_TIM_Base_DeInit                               build/stm32f1xx_hal_tim.o
HAL_TIM_Base_GetState                             build/stm32f1xx_hal_tim.o
HAL_TIM_Base_Init                                 build/stm32f1xx_hal_tim.o
                                                  build/tim.o
HAL_TIM_Base_MspDeInit                            build/tim.o
                                                  build/stm32f1xx_hal_tim.o
HAL_TIM_Base_MspInit                              build/tim.o
                                                  build/stm32f1xx_hal_tim.o
HAL_TIM_Base_Start                                build/stm32f1xx_hal_tim.o
HAL_TIM_Base_Start_DMA                            build/stm32f1xx_hal_tim.o
HAL_TIM_Base_Start_IT                             build/stm32f1xx_hal_tim.o
                                                  build/main.o
HAL_TIM_Base_Stop                                 build/stm32f1xx_hal_tim.o
HAL_TIM_Base_Stop_DMA                             build/stm32f1xx_hal_tim.o
HAL_TIM_Base_Stop_IT                              build/stm32f1xx_hal_tim.o
HAL_TIM_ConfigClockSource                         build/stm32f1xx_hal_tim.o
                                                  build/tim.o
HAL_TIM_ConfigOCrefClear                          build/stm32f1xx_hal_tim.o
HAL_TIM_ConfigTI1Input                            build/stm32f1xx_hal_tim.o
HAL_TIM_DMABurstState                             build/stm32f1xx_hal_tim.o
HAL_TIM_DMABurst_MultiReadStart                   build/stm32f1xx_hal_tim.o
HAL_TIM_DMABurst_MultiWriteStart                  build/stm32f1xx_hal_tim.o
HAL_TIM_DMABurst_ReadStart                        build/stm32f1xx_hal_tim.o
HAL_TIM_DMABurst_ReadStop                         build/stm32f1xx_hal_tim.o
HAL_TIM_DMABurst_WriteStart                       build/stm32f1xx_hal_tim.o
HAL_TIM_DMABurst_WriteStop                        build/stm32f1xx_hal_tim.o
HAL_TIM_Encoder_DeInit                            build/stm32f1xx_hal_tim.o
HAL_TIM_Encoder_GetState                          build/stm32f1xx_hal_tim.o
HAL_TIM_Encoder_Init                              build/stm32f1xx_hal_tim.o
HAL_TIM_Encoder_MspDeInit                         build/stm32f1xx_hal_tim.o
HAL_TIM_Encoder_MspInit                           build/stm32f1xx_hal_tim.o
HAL_TIM_Encoder_Start                             build/stm32f1xx_hal_tim.o
HAL_TIM_Encoder_Start_DMA                         build/stm32f1xx_hal_tim.o
HAL_TIM_Encoder_Start_IT                          build/stm32f1xx_hal_tim.o
HAL_TIM_Encoder_Stop                              build/stm32f1xx_hal_tim.o
HAL_TIM_Encoder_Stop_DMA                          build/stm32f1xx_hal_tim.o
HAL_TIM_Encoder_Stop_IT                           build/stm32f1xx_hal_tim.o
HAL_TIM_ErrorCallback                             build/stm32f1xx_hal_tim.o
                                                  build/stm32f1xx_hal_tim_ex.o
HAL_TIM_GenerateEvent                             build/stm32f1xx_hal_tim.o
HAL_TIM_GetActiveChannel                          build/stm32f1xx_hal_tim.o
HAL_TIM_GetChannelState                           build/stm32f1xx_hal_tim.o
HAL_TIM_IC_CaptureCallback                        build/stm32f1xx_hal_tim.o
HAL_TIM_IC_CaptureHalfCpltCallback                build/stm32f1xx_hal_tim.o
HAL_TIM_IC_ConfigChannel                          build/stm32f1xx_hal_tim.o
                                                  build/tim.o
HAL_TIM_IC_DeInit                                 build/stm32f1xx_hal_tim.o
HAL_TIM_IC_GetState                               build/stm32f1xx_hal_tim.o
HAL_TIM_IC_Init                                   build/stm32f1xx_hal_tim.o
                                                  build/tim.o
HAL_TIM_IC_MspDeInit                              build/stm32f1xx_hal_tim.o
HAL_TIM_IC_MspInit                                build/stm32f1xx_hal_tim.o
HAL_TIM_IC_Start                                  build/stm32f1xx_hal_tim.o
HAL_TIM_IC_Start_DMA                              build/stm32f1xx_hal_tim.o
HAL_TIM_IC_Start_IT                               build/stm32f1xx_hal_tim.o
                                                  build/main.o
HAL_TIM_IC_Stop                                   build/stm32f1xx_hal_tim.o
HAL_TIM_IC_Stop_DMA                               build/stm32f1xx_hal_tim.o
HAL_TIM_IC_Stop_IT                                build/stm32f1xx_hal_tim.o
HAL_TIM_IRQHandler                                build/stm32f1xx_hal_tim.o
                                                  build/stm32f1xx_it.o
HAL_TIM_OC_ConfigChannel                          build/stm32f1xx_hal_tim.o
HAL_TIM_OC_DeInit                                 build/stm32f1xx_hal_tim.o
HAL_TIM_OC_DelayElapsedCallback                   build/stm32f1xx_hal_tim.o
HAL_TIM_OC_GetState                               build/stm32f1xx_hal_tim.o
HAL_TIM_OC_Init                                   build/stm32f1xx_hal_tim.o
HAL_TIM_OC_MspDeInit                              build/stm32f1xx_hal_tim.o
HAL_TIM_OC_MspInit                                build/stm32f1xx_hal_tim.o
HAL_TIM_OC_Start                                  build/stm32f1xx_hal_tim.o
HAL_TIM_OC_Start_DMA                              build/stm32f1xx_hal_tim.o
HAL_TIM_OC_Start_IT                               build/stm32f1xx_hal_tim.o
HAL_TIM_OC_Stop                                   build/stm32f1xx_hal_tim.o
HAL_TIM_OC_Stop_DMA                               build/stm32f1xx_hal_tim.o
HAL_TIM_OC_Stop_IT                                build/stm32f1xx_hal_tim.o
HAL_TIM_OnePulse_ConfigChannel                    build/stm32f1xx_hal_tim.o
HAL_TIM_OnePulse_DeInit                           build/stm32f1xx_hal_tim.o
HAL_TIM_OnePulse_GetState                         build/stm32f1xx_hal_tim.o
HAL_TIM_OnePulse_Init                             build/stm32f1xx_hal_tim.o
HAL_TIM_OnePulse_MspDeInit                        build/stm32f1xx_hal_tim.o
HAL_TIM_OnePulse_MspInit                          build/stm32f1xx_hal_tim.o
HAL_TIM_OnePulse_Start                            build/stm32f1xx_hal_tim.o
HAL_TIM_OnePulse_Start_IT                         build/stm32f1xx_hal_tim.o
HAL_TIM_OnePulse_Stop                             build/stm32f1xx_hal_tim.o
HAL_TIM_OnePulse_Stop_IT                          build/stm32f1xx_hal_tim.o
HAL_TIM_PWM_ConfigChannel                         build/stm32f1xx_hal_tim.o
HAL_TIM_PWM_DeInit                                build/stm32f1xx_hal_tim.o
HAL_TIM_PWM_GetState                              build/stm32f1xx_hal_tim.o
HAL_TIM_PWM_Init                                  build/stm32f1xx_hal_tim.o
HAL_TIM_PWM_MspDeInit                             build/stm32f1xx_hal_tim.o
HAL_TIM_PWM_MspInit                               build/stm32f1xx_hal_tim.o
HAL_TIM_PWM_PulseFinishedCallback                 build/stm32f1xx_hal_tim.o
                                                  build/stm32f1xx_hal_tim_ex.o
HAL_TIM_PWM_PulseFinishedHalfCpltCallback         build/stm32f1xx_hal_tim.o
HAL_TIM_PWM_Start                                 build/stm32f1xx_hal_tim.o
HAL_TIM_PWM_Start_DMA                             build/stm32f1xx_hal_tim.o
HAL_TIM_PWM_Start_IT                              build/stm32f1xx_hal_tim.o
HAL_TIM_PWM_Stop                                  build/stm32f1xx_hal_tim.o
HAL_TIM_PWM_Stop_DMA                              build/stm32f1xx_hal_tim.o
HAL_TIM_PWM_Stop_IT                               build/stm32f1xx_hal_tim.o
HAL_TIM_PeriodElapsedCallback                     build/casovnik.o
                                                  build/stm32f1xx_hal_tim.o
HAL_TIM_PeriodElapsedHalfCpltCallback             build/stm32f1xx_hal_tim.o
HAL_TIM_ReadCapturedValue                         build/stm32f1xx_hal_tim.o
HAL_TIM_SlaveConfigSynchro                        build/stm32f1xx_hal_tim.o
HAL_TIM_SlaveConfigSynchro_IT                     build/stm32f1xx_hal_tim.o
HAL_TIM_TriggerCallback                           build/stm32f1xx_hal_tim.o
HAL_TIM_TriggerHalfCpltCallback                   build/stm32f1xx_hal_tim.o
HardFault_Handler                                 build/stm32f1xx_it.o
I2C1_ER_IRQHandler                                build/startup_stm32f103x6_init.o
I2C1_EV_IRQHandler                                build/startup_stm32f103x6_init.o
MX_GPIO_Init                                      build/gpio.o
                                                  build/main.o
MX_TIM1_Init                                      build/tim.o
                                                  build/main.o
MemManage_Handler                                 build/stm32f1xx_it.o
NMI_Handler                                       build/stm32f1xx_it.o
PVD_IRQHandler                                    build/startup_stm32f103x6_init.o
PendSV_Handler                                    build/stm32f1xx_it.o
RCC_IRQHandler                                    build/startup_stm32f103x6_init.o
RTC_Alarm_IRQHandler                              build/startup_stm32f103x6_init.o
RTC_IRQHandler                                    build/startup_stm32f103x6_init.o
Reset_Handler                                     build/startup_stm32f103x6_init.o
SPI1_IRQHandler                                   build/startup_stm32f103x6_init.o
SVC_Handler                                       build/stm32f1xx_it.o
SysTick_Handler                                   build/stm32f1xx_it.o
SystemClock_Config                                build/main.o
SystemCoreClock                                   build/system_stm32f1xx.o
                                                  build/stm32f1xx_hal_rcc.o
                                                  build/stm32f1xx_hal.o
SystemCoreClockUpdate                             build/system_stm32f1xx.o
SystemInit                                        build/system_stm32f1xx.o
                                                  build/startup_stm32f103x6_init.o
TAMPER_IRQHandler                                 build/startup_stm32f103x6_init.o
TIM1_BRK_IRQHandler                               build/startup_stm32f103x6_init.o
TIM1_CC_IRQHandler                                build/stm32f1xx_it.o
TIM1_TRG_COM_IRQHandler                           build/startup_stm32f103x6_init.o
TIM1_UP_IRQHandler                                build/stm32f1xx_it.o
TIM2_IRQHandler                                   build/startup_stm32f103x6_init.o
TIM3_IRQHandler                                   build/startup_stm32f103x6_init.o
TIMEx_DMACommutationCplt                          build/stm32f1xx_hal_tim_ex.o
                                                  build/stm32f1xx_hal_tim.o
TIMEx_DMACommutationHalfCplt                      build/stm32f1xx_hal_tim_ex.o
                                                  build/stm32f1xx_hal_tim.o
TIM_Base_SetConfig                                build/stm32f1xx_hal_tim.o
                                                  build/stm32f1xx_hal_tim_ex.o
TIM_CCxChannelCmd                                 build/stm32f1xx_hal_tim.o
                                                  build/stm32f1xx_hal_tim_ex.o
TIM_DMACaptureCplt                                build/stm32f1xx_hal_tim.o
                                                  build/stm32f1xx_hal_tim_ex.o
TIM_DMACaptureHalfCplt                            build/stm32f1xx_hal_tim.o
                                                  build/stm32f1xx_hal_tim_ex.o
TIM_DMADelayPulseHalfCplt                         build/stm32f1xx_hal_tim.o
                                                  build/stm32f1xx_hal_tim_ex.o
TIM_DMAError                                      build/stm32f1xx_hal_tim.o
                                                  build/stm32f1xx_hal_tim_ex.o
TIM_ETR_SetConfig                                 build/stm32f1xx_hal_tim.o
TIM_OC2_SetConfig                                 build/stm32f1xx_hal_tim.o
                                                  build/stm32f1xx_hal_tim_ex.o
TIM_TI1_SetConfig                                 build/stm32f1xx_hal_tim.o
                                                  build/stm32f1xx_hal_tim_ex.o
USART1_IRQHandler                                 build/startup_stm32f103x6_init.o
USART2_IRQHandler                                 build/startup_stm32f103x6_init.o
USBWakeUp_IRQHandler                              build/startup_stm32f103x6_init.o
USB_HP_CAN1_TX_IRQHandler                         build/startup_stm32f103x6_init.o
USB_LP_CAN1_RX0_IRQHandler                        build/startup_stm32f103x6_init.o
UsageFault_Handler                                build/stm32f1xx_it.o
WWDG_IRQHandler                                   build/startup_stm32f103x6_init.o
__bss_end__                                       c:/users/ika/desktop/gnu mcu/arm-none-eabi-gcc-9.3.1-1.1/bin/../lib/gcc/arm-none-eabi/9.3.1/../../../../arm-none-eabi/lib/thumb/v7-m/nofp/crt0.o
__bss_start__                                     c:/users/ika/desktop/gnu mcu/arm-none-eabi-gcc-9.3.1-1.1/bin/../lib/gcc/arm-none-eabi/9.3.1/../../../../arm-none-eabi/lib/thumb/v7-m/nofp/crt0.o
__call_exitprocs                                  c:/users/ika/desktop/gnu mcu/arm-none-eabi-gcc-9.3.1-1.1/bin/../lib/gcc/arm-none-eabi/9.3.1/../../../../arm-none-eabi/lib/thumb/v7-m/nofp\libc_nano.a(lib_a-exit.o)
__deregister_frame_info                           c:/users/ika/desktop/gnu mcu/arm-none-eabi-gcc-9.3.1-1.1/bin/../lib/gcc/arm-none-eabi/9.3.1/thumb/v7-m/nofp/crtbegin.o
__dso_handle                                      c:/users/ika/desktop/gnu mcu/arm-none-eabi-gcc-9.3.1-1.1/bin/../lib/gcc/arm-none-eabi/9.3.1/thumb/v7-m/nofp/crtbegin.o
__init_array_end                                  c:/users/ika/desktop/gnu mcu/arm-none-eabi-gcc-9.3.1-1.1/bin/../lib/gcc/arm-none-eabi/9.3.1/../../../../arm-none-eabi/lib/thumb/v7-m/nofp\libc_nano.a(lib_a-init.o)
__init_array_start                                c:/users/ika/desktop/gnu mcu/arm-none-eabi-gcc-9.3.1-1.1/bin/../lib/gcc/arm-none-eabi/9.3.1/../../../../arm-none-eabi/lib/thumb/v7-m/nofp\libc_nano.a(lib_a-init.o)
__libc_fini_array                                 c:/users/ika/desktop/gnu mcu/arm-none-eabi-gcc-9.3.1-1.1/bin/../lib/gcc/arm-none-eabi/9.3.1/../../../../arm-none-eabi/lib/thumb/v7-m/nofp/crt0.o
__libc_init_array                                 c:/users/ika/desktop/gnu mcu/arm-none-eabi-gcc-9.3.1-1.1/bin/../lib/gcc/arm-none-eabi/9.3.1/../../../../arm-none-eabi/lib/thumb/v7-m/nofp\libc_nano.a(lib_a-init.o)
                                                  build/startup_stm32f103x6_init.o
                                                  c:/users/ika/desktop/gnu mcu/arm-none-eabi-gcc-9.3.1-1.1/bin/../lib/gcc/arm-none-eabi/9.3.1/../../../../arm-none-eabi/lib/thumb/v7-m/nofp/crt0.o
__preinit_array_end                               c:/users/ika/desktop/gnu mcu/arm-none-eabi-gcc-9.3.1-1.1/bin/../lib/gcc/arm-none-eabi/9.3.1/../../../../arm-none-eabi/lib/thumb/v7-m/nofp\libc_nano.a(lib_a-init.o)
__preinit_array_start                             c:/users/ika/desktop/gnu mcu/arm-none-eabi-gcc-9.3.1-1.1/bin/../lib/gcc/arm-none-eabi/9.3.1/../../../../arm-none-eabi/lib/thumb/v7-m/nofp\libc_nano.a(lib_a-init.o)
__register_frame_info                             c:/users/ika/desktop/gnu mcu/arm-none-eabi-gcc-9.3.1-1.1/bin/../lib/gcc/arm-none-eabi/9.3.1/thumb/v7-m/nofp/crtbegin.o
__sf_fake_stderr                                  c:/users/ika/desktop/gnu mcu/arm-none-eabi-gcc-9.3.1-1.1/bin/../lib/gcc/arm-none-eabi/9.3.1/../../../../arm-none-eabi/lib/thumb/v7-m/nofp\libc_nano.a(lib_a-impure.o)
__sf_fake_stdin                                   c:/users/ika/desktop/gnu mcu/arm-none-eabi-gcc-9.3.1-1.1/bin/../lib/gcc/arm-none-eabi/9.3.1/../../../../arm-none-eabi/lib/thumb/v7-m/nofp\libc_nano.a(lib_a-impure.o)
__sf_fake_stdout                                  c:/users/ika/desktop/gnu mcu/arm-none-eabi-gcc-9.3.1-1.1/bin/../lib/gcc/arm-none-eabi/9.3.1/../../../../arm-none-eabi/lib/thumb/v7-m/nofp\libc_nano.a(lib_a-impure.o)
__stack                                           c:/users/ika/desktop/gnu mcu/arm-none-eabi-gcc-9.3.1-1.1/bin/../lib/gcc/arm-none-eabi/9.3.1/../../../../arm-none-eabi/lib/thumb/v7-m/nofp/crt0.o
_ebss                                             build/startup_stm32f103x6_init.o
_edata                                            build/startup_stm32f103x6_init.o
_estack                                           build/startup_stm32f103x6_init.o
_exit                                             c:/users/ika/desktop/gnu mcu/arm-none-eabi-gcc-9.3.1-1.1/bin/../lib/gcc/arm-none-eabi/9.3.1/../../../../arm-none-eabi/lib/thumb/v7-m/nofp\libnosys.a(_exit.o)
                                                  c:/users/ika/desktop/gnu mcu/arm-none-eabi-gcc-9.3.1-1.1/bin/../lib/gcc/arm-none-eabi/9.3.1/../../../../arm-none-eabi/lib/thumb/v7-m/nofp\libc_nano.a(lib_a-exit.o)
_fini                                             c:/users/ika/desktop/gnu mcu/arm-none-eabi-gcc-9.3.1-1.1/bin/../lib/gcc/arm-none-eabi/9.3.1/thumb/v7-m/nofp/crti.o
_global_impure_ptr                                c:/users/ika/desktop/gnu mcu/arm-none-eabi-gcc-9.3.1-1.1/bin/../lib/gcc/arm-none-eabi/9.3.1/../../../../arm-none-eabi/lib/thumb/v7-m/nofp\libc_nano.a(lib_a-impure.o)
                                                  c:/users/ika/desktop/gnu mcu/arm-none-eabi-gcc-9.3.1-1.1/bin/../lib/gcc/arm-none-eabi/9.3.1/../../../../arm-none-eabi/lib/thumb/v7-m/nofp\libc_nano.a(lib_a-exit.o)
_impure_ptr                                       c:/users/ika/desktop/gnu mcu/arm-none-eabi-gcc-9.3.1-1.1/bin/../lib/gcc/arm-none-eabi/9.3.1/../../../../arm-none-eabi/lib/thumb/v7-m/nofp\libc_nano.a(lib_a-impure.o)
_init                                             c:/users/ika/desktop/gnu mcu/arm-none-eabi-gcc-9.3.1-1.1/bin/../lib/gcc/arm-none-eabi/9.3.1/thumb/v7-m/nofp/crti.o
                                                  c:/users/ika/desktop/gnu mcu/arm-none-eabi-gcc-9.3.1-1.1/bin/../lib/gcc/arm-none-eabi/9.3.1/../../../../arm-none-eabi/lib/thumb/v7-m/nofp\libc_nano.a(lib_a-init.o)
_mainCRTStartup                                   c:/users/ika/desktop/gnu mcu/arm-none-eabi-gcc-9.3.1-1.1/bin/../lib/gcc/arm-none-eabi/9.3.1/../../../../arm-none-eabi/lib/thumb/v7-m/nofp/crt0.o
_sbss                                             build/startup_stm32f103x6_init.o
_sdata                                            build/startup_stm32f103x6_init.o
_sidata                                           build/startup_stm32f103x6_init.o
_stack_init                                       c:/users/ika/desktop/gnu mcu/arm-none-eabi-gcc-9.3.1-1.1/bin/../lib/gcc/arm-none-eabi/9.3.1/../../../../arm-none-eabi/lib/thumb/v7-m/nofp/crt0.o
_start                                            c:/users/ika/desktop/gnu mcu/arm-none-eabi-gcc-9.3.1-1.1/bin/../lib/gcc/arm-none-eabi/9.3.1/../../../../arm-none-eabi/lib/thumb/v7-m/nofp/crt0.o
atexit                                            c:/users/ika/desktop/gnu mcu/arm-none-eabi-gcc-9.3.1-1.1/bin/../lib/gcc/arm-none-eabi/9.3.1/../../../../arm-none-eabi/lib/thumb/v7-m/nofp/crt0.o
casovnik                                          build/casovnik.o
                                                  build/main.o
cifre                                             build/casovnik.o
counter                                           build/casovnik.o
exit                                              c:/users/ika/desktop/gnu mcu/arm-none-eabi-gcc-9.3.1-1.1/bin/../lib/gcc/arm-none-eabi/9.3.1/../../../../arm-none-eabi/lib/thumb/v7-m/nofp\libc_nano.a(lib_a-exit.o)
                                                  c:/users/ika/desktop/gnu mcu/arm-none-eabi-gcc-9.3.1-1.1/bin/../lib/gcc/arm-none-eabi/9.3.1/../../../../arm-none-eabi/lib/thumb/v7-m/nofp/crt0.o
fleg                                              build/casovnik.o
g_pfnVectors                                      build/startup_stm32f103x6_init.o
hardware_init_hook                                c:/users/ika/desktop/gnu mcu/arm-none-eabi-gcc-9.3.1-1.1/bin/../lib/gcc/arm-none-eabi/9.3.1/../../../../arm-none-eabi/lib/thumb/v7-m/nofp/crt0.o
htim1                                             build/tim.o
                                                  build/casovnik.o
                                                  build/stm32f1xx_it.o
                                                  build/main.o
main                                              build/main.o
                                                  build/startup_stm32f103x6_init.o
                                                  c:/users/ika/desktop/gnu mcu/arm-none-eabi-gcc-9.3.1-1.1/bin/../lib/gcc/arm-none-eabi/9.3.1/../../../../arm-none-eabi/lib/thumb/v7-m/nofp/crt0.o
memset                                            c:/users/ika/desktop/gnu mcu/arm-none-eabi-gcc-9.3.1-1.1/bin/../lib/gcc/arm-none-eabi/9.3.1/../../../../arm-none-eabi/lib/thumb/v7-m/nofp\libc_nano.a(lib_a-memset.o)
                                                  build/main.o
                                                  c:/users/ika/desktop/gnu mcu/arm-none-eabi-gcc-9.3.1-1.1/bin/../lib/gcc/arm-none-eabi/9.3.1/../../../../arm-none-eabi/lib/thumb/v7-m/nofp/crt0.o
minuti                                            build/casovnik.o
pFlash                                            build/stm32f1xx_hal_flash.o
                                                  build/stm32f1xx_hal_flash_ex.o
promeniCifru                                      build/casovnik.o
sekunde                                           build/casovnik.o
seven_seg                                         build/casovnik.o
software_init_hook                                c:/users/ika/desktop/gnu mcu/arm-none-eabi-gcc-9.3.1-1.1/bin/../lib/gcc/arm-none-eabi/9.3.1/../../../../arm-none-eabi/lib/thumb/v7-m/nofp/crt0.o
state                                             build/tim.o
tekucaCifra                                       build/casovnik.o
uwTick                                            build/stm32f1xx_hal.o
uwTickFreq                                        build/stm32f1xx_hal.o
uwTickPrio                                        build/stm32f1xx_hal.o
                                                  build/stm32f1xx_hal_rcc.o
