Archive member included to satisfy reference by file (symbol)

c:/users/ika/desktop/gnu mcu/arm-none-eabi-gcc-9.3.1-1.1/bin/../lib/gcc/arm-none-eabi/9.3.1/../../../../arm-none-eabi/lib/thumb/v7-m/nofp\libc_nano.a(lib_a-exit.o)
                              c:/users/ika/desktop/gnu mcu/arm-none-eabi-gcc-9.3.1-1.1/bin/../lib/gcc/arm-none-eabi/9.3.1/../../../../arm-none-eabi/lib/thumb/v7-m/nofp/crt0.o (exit)
c:/users/ika/desktop/gnu mcu/arm-none-eabi-gcc-9.3.1-1.1/bin/../lib/gcc/arm-none-eabi/9.3.1/../../../../arm-none-eabi/lib/thumb/v7-m/nofp\libc_nano.a(lib_a-impure.o)
                              c:/users/ika/desktop/gnu mcu/arm-none-eabi-gcc-9.3.1-1.1/bin/../lib/gcc/arm-none-eabi/9.3.1/../../../../arm-none-eabi/lib/thumb/v7-m/nofp\libc_nano.a(lib_a-exit.o) (_global_impure_ptr)
c:/users/ika/desktop/gnu mcu/arm-none-eabi-gcc-9.3.1-1.1/bin/../lib/gcc/arm-none-eabi/9.3.1/../../../../arm-none-eabi/lib/thumb/v7-m/nofp\libc_nano.a(lib_a-init.o)
                              c:/users/ika/desktop/gnu mcu/arm-none-eabi-gcc-9.3.1-1.1/bin/../lib/gcc/arm-none-eabi/9.3.1/../../../../arm-none-eabi/lib/thumb/v7-m/nofp/crt0.o (__libc_init_array)
c:/users/ika/desktop/gnu mcu/arm-none-eabi-gcc-9.3.1-1.1/bin/../lib/gcc/arm-none-eabi/9.3.1/../../../../arm-none-eabi/lib/thumb/v7-m/nofp\libc_nano.a(lib_a-memcpy-stub.o)
                              build/queue.o (memcpy)
c:/users/ika/desktop/gnu mcu/arm-none-eabi-gcc-9.3.1-1.1/bin/../lib/gcc/arm-none-eabi/9.3.1/../../../../arm-none-eabi/lib/thumb/v7-m/nofp\libc_nano.a(lib_a-memset.o)
                              c:/users/ika/desktop/gnu mcu/arm-none-eabi-gcc-9.3.1-1.1/bin/../lib/gcc/arm-none-eabi/9.3.1/../../../../arm-none-eabi/lib/thumb/v7-m/nofp/crt0.o (memset)
c:/users/ika/desktop/gnu mcu/arm-none-eabi-gcc-9.3.1-1.1/bin/../lib/gcc/arm-none-eabi/9.3.1/../../../../arm-none-eabi/lib/thumb/v7-m/nofp\libnosys.a(_exit.o)
                              c:/users/ika/desktop/gnu mcu/arm-none-eabi-gcc-9.3.1-1.1/bin/../lib/gcc/arm-none-eabi/9.3.1/../../../../arm-none-eabi/lib/thumb/v7-m/nofp\libc_nano.a(lib_a-exit.o) (_exit)

Allocating common symbols
Common symbol       size              file

defaultTaskHandle   0x4               build/freertos.o
uwTick              0x4               build/stm32f1xx_hal.o
xQueueRegistry      0x40              build/queue.o
pFlash              0x20              build/stm32f1xx_hal_flash.o
htim1               0x48              build/stm32f1xx_hal_timebase_tim.o

Discarded input sections

 .text          0x0000000000000000        0x0 c:/users/ika/desktop/gnu mcu/arm-none-eabi-gcc-9.3.1-1.1/bin/../lib/gcc/arm-none-eabi/9.3.1/thumb/v7-m/nofp/crti.o
 .data          0x0000000000000000        0x0 c:/users/ika/desktop/gnu mcu/arm-none-eabi-gcc-9.3.1-1.1/bin/../lib/gcc/arm-none-eabi/9.3.1/thumb/v7-m/nofp/crti.o
 .bss           0x0000000000000000        0x0 c:/users/ika/desktop/gnu mcu/arm-none-eabi-gcc-9.3.1-1.1/bin/../lib/gcc/arm-none-eabi/9.3.1/thumb/v7-m/nofp/crti.o
 .text          0x0000000000000000        0x0 c:/users/ika/desktop/gnu mcu/arm-none-eabi-gcc-9.3.1-1.1/bin/../lib/gcc/arm-none-eabi/9.3.1/thumb/v7-m/nofp/crtbegin.o
 .data          0x0000000000000000        0x0 c:/users/ika/desktop/gnu mcu/arm-none-eabi-gcc-9.3.1-1.1/bin/../lib/gcc/arm-none-eabi/9.3.1/thumb/v7-m/nofp/crtbegin.o
 .bss           0x0000000000000000        0x0 c:/users/ika/desktop/gnu mcu/arm-none-eabi-gcc-9.3.1-1.1/bin/../lib/gcc/arm-none-eabi/9.3.1/thumb/v7-m/nofp/crtbegin.o
 .data.__dso_handle
                0x0000000000000000        0x4 c:/users/ika/desktop/gnu mcu/arm-none-eabi-gcc-9.3.1-1.1/bin/../lib/gcc/arm-none-eabi/9.3.1/thumb/v7-m/nofp/crtbegin.o
 .text          0x0000000000000000       0x7c c:/users/ika/desktop/gnu mcu/arm-none-eabi-gcc-9.3.1-1.1/bin/../lib/gcc/arm-none-eabi/9.3.1/../../../../arm-none-eabi/lib/thumb/v7-m/nofp/crt0.o
 .data          0x0000000000000000        0x0 c:/users/ika/desktop/gnu mcu/arm-none-eabi-gcc-9.3.1-1.1/bin/../lib/gcc/arm-none-eabi/9.3.1/../../../../arm-none-eabi/lib/thumb/v7-m/nofp/crt0.o
 .bss           0x0000000000000000        0x0 c:/users/ika/desktop/gnu mcu/arm-none-eabi-gcc-9.3.1-1.1/bin/../lib/gcc/arm-none-eabi/9.3.1/../../../../arm-none-eabi/lib/thumb/v7-m/nofp/crt0.o
 .ARM.extab     0x0000000000000000        0x0 c:/users/ika/desktop/gnu mcu/arm-none-eabi-gcc-9.3.1-1.1/bin/../lib/gcc/arm-none-eabi/9.3.1/../../../../arm-none-eabi/lib/thumb/v7-m/nofp/crt0.o
 .ARM.exidx     0x0000000000000000       0x10 c:/users/ika/desktop/gnu mcu/arm-none-eabi-gcc-9.3.1-1.1/bin/../lib/gcc/arm-none-eabi/9.3.1/../../../../arm-none-eabi/lib/thumb/v7-m/nofp/crt0.o
 .ARM.attributes
                0x0000000000000000       0x1b c:/users/ika/desktop/gnu mcu/arm-none-eabi-gcc-9.3.1-1.1/bin/../lib/gcc/arm-none-eabi/9.3.1/../../../../arm-none-eabi/lib/thumb/v7-m/nofp/crt0.o
 .text          0x0000000000000000        0x0 build/main.o
 .data          0x0000000000000000        0x0 build/main.o
 .bss           0x0000000000000000        0x0 build/main.o
[...]
Memory Configuration

Name             Origin             Length             Attributes
RAM              0x0000000020000000 0x0000000000002800 xrw
FLASH            0x0000000008000000 0x0000000000008000 xr
*default*        0x0000000000000000 0xffffffffffffffff

Linker script and memory map

LOAD c:/users/ika/desktop/gnu mcu/arm-none-eabi-gcc-9.3.1-1.1/bin/../lib/gcc/arm-none-eabi/9.3.1/thumb/v7-m/nofp/crti.o
LOAD c:/users/ika/desktop/gnu mcu/arm-none-eabi-gcc-9.3.1-1.1/bin/../lib/gcc/arm-none-eabi/9.3.1/thumb/v7-m/nofp/crtbegin.o
LOAD c:/users/ika/desktop/gnu mcu/arm-none-eabi-gcc-9.3.1-1.1/bin/../lib/gcc/arm-none-eabi/9.3.1/../../../../arm-none-eabi/lib/thumb/v7-m/nofp/crt0.o
LOAD build/main.o
LOAD build/gpio.o
LOAD build/freertos.o
LOAD build/stm32f1xx_it.o
LOAD build/stm32f1xx_hal_msp.o
LOAD build/stm32f1xx_hal_timebase_tim.o
LOAD build/stm32f1xx_hal_gpio_ex.o
LOAD build/stm32f1xx_hal.o
LOAD build/stm32f1xx_hal_rcc.o
LOAD build/stm32f1xx_hal_rcc_ex.o
LOAD build/stm32f1xx_hal_gpio.o
LOAD build/stm32f1xx_hal_dma.o
LOAD build/stm32f1xx_hal_cortex.o
LOAD build/stm32f1xx_hal_pwr.o
LOAD build/stm32f1xx_hal_flash.o
LOAD build/stm32f1xx_hal_flash_ex.o
LOAD build/stm32f1xx_hal_exti.o
LOAD build/stm32f1xx_hal_tim.o
LOAD build/stm32f1xx_hal_tim_ex.o
LOAD build/system_stm32f1xx.o
LOAD build/croutine.o
LOAD build/event_groups.o
LOAD build/list.o
LOAD build/queue.o
LOAD build/stream_buffer.o
LOAD build/tasks.o
LOAD build/timers.o
LOAD build/cmsis_os2.o
LOAD build/heap_4.o
LOAD build/port.o
LOAD build/startup_stm32f103x6_init.o
LOAD c:/users/ika/desktop/gnu mcu/arm-none-eabi-gcc-9.3.1-1.1/bin/../lib/gcc/arm-none-eabi/9.3.1/../../../../arm-none-eabi/lib/thumb/v7-m/nofp\libc_nano.a
LOAD c:/users/ika/desktop/gnu mcu/arm-none-eabi-gcc-9.3.1-1.1/bin/../lib/gcc/arm-none-eabi/9.3.1/../../../../arm-none-eabi/lib/thumb/v7-m/nofp\libm.a
LOAD c:/users/ika/desktop/gnu mcu/arm-none-eabi-gcc-9.3.1-1.1/bin/../lib/gcc/arm-none-eabi/9.3.1/../../../../arm-none-eabi/lib/thumb/v7-m/nofp\libnosys.a
START GROUP
LOAD c:/users/ika/desktop/gnu mcu/arm-none-eabi-gcc-9.3.1-1.1/bin/../lib/gcc/arm-none-eabi/9.3.1/thumb/v7-m/nofp\libgcc.a
LOAD c:/users/ika/desktop/gnu mcu/arm-none-eabi-gcc-9.3.1-1.1/bin/../lib/gcc/arm-none-eabi/9.3.1/../../../../arm-none-eabi/lib/thumb/v7-m/nofp\libc_nano.a
END GROUP
START GROUP
LOAD c:/users/ika/desktop/gnu mcu/arm-none-eabi-gcc-9.3.1-1.1/bin/../lib/gcc/arm-none-eabi/9.3.1/thumb/v7-m/nofp\libgcc.a
LOAD c:/users/ika/desktop/gnu mcu/arm-none-eabi-gcc-9.3.1-1.1/bin/../lib/gcc/arm-none-eabi/9.3.1/../../../../arm-none-eabi/lib/thumb/v7-m/nofp\libc_nano.a
END GROUP
LOAD c:/users/ika/desktop/gnu mcu/arm-none-eabi-gcc-9.3.1-1.1/bin/../lib/gcc/arm-none-eabi/9.3.1/thumb/v7-m/nofp/crtend.o
LOAD c:/users/ika/desktop/gnu mcu/arm-none-eabi-gcc-9.3.1-1.1/bin/../lib/gcc/arm-none-eabi/9.3.1/thumb/v7-m/nofp/crtn.o
                0x0000000020002800                _estack = 0x20002800
                0x0000000000000200                _Min_Heap_Size = 0x200
                0x0000000000000400                _Min_Stack_Size = 0x400

.isr_vector     0x0000000008000000      0x10c
                0x0000000008000000                . = ALIGN (0x4)
 *(.isr_vector)
 .isr_vector    0x0000000008000000      0x10c build/startup_stm32f103x6_init.o
                0x0000000008000000                g_pfnVectors
                0x000000000800010c                . = ALIGN (0x4)

.text           0x0000000008000110     0x2dd8
                0x0000000008000110                . = ALIGN (0x4)
 *(.text)
 *(.text*)
 .text.__do_global_dtors_aux
                0x0000000008000110       0x24 c:/users/ika/desktop/gnu mcu/arm-none-eabi-gcc-9.3.1-1.1/bin/../lib/gcc/arm-none-eabi/9.3.1/thumb/v7-m/nofp/crtbegin.o
 .text.frame_dummy
                0x0000000008000134       0x1c c:/users/ika/desktop/gnu mcu/arm-none-eabi-gcc-9.3.1-1.1/bin/../lib/gcc/arm-none-eabi/9.3.1/thumb/v7-m/nofp/crtbegin.o
 .text.HAL_TIM_PeriodElapsedCallback
                0x0000000008000150       0x1c build/main.o
                0x0000000008000150                HAL_TIM_PeriodElapsedCallback
 .text.Error_Handler
                0x000000000800016c        0x4 build/main.o
                0x000000000800016c                Error_Handler
 .text.SystemClock_Config
                0x0000000008000170       0x64 build/main.o
                0x0000000008000170                SystemClock_Config
 .text.main     0x00000000080001d4       0x34 build/main.o
                0x00000000080001d4                main
 .text.MX_GPIO_Init
                0x0000000008000208       0xbc build/gpio.o
                0x0000000008000208                MX_GPIO_Init
 .text.StartDefaultTask
                0x00000000080002c4       0x10 build/freertos.o
                0x00000000080002c4                StartDefaultTask
 .text.MX_FREERTOS_Init
                0x00000000080002d4       0x28 build/freertos.o
                0x00000000080002d4                MX_FREERTOS_Init
 .text.NMI_Handler
                0x00000000080002fc        0x2 build/stm32f1xx_it.o
                0x00000000080002fc                NMI_Handler
 .text.HardFault_Handler
                0x00000000080002fe        0x2 build/stm32f1xx_it.o
                0x00000000080002fe                HardFault_Handler
 .text.MemManage_Handler
                0x0000000008000300        0x2 build/stm32f1xx_it.o
                0x0000000008000300                MemManage_Handler
 .text.BusFault_Handler
                0x0000000008000302        0x2 build/stm32f1xx_it.o
                0x0000000008000302                BusFault_Handler
 .text.UsageFault_Handler
                0x0000000008000304        0x2 build/stm32f1xx_it.o
                0x0000000008000304                UsageFault_Handler
 .text.DebugMon_Handler
                0x0000000008000306        0x2 build/stm32f1xx_it.o
                0x0000000008000306                DebugMon_Handler
 .text.EXTI0_IRQHandler
                0x0000000008000308       0x10 build/stm32f1xx_it.o
                0x0000000008000308                EXTI0_IRQHandler
 .text.EXTI1_IRQHandler
                0x0000000008000318       0x10 build/stm32f1xx_it.o
                0x0000000008000318                EXTI1_IRQHandler
 .text.EXTI2_IRQHandler
                0x0000000008000328       0x10 build/stm32f1xx_it.o
                0x0000000008000328                EXTI2_IRQHandler
 .text.EXTI3_IRQHandler
                0x0000000008000338       0x10 build/stm32f1xx_it.o
                0x0000000008000338                EXTI3_IRQHandler
 .text.TIM1_UP_IRQHandler
                0x0000000008000348       0x14 build/stm32f1xx_it.o
                0x0000000008000348                TIM1_UP_IRQHandler
 .text.HAL_MspInit
                0x000000000800035c       0x58 build/stm32f1xx_hal_msp.o
                0x000000000800035c                HAL_MspInit
 .text.HAL_InitTick
                0x00000000080003b4       0x90 build/stm32f1xx_hal_timebase_tim.o
                0x00000000080003b4                HAL_InitTick
 .text.HAL_Init
                0x0000000008000444       0x30 build/stm32f1xx_hal.o
                0x0000000008000444                HAL_Init
 .text.HAL_IncTick
                0x0000000008000474       0x18 build/stm32f1xx_hal.o
                0x0000000008000474                HAL_IncTick
 .text.HAL_GetTick
                0x000000000800048c        0xc build/stm32f1xx_hal.o
                0x000000000800048c                HAL_GetTick
 .text.RCC_Delay
                0x0000000008000498       0x2c build/stm32f1xx_hal_rcc.o
 .text.HAL_RCC_OscConfig
                0x00000000080004c4      0x41c build/stm32f1xx_hal_rcc.o
                0x00000000080004c4                HAL_RCC_OscConfig
 .text.HAL_RCC_GetSysClockFreq
                0x00000000080008e0       0x6c build/stm32f1xx_hal_rcc.o
                0x00000000080008e0                HAL_RCC_GetSysClockFreq
 .text.HAL_RCC_ClockConfig
                0x000000000800094c      0x178 build/stm32f1xx_hal_rcc.o
                0x000000000800094c                HAL_RCC_ClockConfig
 .text.HAL_RCC_GetHCLKFreq
                0x0000000008000ac4        0xc build/stm32f1xx_hal_rcc.o
                0x0000000008000ac4                HAL_RCC_GetHCLKFreq
 .text.HAL_RCC_GetPCLK2Freq
                0x0000000008000ad0       0x24 build/stm32f1xx_hal_rcc.o
                0x0000000008000ad0                HAL_RCC_GetPCLK2Freq
 .text.HAL_RCC_GetClockConfig
                0x0000000008000af4       0x3c build/stm32f1xx_hal_rcc.o
                0x0000000008000af4                HAL_RCC_GetClockConfig
 .text.HAL_GPIO_Init
                0x0000000008000b30      0x218 build/stm32f1xx_hal_gpio.o
                0x0000000008000b30                HAL_GPIO_Init
 .text.HAL_GPIO_WritePin
                0x0000000008000d48        0xc build/stm32f1xx_hal_gpio.o
                0x0000000008000d48                HAL_GPIO_WritePin
 .text.HAL_GPIO_EXTI_Callback
                0x0000000008000d54        0x2 build/stm32f1xx_hal_gpio.o
                0x0000000008000d54                HAL_GPIO_EXTI_Callback
 *fill*         0x0000000008000d56        0x2 
 .text.HAL_GPIO_EXTI_IRQHandler
                0x0000000008000d58       0x20 build/stm32f1xx_hal_gpio.o
                0x0000000008000d58                HAL_GPIO_EXTI_IRQHandler
 .text.HAL_NVIC_SetPriorityGrouping
                0x0000000008000d78       0x24 build/stm32f1xx_hal_cortex.o
                0x0000000008000d78                HAL_NVIC_SetPriorityGrouping
 .text.HAL_NVIC_SetPriority
                0x0000000008000d9c       0x68 build/stm32f1xx_hal_cortex.o
                0x0000000008000d9c                HAL_NVIC_SetPriority
 .text.HAL_NVIC_EnableIRQ
                0x0000000008000e04       0x1c build/stm32f1xx_hal_cortex.o
                0x0000000008000e04                HAL_NVIC_EnableIRQ
 .text.HAL_TIM_Base_MspInit
                0x0000000008000e20        0x2 build/stm32f1xx_hal_tim.o
                0x0000000008000e20                HAL_TIM_Base_MspInit
 *fill*         0x0000000008000e22        0x2 
 .text.HAL_TIM_Base_Start_IT
                0x0000000008000e24       0x60 build/stm32f1xx_hal_tim.o
                0x0000000008000e24                HAL_TIM_Base_Start_IT
 .text.HAL_TIM_OC_DelayElapsedCallback
                0x0000000008000e84        0x2 build/stm32f1xx_hal_tim.o
                0x0000000008000e84                HAL_TIM_OC_DelayElapsedCallback
 .text.HAL_TIM_IC_CaptureCallback
                0x0000000008000e86        0x2 build/stm32f1xx_hal_tim.o
                0x0000000008000e86                HAL_TIM_IC_CaptureCallback
 .text.HAL_TIM_PWM_PulseFinishedCallback
                0x0000000008000e88        0x2 build/stm32f1xx_hal_tim.o
                0x0000000008000e88                HAL_TIM_PWM_PulseFinishedCallback
 .text.HAL_TIM_TriggerCallback
                0x0000000008000e8a        0x2 build/stm32f1xx_hal_tim.o
                0x0000000008000e8a                HAL_TIM_TriggerCallback
 .text.HAL_TIM_IRQHandler
                0x0000000008000e8c      0x198 build/stm32f1xx_hal_tim.o
                0x0000000008000e8c                HAL_TIM_IRQHandler
 .text.TIM_Base_SetConfig
                0x0000000008001024       0x64 build/stm32f1xx_hal_tim.o
                0x0000000008001024                TIM_Base_SetConfig
 .text.HAL_TIM_Base_Init
                0x0000000008001088       0x60 build/stm32f1xx_hal_tim.o
                0x0000000008001088                HAL_TIM_Base_Init
 .text.HAL_TIMEx_CommutCallback
                0x00000000080010e8        0x2 build/stm32f1xx_hal_tim_ex.o
                0x00000000080010e8                HAL_TIMEx_CommutCallback
 .text.HAL_TIMEx_BreakCallback
                0x00000000080010ea        0x2 build/stm32f1xx_hal_tim_ex.o
                0x00000000080010ea                HAL_TIMEx_BreakCallback
 .text.SystemInit
                0x00000000080010ec        0x2 build/system_stm32f1xx.o
                0x00000000080010ec                SystemInit
 .text.vListInitialise
                0x00000000080010ee       0x16 build/list.o
                0x00000000080010ee                vListInitialise
 .text.vListInitialiseItem
                0x0000000008001104        0x6 build/list.o
                0x0000000008001104                vListInitialiseItem
 .text.vListInsertEnd
                0x000000000800110a       0x16 build/list.o
                0x000000000800110a                vListInsertEnd
 .text.vListInsert
                0x0000000008001120       0x32 build/list.o
                0x0000000008001120                vListInsert
 .text.uxListRemove
                0x0000000008001152       0x26 build/list.o
                0x0000000008001152                uxListRemove
 .text.prvIsQueueFull
                0x0000000008001178       0x28 build/queue.o
 .text.prvIsQueueEmpty
                0x00000000080011a0       0x24 build/queue.o
 .text.prvCopyDataToQueue
                0x00000000080011c4       0x80 build/queue.o
 .text.prvCopyDataFromQueue
                0x0000000008001244       0x28 build/queue.o
 .text.prvUnlockQueue
                0x000000000800126c       0x80 build/queue.o
 .text.xQueueGenericReset
                0x00000000080012ec       0x94 build/queue.o
                0x00000000080012ec                xQueueGenericReset
 .text.prvInitialiseNewQueue
                0x0000000008001380       0x28 build/queue.o
 .text.xQueueGenericCreateStatic
                0x00000000080013a8       0x98 build/queue.o
                0x00000000080013a8                xQueueGenericCreateStatic
 .text.xQueueGenericSend
                0x0000000008001440      0x1b0 build/queue.o
                0x0000000008001440                xQueueGenericSend
 .text.xQueueGenericSendFromISR
                0x00000000080015f0       0xdc build/queue.o
                0x00000000080015f0                xQueueGenericSendFromISR
 .text.xQueueReceive
                0x00000000080016cc      0x18c build/queue.o
                0x00000000080016cc                xQueueReceive
 .text.vQueueAddToRegistry
                0x0000000008001858       0x28 build/queue.o
                0x0000000008001858                vQueueAddToRegistry
 .text.vQueueWaitForMessageRestricted
                0x0000000008001880       0x64 build/queue.o
                0x0000000008001880                vQueueWaitForMessageRestricted
 .text.prvResetNextTaskUnblockTime
                0x00000000080018e4       0x2c build/tasks.o
 .text.prvInitialiseNewTask
                0x0000000008001910       0x9c build/tasks.o
 .text.prvInitialiseTaskLists
                0x00000000080019ac       0x64 build/tasks.o
 .text.prvAddNewTaskToReadyList
                0x0000000008001a10       0xbc build/tasks.o
 .text.prvDeleteTCB
                0x0000000008001acc       0x3c build/tasks.o
 .text.prvCheckTasksWaitingTermination
                0x0000000008001b08       0x5c build/tasks.o
 .text.prvIdleTask
                0x0000000008001b64       0x2c build/tasks.o
 .text.prvAddCurrentTaskToDelayedList
                0x0000000008001b90       0x88 build/tasks.o
 .text.xTaskCreateStatic
                0x0000000008001c18       0x7c build/tasks.o
                0x0000000008001c18                xTaskCreateStatic
 .text.xTaskCreate
                0x0000000008001c94       0x78 build/tasks.o
                0x0000000008001c94                xTaskCreate
 .text.vTaskStartScheduler
                0x0000000008001d0c       0xa4 build/tasks.o
                0x0000000008001d0c                vTaskStartScheduler
 .text.vTaskSuspendAll
                0x0000000008001db0       0x10 build/tasks.o
                0x0000000008001db0                vTaskSuspendAll
 .text.xTaskGetTickCount
                0x0000000008001dc0        0xc build/tasks.o
                0x0000000008001dc0                xTaskGetTickCount
 .text.xTaskIncrementTick
                0x0000000008001dcc      0x124 build/tasks.o
                0x0000000008001dcc                xTaskIncrementTick
 .text.xTaskResumeAll
                0x0000000008001ef0      0x10c build/tasks.o
                0x0000000008001ef0                xTaskResumeAll
 .text.vTaskDelay
                0x0000000008001ffc       0x58 build/tasks.o
                0x0000000008001ffc                vTaskDelay
 .text.vTaskSwitchContext
                0x0000000008002054       0x94 build/tasks.o
                0x0000000008002054                vTaskSwitchContext
 .text.vTaskPlaceOnEventList
                0x00000000080020e8       0x38 build/tasks.o
                0x00000000080020e8                vTaskPlaceOnEventList
 .text.vTaskPlaceOnEventListRestricted
                0x0000000008002120       0x40 build/tasks.o
                0x0000000008002120                vTaskPlaceOnEventListRestricted
 .text.xTaskRemoveFromEventList
                0x0000000008002160       0x94 build/tasks.o
                0x0000000008002160                xTaskRemoveFromEventList
 .text.vTaskInternalSetTimeOutState
                0x00000000080021f4       0x18 build/tasks.o
                0x00000000080021f4                vTaskInternalSetTimeOutState
 .text.xTaskCheckForTimeOut
                0x000000000800220c       0x90 build/tasks.o
                0x000000000800220c                xTaskCheckForTimeOut
 .text.vTaskMissedYield
                0x000000000800229c        0xc build/tasks.o
                0x000000000800229c                vTaskMissedYield
 .text.xTaskGetSchedulerState
                0x00000000080022a8       0x20 build/tasks.o
                0x00000000080022a8                xTaskGetSchedulerState
 .text.xTaskPriorityDisinherit
                0x00000000080022c8       0x98 build/tasks.o
                0x00000000080022c8                xTaskPriorityDisinherit
 .text.prvGetNextExpireTime
                0x0000000008002360       0x20 build/timers.o
 .text.prvInsertTimerInActiveList
                0x0000000008002380       0x4c build/timers.o
 .text.prvCheckForValidListAndQueue
                0x00000000080023cc       0x80 build/timers.o
 .text.xTimerCreateTimerTask
                0x000000000800244c       0x70 build/timers.o
                0x000000000800244c                xTimerCreateTimerTask
 .text.xTimerGenericCommand
                0x00000000080024bc       0x78 build/timers.o
                0x00000000080024bc                xTimerGenericCommand
 .text.prvSwitchTimerLists
                0x0000000008002534       0x88 build/timers.o
 .text.prvSampleTimeNow
                0x00000000080025bc       0x34 build/timers.o
 .text.prvProcessExpiredTimer
                0x00000000080025f0       0x6c build/timers.o
 .text.prvProcessTimerOrBlockTask
                0x000000000800265c       0x88 build/timers.o
 .text.prvProcessReceivedCommands
                0x00000000080026e4      0x110 build/timers.o
 .text.prvTimerTask
                0x00000000080027f4       0x24 build/timers.o
 .text.osKernelInitialize
                0x0000000008002818       0x44 build/cmsis_os2.o
                0x0000000008002818                osKernelInitialize
 .text.osKernelStart
                0x000000000800285c       0x50 build/cmsis_os2.o
                0x000000000800285c                osKernelStart
 .text.vApplicationGetIdleTaskMemory
                0x00000000080028ac       0x18 build/cmsis_os2.o
                0x00000000080028ac                vApplicationGetIdleTaskMemory
 .text.vApplicationGetTimerTaskMemory
                0x00000000080028c4       0x18 build/cmsis_os2.o
                0x00000000080028c4                vApplicationGetTimerTaskMemory
 .text.prvHeapInit
                0x00000000080028dc       0x64 build/heap_4.o
 .text.prvInsertBlockIntoFreeList
                0x0000000008002940       0x54 build/heap_4.o
 .text.pvPortMalloc
                0x0000000008002994      0x100 build/heap_4.o
                0x0000000008002994                pvPortMalloc
 .text.vPortFree
                0x0000000008002a94       0x7c build/heap_4.o
                0x0000000008002a94                vPortFree
 .text.prvTaskExitError
                0x0000000008002b10       0x40 build/port.o
 .text.prvPortStartFirstTask
                0x0000000008002b50       0x20 build/port.o
 .text.pxPortInitialiseStack
                0x0000000008002b70       0x24 build/port.o
                0x0000000008002b70                pxPortInitialiseStack
 *fill*         0x0000000008002b94        0xc 
 .text.SVC_Handler
                0x0000000008002ba0       0x24 build/port.o
                0x0000000008002ba0                SVC_Handler
 .text.vPortEnterCritical
                0x0000000008002bc4       0x44 build/port.o
                0x0000000008002bc4                vPortEnterCritical
 .text.vPortExitCritical
                0x0000000008002c08       0x2c build/port.o
                0x0000000008002c08                vPortExitCritical
 *fill*         0x0000000008002c34        0xc 
 .text.PendSV_Handler
                0x0000000008002c40       0x44 build/port.o
                0x0000000008002c40                PendSV_Handler
 .text.SysTick_Handler
                0x0000000008002c84       0x30 build/port.o
                0x0000000008002c84                SysTick_Handler
 .text.vPortSetupTimerInterrupt
                0x0000000008002cb4       0x38 build/port.o
                0x0000000008002cb4                vPortSetupTimerInterrupt
 .text.xPortStartScheduler
                0x0000000008002cec       0xc8 build/port.o
                0x0000000008002cec                xPortStartScheduler
 .text.vPortValidateInterruptPriority
                0x0000000008002db4       0x5c build/port.o
                0x0000000008002db4                vPortValidateInterruptPriority
 .text.Reset_Handler
                0x0000000008002e10       0x48 build/startup_stm32f103x6_init.o
                0x0000000008002e10                Reset_Handler
 .text.Default_Handler
                0x0000000008002e58        0x2 build/startup_stm32f103x6_init.o
                0x0000000008002e58                RTC_Alarm_IRQHandler
                0x0000000008002e58                TIM1_CC_IRQHandler
                0x0000000008002e58                PVD_IRQHandler
                0x0000000008002e58                ADC1_2_IRQHandler
                0x0000000008002e58                SPI1_IRQHandler
                0x0000000008002e58                TAMPER_IRQHandler
                0x0000000008002e58                DMA1_Channel4_IRQHandler
                0x0000000008002e58                RTC_IRQHandler
                0x0000000008002e58                DMA1_Channel7_IRQHandler
                0x0000000008002e58                CAN1_RX1_IRQHandler
                0x0000000008002e58                I2C1_EV_IRQHandler
                0x0000000008002e58                DMA1_Channel6_IRQHandler
                0x0000000008002e58                TIM3_IRQHandler
                0x0000000008002e58                RCC_IRQHandler
                0x0000000008002e58                TIM1_TRG_COM_IRQHandler
                0x0000000008002e58                DMA1_Channel1_IRQHandler
                0x0000000008002e58                Default_Handler
                0x0000000008002e58                EXTI15_10_IRQHandler
                0x0000000008002e58                EXTI9_5_IRQHandler
                0x0000000008002e58                DMA1_Channel5_IRQHandler
                0x0000000008002e58                EXTI4_IRQHandler
                0x0000000008002e58                USB_LP_CAN1_RX0_IRQHandler
                0x0000000008002e58                USB_HP_CAN1_TX_IRQHandler
                0x0000000008002e58                DMA1_Channel3_IRQHandler
                0x0000000008002e58                WWDG_IRQHandler
                0x0000000008002e58                TIM2_IRQHandler
                0x0000000008002e58                TIM1_BRK_IRQHandler
                0x0000000008002e58                USART2_IRQHandler
                0x0000000008002e58                DMA1_Channel2_IRQHandler
                0x0000000008002e58                CAN1_SCE_IRQHandler
                0x0000000008002e58                FLASH_IRQHandler
                0x0000000008002e58                USART1_IRQHandler
                0x0000000008002e58                I2C1_ER_IRQHandler
                0x0000000008002e58                USBWakeUp_IRQHandler
 *fill*         0x0000000008002e5a        0x2 
 .text.__libc_init_array
                0x0000000008002e5c       0x48 c:/users/ika/desktop/gnu mcu/arm-none-eabi-gcc-9.3.1-1.1/bin/../lib/gcc/arm-none-eabi/9.3.1/../../../../arm-none-eabi/lib/thumb/v7-m/nofp\libc_nano.a(lib_a-init.o)
                0x0000000008002e5c                __libc_init_array
 .text.memcpy   0x0000000008002ea4       0x1c c:/users/ika/desktop/gnu mcu/arm-none-eabi-gcc-9.3.1-1.1/bin/../lib/gcc/arm-none-eabi/9.3.1/../../../../arm-none-eabi/lib/thumb/v7-m/nofp\libc_nano.a(lib_a-memcpy-stub.o)
                0x0000000008002ea4                memcpy
 .text.memset   0x0000000008002ec0       0x10 c:/users/ika/desktop/gnu mcu/arm-none-eabi-gcc-9.3.1-1.1/bin/../lib/gcc/arm-none-eabi/9.3.1/../../../../arm-none-eabi/lib/thumb/v7-m/nofp\libc_nano.a(lib_a-memset.o)
                0x0000000008002ec0                memset
 *(.glue_7)
 .glue_7        0x0000000008002ed0        0x0 linker stubs
 *(.glue_7t)
 .glue_7t       0x0000000008002ed0        0x0 linker stubs
 *(.eh_frame)
 .eh_frame      0x0000000008002ed0        0x0 c:/users/ika/desktop/gnu mcu/arm-none-eabi-gcc-9.3.1-1.1/bin/../lib/gcc/arm-none-eabi/9.3.1/thumb/v7-m/nofp/crtbegin.o
 *(.init)
 .init          0x0000000008002ed0        0x4 c:/users/ika/desktop/gnu mcu/arm-none-eabi-gcc-9.3.1-1.1/bin/../lib/gcc/arm-none-eabi/9.3.1/thumb/v7-m/nofp/crti.o
                0x0000000008002ed0                _init
 .init          0x0000000008002ed4        0x8 c:/users/ika/desktop/gnu mcu/arm-none-eabi-gcc-9.3.1-1.1/bin/../lib/gcc/arm-none-eabi/9.3.1/thumb/v7-m/nofp/crtn.o
 *(.fini)
 .fini          0x0000000008002edc        0x4 c:/users/ika/desktop/gnu mcu/arm-none-eabi-gcc-9.3.1-1.1/bin/../lib/gcc/arm-none-eabi/9.3.1/thumb/v7-m/nofp/crti.o
                0x0000000008002edc                _fini
 .fini          0x0000000008002ee0        0x8 c:/users/ika/desktop/gnu mcu/arm-none-eabi-gcc-9.3.1-1.1/bin/../lib/gcc/arm-none-eabi/9.3.1/thumb/v7-m/nofp/crtn.o
                0x0000000008002ee8                . = ALIGN (0x4)
                0x0000000008002ee8                _etext = .

.vfp11_veneer   0x0000000008002ee8        0x0
 .vfp11_veneer  0x0000000008002ee8        0x0 linker stubs

.v4_bx          0x0000000008002ee8        0x0
 .v4_bx         0x0000000008002ee8        0x0 linker stubs

.iplt           0x0000000008002ee8        0x0
 .iplt          0x0000000008002ee8        0x0 c:/users/ika/desktop/gnu mcu/arm-none-eabi-gcc-9.3.1-1.1/bin/../lib/gcc/arm-none-eabi/9.3.1/thumb/v7-m/nofp/crtbegin.o

.rodata         0x0000000008002ee8       0x58
                0x0000000008002ee8                . = ALIGN (0x4)
 *(.rodata)
 *(.rodata*)
 .rodata.MX_FREERTOS_Init.str1.4
                0x0000000008002ee8       0x11 build/freertos.o
 *fill*         0x0000000008002ef9        0x3 
 .rodata.HAL_RCC_GetSysClockFreq.str1.4
                0x0000000008002efc       0x11 build/stm32f1xx_hal_rcc.o
 *fill*         0x0000000008002f0d        0x3 
 .rodata.AHBPrescTable
                0x0000000008002f10       0x10 build/system_stm32f1xx.o
                0x0000000008002f10                AHBPrescTable
 .rodata.APBPrescTable
                0x0000000008002f20        0x8 build/system_stm32f1xx.o
                0x0000000008002f20                APBPrescTable
 .rodata.vTaskStartScheduler.str1.4
                0x0000000008002f28        0x5 build/tasks.o
 *fill*         0x0000000008002f2d        0x3 
 .rodata.prvCheckForValidListAndQueue.str1.4
                0x0000000008002f30        0x5 build/timers.o
 *fill*         0x0000000008002f35        0x3 
 .rodata.xTimerCreateTimerTask.str1.4
                0x0000000008002f38        0x8 build/timers.o
                0x0000000008002f40                . = ALIGN (0x4)

.rel.dyn        0x0000000008002f40        0x0
 .rel.iplt      0x0000000008002f40        0x0 c:/users/ika/desktop/gnu mcu/arm-none-eabi-gcc-9.3.1-1.1/bin/../lib/gcc/arm-none-eabi/9.3.1/thumb/v7-m/nofp/crtbegin.o

.ARM.extab
 *(.ARM.extab* .gnu.linkonce.armextab.*)

.ARM            0x0000000008002f40        0x0
                0x0000000008002f40                __exidx_start = .
 *(.ARM.exidx*)
                0x0000000008002f40                __exidx_end = .

.preinit_array  0x0000000008002f40        0x0
                0x0000000008002f40                PROVIDE (__preinit_array_start = .)
 *(.preinit_array*)
                0x0000000008002f40                PROVIDE (__preinit_array_end = .)

.init_array     0x0000000008002f40        0x4
                0x0000000008002f40                PROVIDE (__init_array_start = .)
 *(SORT_BY_NAME(.init_array.*))
 *(.init_array*)
 .init_array    0x0000000008002f40        0x4 c:/users/ika/desktop/gnu mcu/arm-none-eabi-gcc-9.3.1-1.1/bin/../lib/gcc/arm-none-eabi/9.3.1/thumb/v7-m/nofp/crtbegin.o
                0x0000000008002f44                PROVIDE (__init_array_end = .)

.fini_array     0x0000000008002f44        0x4
                [!provide]                        PROVIDE (__fini_array_start = .)
 *(SORT_BY_NAME(.fini_array.*))
 *(.fini_array*)
 .fini_array    0x0000000008002f44        0x4 c:/users/ika/desktop/gnu mcu/arm-none-eabi-gcc-9.3.1-1.1/bin/../lib/gcc/arm-none-eabi/9.3.1/thumb/v7-m/nofp/crtbegin.o
                [!provide]                        PROVIDE (__fini_array_end = .)
                0x0000000008002f48                _sidata = LOADADDR (.data)

.data           0x0000000020000000       0x10 load address 0x0000000008002f48
                0x0000000020000000                . = ALIGN (0x4)
                0x0000000020000000                _sdata = .
 *(.data)
 *(.data*)
 .data.uwTickFreq
                0x0000000020000000        0x1 build/stm32f1xx_hal.o
                0x0000000020000000                uwTickFreq
 *fill*         0x0000000020000001        0x3 
 .data.uwTickPrio
                0x0000000020000004        0x4 build/stm32f1xx_hal.o
                0x0000000020000004                uwTickPrio
 .data.SystemCoreClock
                0x0000000020000008        0x4 build/system_stm32f1xx.o
                0x0000000020000008                SystemCoreClock
 .data.uxCriticalNesting
                0x000000002000000c        0x4 build/port.o
                0x0000000020000010                . = ALIGN (0x4)
                0x0000000020000010                _edata = .

.igot.plt       0x0000000020000010        0x0 load address 0x0000000008002f58
 .igot.plt      0x0000000020000010        0x0 c:/users/ika/desktop/gnu mcu/arm-none-eabi-gcc-9.3.1-1.1/bin/../lib/gcc/arm-none-eabi/9.3.1/thumb/v7-m/nofp/crtbegin.o
                0x0000000020000010                . = ALIGN (0x4)

.bss            0x0000000020000010     0x19ac load address 0x0000000008002f58
                0x0000000020000010                _sbss = .
                0x0000000020000010                __bss_start__ = _sbss
 *(.bss)
 *(.bss*)
 .bss.completed.8914
                0x0000000020000010        0x1 c:/users/ika/desktop/gnu mcu/arm-none-eabi-gcc-9.3.1-1.1/bin/../lib/gcc/arm-none-eabi/9.3.1/thumb/v7-m/nofp/crtbegin.o
 *fill*         0x0000000020000011        0x3 
 .bss.object.8919
                0x0000000020000014       0x18 c:/users/ika/desktop/gnu mcu/arm-none-eabi-gcc-9.3.1-1.1/bin/../lib/gcc/arm-none-eabi/9.3.1/thumb/v7-m/nofp/crtbegin.o
 .bss.pxCurrentTCB
                0x000000002000002c        0x4 build/tasks.o
                0x000000002000002c                pxCurrentTCB
 .bss.pxDelayedTaskList
                0x0000000020000030        0x4 build/tasks.o
 .bss.pxOverflowDelayedTaskList
                0x0000000020000034        0x4 build/tasks.o
 .bss.pxReadyTasksLists
                0x0000000020000038      0x460 build/tasks.o
 .bss.uxCurrentNumberOfTasks
                0x0000000020000498        0x4 build/tasks.o
 .bss.uxDeletedTasksWaitingCleanUp
                0x000000002000049c        0x4 build/tasks.o
 .bss.uxPendedTicks
                0x00000000200004a0        0x4 build/tasks.o
 .bss.uxSchedulerSuspended
                0x00000000200004a4        0x4 build/tasks.o
 .bss.uxTaskNumber
                0x00000000200004a8        0x4 build/tasks.o
 .bss.uxTopReadyPriority
                0x00000000200004ac        0x4 build/tasks.o
 .bss.xDelayedTaskList1
                0x00000000200004b0       0x14 build/tasks.o
 .bss.xDelayedTaskList2
                0x00000000200004c4       0x14 build/tasks.o
 .bss.xNextTaskUnblockTime
                0x00000000200004d8        0x4 build/tasks.o
 .bss.xNumOfOverflows
                0x00000000200004dc        0x4 build/tasks.o
 .bss.xPendingReadyList
                0x00000000200004e0       0x14 build/tasks.o
 .bss.xSchedulerRunning
                0x00000000200004f4        0x4 build/tasks.o
 .bss.xSuspendedTaskList
                0x00000000200004f8       0x14 build/tasks.o
 .bss.xTasksWaitingTermination
                0x000000002000050c       0x14 build/tasks.o
 .bss.xTickCount
                0x0000000020000520        0x4 build/tasks.o
 .bss.xYieldPending
                0x0000000020000524        0x4 build/tasks.o
 .bss.pxCurrentTimerList
                0x0000000020000528        0x4 build/timers.o
 .bss.pxOverflowTimerList
                0x000000002000052c        0x4 build/timers.o
 .bss.ucStaticTimerQueueStorage.5559
                0x0000000020000530       0xa0 build/timers.o
 .bss.xActiveTimerList1
                0x00000000200005d0       0x14 build/timers.o
 .bss.xActiveTimerList2
                0x00000000200005e4       0x14 build/timers.o
 .bss.xLastTime.5508
                0x00000000200005f8        0x4 build/timers.o
 .bss.xStaticTimerQueue.5558
                0x00000000200005fc       0x50 build/timers.o
 .bss.xTimerQueue
                0x000000002000064c        0x4 build/timers.o
 .bss.xTimerTaskHandle
                0x0000000020000650        0x4 build/timers.o
 .bss.Idle_Stack
                0x0000000020000654      0x200 build/cmsis_os2.o
 .bss.Idle_TCB  0x0000000020000854       0x5c build/cmsis_os2.o
 .bss.KernelState
                0x00000000200008b0        0x4 build/cmsis_os2.o
 .bss.Timer_Stack
                0x00000000200008b4      0x400 build/cmsis_os2.o
 .bss.Timer_TCB
                0x0000000020000cb4       0x5c build/cmsis_os2.o
 .bss.pxEnd     0x0000000020000d10        0x4 build/heap_4.o
 .bss.ucHeap    0x0000000020000d14      0xc00 build/heap_4.o
 .bss.xBlockAllocatedBit
                0x0000000020001914        0x4 build/heap_4.o
 .bss.xFreeBytesRemaining
                0x0000000020001918        0x4 build/heap_4.o
 .bss.xMinimumEverFreeBytesRemaining
                0x000000002000191c        0x4 build/heap_4.o
 .bss.xStart    0x0000000020001920        0x8 build/heap_4.o
 .bss.ucMaxSysCallPriority
                0x0000000020001928        0x1 build/port.o
 *fill*         0x0000000020001929        0x3 
 .bss.ulMaxPRIGROUPValue
                0x000000002000192c        0x4 build/port.o
 *(COMMON)
 COMMON         0x0000000020001930       0x48 build/stm32f1xx_hal_timebase_tim.o
                0x0000000020001930                htim1
 COMMON         0x0000000020001978        0x4 build/stm32f1xx_hal.o
                0x0000000020001978                uwTick
 COMMON         0x000000002000197c       0x40 build/queue.o
                0x000000002000197c                xQueueRegistry
                0x00000000200019bc                . = ALIGN (0x4)
                0x00000000200019bc                _ebss = .
                0x00000000200019bc                __bss_end__ = _ebss

._user_heap_stack
                0x00000000200019bc      0x604 load address 0x0000000008002f58
                0x00000000200019c0                . = ALIGN (0x8)
 *fill*         0x00000000200019bc        0x4 
                [!provide]                        PROVIDE (end = .)
                [!provide]                        PROVIDE (_end = .)
                0x0000000020001bc0                . = (. + _Min_Heap_Size)
 *fill*         0x00000000200019c0      0x200 
                0x0000000020001fc0                . = (. + _Min_Stack_Size)
 *fill*         0x0000000020001bc0      0x400 
                0x0000000020001fc0                . = ALIGN (0x8)

/DISCARD/
 libc.a(*)
 libm.a(*)
 libgcc.a(*)

.ARM.attributes
                0x0000000000000000       0x29
 *(.ARM.attributes)
 .ARM.attributes
                0x0000000000000000       0x1d c:/users/ika/desktop/gnu mcu/arm-none-eabi-gcc-9.3.1-1.1/bin/../lib/gcc/arm-none-eabi/9.3.1/thumb/v7-m/nofp/crti.o
 .ARM.attributes
                0x000000000000001d       0x2d c:/users/ika/desktop/gnu mcu/arm-none-eabi-gcc-9.3.1-1.1/bin/../lib/gcc/arm-none-eabi/9.3.1/thumb/v7-m/nofp/crtbegin.o
 .ARM.attributes
                0x000000000000004a       0x2d build/main.o
 .ARM.attributes
                0x0000000000000077       0x2d build/gpio.o
 .ARM.attributes
                0x00000000000000a4       0x2d build/freertos.o
 .ARM.attributes
                0x00000000000000d1       0x2d build/stm32f1xx_it.o
 .ARM.attributes
                0x00000000000000fe       0x2d build/stm32f1xx_hal_msp.o
 .ARM.attributes
                0x000000000000012b       0x2d build/stm32f1xx_hal_timebase_tim.o
 .ARM.attributes
                0x0000000000000158       0x2d build/stm32f1xx_hal.o
 .ARM.attributes
                0x0000000000000185       0x2d build/stm32f1xx_hal_rcc.o
 .ARM.attributes
                0x00000000000001b2       0x2d build/stm32f1xx_hal_gpio.o
 .ARM.attributes
                0x00000000000001df       0x2d build/stm32f1xx_hal_cortex.o
 .ARM.attributes
                0x000000000000020c       0x2d build/stm32f1xx_hal_tim.o
 .ARM.attributes
                0x0000000000000239       0x2d build/stm32f1xx_hal_tim_ex.o
 .ARM.attributes
                0x0000000000000266       0x2d build/system_stm32f1xx.o
 .ARM.attributes
                0x0000000000000293       0x2d build/list.o
 .ARM.attributes
                0x00000000000002c0       0x2d build/queue.o
 .ARM.attributes
                0x00000000000002ed       0x2d build/tasks.o
 .ARM.attributes
                0x000000000000031a       0x2d build/timers.o
 .ARM.attributes
                0x0000000000000347       0x2d build/cmsis_os2.o
 .ARM.attributes
                0x0000000000000374       0x2d build/heap_4.o
 .ARM.attributes
                0x00000000000003a1       0x2d build/port.o
 .ARM.attributes
                0x00000000000003ce       0x21 build/startup_stm32f103x6_init.o
 .ARM.attributes
                0x00000000000003ef       0x2d c:/users/ika/desktop/gnu mcu/arm-none-eabi-gcc-9.3.1-1.1/bin/../lib/gcc/arm-none-eabi/9.3.1/../../../../arm-none-eabi/lib/thumb/v7-m/nofp\libc_nano.a(lib_a-init.o)
 .ARM.attributes
                0x000000000000041c       0x2d c:/users/ika/desktop/gnu mcu/arm-none-eabi-gcc-9.3.1-1.1/bin/../lib/gcc/arm-none-eabi/9.3.1/../../../../arm-none-eabi/lib/thumb/v7-m/nofp\libc_nano.a(lib_a-memcpy-stub.o)
 .ARM.attributes
                0x0000000000000449       0x2d c:/users/ika/desktop/gnu mcu/arm-none-eabi-gcc-9.3.1-1.1/bin/../lib/gcc/arm-none-eabi/9.3.1/../../../../arm-none-eabi/lib/thumb/v7-m/nofp\libc_nano.a(lib_a-memset.o)
 .ARM.attributes
                0x0000000000000476       0x1d c:/users/ika/desktop/gnu mcu/arm-none-eabi-gcc-9.3.1-1.1/bin/../lib/gcc/arm-none-eabi/9.3.1/thumb/v7-m/nofp/crtn.o
OUTPUT(build/code.elf elf32-littlearm)
LOAD linker stubs
LOAD c:/users/ika/desktop/gnu mcu/arm-none-eabi-gcc-9.3.1-1.1/bin/../lib/gcc/arm-none-eabi/9.3.1/../../../../arm-none-eabi/lib/thumb/v7-m/nofp\libc.a
LOAD c:/users/ika/desktop/gnu mcu/arm-none-eabi-gcc-9.3.1-1.1/bin/../lib/gcc/arm-none-eabi/9.3.1/../../../../arm-none-eabi/lib/thumb/v7-m/nofp\libm.a
LOAD c:/users/ika/desktop/gnu mcu/arm-none-eabi-gcc-9.3.1-1.1/bin/../lib/gcc/arm-none-eabi/9.3.1/thumb/v7-m/nofp\libgcc.a

.debug_info     0x0000000000000000    0x1bfc8
 .debug_info    0x0000000000000000      0xacb build/main.o
 .debug_info    0x0000000000000acb      0x633 build/gpio.o
 .debug_info    0x00000000000010fe      0x48c build/freertos.o
 .debug_info    0x000000000000158a      0x915 build/stm32f1xx_it.o
 .debug_info    0x0000000000001e9f      0x48c build/stm32f1xx_hal_msp.o
 .debug_info    0x000000000000232b      0xba0 build/stm32f1xx_hal_timebase_tim.o
 .debug_info    0x0000000000002ecb      0x8c6 build/stm32f1xx_hal.o
 .debug_info    0x0000000000003791      0xb67 build/stm32f1xx_hal_rcc.o
 .debug_info    0x00000000000042f8      0x7d1 build/stm32f1xx_hal_gpio.o
 .debug_info    0x0000000000004ac9      0xed9 build/stm32f1xx_hal_cortex.o
 .debug_info    0x00000000000059a2     0x3ebf build/stm32f1xx_hal_tim.o
 .debug_info    0x0000000000009861     0x1c1a build/stm32f1xx_hal_tim_ex.o
 .debug_info    0x000000000000b47b      0x2f7 build/system_stm32f1xx.o
 .debug_info    0x000000000000b772      0xc9e build/list.o
 .debug_info    0x000000000000c410     0x31f0 build/queue.o
 .debug_info    0x000000000000f600     0x3b3f build/tasks.o
 .debug_info    0x000000000001313f     0x23f5 build/timers.o
 .debug_info    0x0000000000015534     0x56d9 build/cmsis_os2.o
 .debug_info    0x000000000001ac0d      0xe30 build/heap_4.o
 .debug_info    0x000000000001ba3d      0x569 build/port.o
 .debug_info    0x000000000001bfa6       0x22 build/startup_stm32f103x6_init.o

.debug_abbrev   0x0000000000000000     0x35af
 .debug_abbrev  0x0000000000000000      0x241 build/main.o
 .debug_abbrev  0x0000000000000241      0x19b build/gpio.o
 .debug_abbrev  0x00000000000003dc      0x14d build/freertos.o
 .debug_abbrev  0x0000000000000529      0x1c1 build/stm32f1xx_it.o
 .debug_abbrev  0x00000000000006ea      0x15d build/stm32f1xx_hal_msp.o
 .debug_abbrev  0x0000000000000847      0x21c build/stm32f1xx_hal_timebase_tim.o
 .debug_abbrev  0x0000000000000a63      0x21c build/stm32f1xx_hal.o
 .debug_abbrev  0x0000000000000c7f      0x2ad build/stm32f1xx_hal_rcc.o
 .debug_abbrev  0x0000000000000f2c      0x24f build/stm32f1xx_hal_gpio.o
 .debug_abbrev  0x000000000000117b      0x37f build/stm32f1xx_hal_cortex.o
 .debug_abbrev  0x00000000000014fa      0x2c3 build/stm32f1xx_hal_tim.o
 .debug_abbrev  0x00000000000017bd      0x2ab build/stm32f1xx_hal_tim_ex.o
 .debug_abbrev  0x0000000000001a68      0x153 build/system_stm32f1xx.o
 .debug_abbrev  0x0000000000001bbb      0x245 build/list.o
 .debug_abbrev  0x0000000000001e00      0x478 build/queue.o
 .debug_abbrev  0x0000000000002278      0x476 build/tasks.o
 .debug_abbrev  0x00000000000026ee      0x3de build/timers.o
 .debug_abbrev  0x0000000000002acc      0x4c7 build/cmsis_os2.o
 .debug_abbrev  0x0000000000002f93      0x36d build/heap_4.o
 .debug_abbrev  0x0000000000003300      0x29d build/port.o
 .debug_abbrev  0x000000000000359d       0x12 build/startup_stm32f103x6_init.o

.debug_loc      0x0000000000000000    0x15d35
 .debug_loc     0x0000000000000000       0xc8 build/main.o
 .debug_loc     0x00000000000000c8       0x38 build/gpio.o
 .debug_loc     0x0000000000000100       0x7d build/freertos.o
 .debug_loc     0x000000000000017d       0xa0 build/stm32f1xx_it.o
 .debug_loc     0x000000000000021d       0x4d build/stm32f1xx_hal_msp.o
 .debug_loc     0x000000000000026a       0xcd build/stm32f1xx_hal_timebase_tim.o
 .debug_loc     0x0000000000000337      0x1e1 build/stm32f1xx_hal.o
 .debug_loc     0x0000000000000518      0x7c0 build/stm32f1xx_hal_rcc.o
 .debug_loc     0x0000000000000cd8      0x532 build/stm32f1xx_hal_gpio.o
 .debug_loc     0x000000000000120a      0x7af build/stm32f1xx_hal_cortex.o
 .debug_loc     0x00000000000019b9     0x55c1 build/stm32f1xx_hal_tim.o
 .debug_loc     0x0000000000006f7a     0x209d build/stm32f1xx_hal_tim_ex.o
 .debug_loc     0x0000000000009017       0xff build/system_stm32f1xx.o
 .debug_loc     0x0000000000009116       0xe5 build/list.o
 .debug_loc     0x00000000000091fb     0x2076 build/queue.o
 .debug_loc     0x000000000000b271     0x2b30 build/tasks.o
 .debug_loc     0x000000000000dda1     0x154c build/timers.o
 .debug_loc     0x000000000000f2ed     0x6527 build/cmsis_os2.o
 .debug_loc     0x0000000000015814      0x3b5 build/heap_4.o
 .debug_loc     0x0000000000015bc9      0x16c build/port.o

.debug_aranges  0x0000000000000000     0x1080
 .debug_aranges
                0x0000000000000000       0x38 build/main.o
 .debug_aranges
                0x0000000000000038       0x20 build/gpio.o
 .debug_aranges
                0x0000000000000058       0x28 build/freertos.o
 .debug_aranges
                0x0000000000000080       0x70 build/stm32f1xx_it.o
 .debug_aranges
                0x00000000000000f0       0x20 build/stm32f1xx_hal_msp.o
 .debug_aranges
                0x0000000000000110       0x30 build/stm32f1xx_hal_timebase_tim.o
 .debug_aranges
                0x0000000000000140       0xe0 build/stm32f1xx_hal.o
 .debug_aranges
                0x0000000000000220       0x90 build/stm32f1xx_hal_rcc.o
 .debug_aranges
                0x00000000000002b0       0x58 build/stm32f1xx_hal_gpio.o
 .debug_aranges
                0x0000000000000308       0x90 build/stm32f1xx_hal_cortex.o
 .debug_aranges
                0x0000000000000398      0x3d0 build/stm32f1xx_hal_tim.o
 .debug_aranges
                0x0000000000000768      0x168 build/stm32f1xx_hal_tim_ex.o
 .debug_aranges
                0x00000000000008d0       0x28 build/system_stm32f1xx.o
 .debug_aranges
                0x00000000000008f8       0x40 build/list.o
 .debug_aranges
                0x0000000000000938      0x158 build/queue.o
 .debug_aranges
                0x0000000000000a90      0x1f8 build/tasks.o
 .debug_aranges
                0x0000000000000c88       0xe0 build/timers.o
 .debug_aranges
                0x0000000000000d68      0x228 build/cmsis_os2.o
 .debug_aranges
                0x0000000000000f90       0x50 build/heap_4.o
 .debug_aranges
                0x0000000000000fe0       0x78 build/port.o
 .debug_aranges
                0x0000000000001058       0x28 build/startup_stm32f103x6_init.o

.debug_ranges   0x0000000000000000     0x11c8
 .debug_ranges  0x0000000000000000       0x28 build/main.o
 .debug_ranges  0x0000000000000028       0x10 build/gpio.o
 .debug_ranges  0x0000000000000038       0x18 build/freertos.o
 .debug_ranges  0x0000000000000050       0x60 build/stm32f1xx_it.o
 .debug_ranges  0x00000000000000b0       0x10 build/stm32f1xx_hal_msp.o
 .debug_ranges  0x00000000000000c0       0x20 build/stm32f1xx_hal_timebase_tim.o
 .debug_ranges  0x00000000000000e0       0xd0 build/stm32f1xx_hal.o
 .debug_ranges  0x00000000000001b0       0xa0 build/stm32f1xx_hal_rcc.o
 .debug_ranges  0x0000000000000250       0x48 build/stm32f1xx_hal_gpio.o
 .debug_ranges  0x0000000000000298       0xe0 build/stm32f1xx_hal_cortex.o
 .debug_ranges  0x0000000000000378      0x3c0 build/stm32f1xx_hal_tim.o
 .debug_ranges  0x0000000000000738      0x158 build/stm32f1xx_hal_tim_ex.o
 .debug_ranges  0x0000000000000890       0x18 build/system_stm32f1xx.o
 .debug_ranges  0x00000000000008a8       0x30 build/list.o
 .debug_ranges  0x00000000000008d8      0x218 build/queue.o
 .debug_ranges  0x0000000000000af0      0x328 build/tasks.o
 .debug_ranges  0x0000000000000e18       0xd0 build/timers.o
 .debug_ranges  0x0000000000000ee8      0x218 build/cmsis_os2.o
 .debug_ranges  0x0000000000001100       0x40 build/heap_4.o
 .debug_ranges  0x0000000000001140       0x68 build/port.o
 .debug_ranges  0x00000000000011a8       0x20 build/startup_stm32f103x6_init.o

.debug_line     0x0000000000000000    0x1309d
 .debug_line    0x0000000000000000      0x3be build/main.o
 .debug_line    0x00000000000003be      0x256 build/gpio.o
 .debug_line    0x0000000000000614      0x295 build/freertos.o
 .debug_line    0x00000000000008a9      0x364 build/stm32f1xx_it.o
 .debug_line    0x0000000000000c0d      0x208 build/stm32f1xx_hal_msp.o
 .debug_line    0x0000000000000e15      0x2ed build/stm32f1xx_hal_timebase_tim.o
 .debug_line    0x0000000000001102      0x530 build/stm32f1xx_hal.o
 .debug_line    0x0000000000001632      0xc4d build/stm32f1xx_hal_rcc.o
 .debug_line    0x000000000000227f      0x621 build/stm32f1xx_hal_gpio.o
 .debug_line    0x00000000000028a0      0x686 build/stm32f1xx_hal_cortex.o
 .debug_line    0x0000000000002f26     0x4690 build/stm32f1xx_hal_tim.o
 .debug_line    0x00000000000075b6     0x1c92 build/stm32f1xx_hal_tim_ex.o
 .debug_line    0x0000000000009248      0x2a0 build/system_stm32f1xx.o
 .debug_line    0x00000000000094e8      0x47e build/list.o
 .debug_line    0x0000000000009966     0x20d3 build/queue.o
 .debug_line    0x000000000000ba39     0x2c7c build/tasks.o
 .debug_line    0x000000000000e6b5      0xea7 build/timers.o
 .debug_line    0x000000000000f55c     0x2da3 build/cmsis_os2.o
 .debug_line    0x00000000000122ff      0x6fc build/heap_4.o
 .debug_line    0x00000000000129fb      0x61f build/port.o
 .debug_line    0x000000000001301a       0x83 build/startup_stm32f103x6_init.o

.debug_str      0x0000000000000000     0x5f85
 .debug_str     0x0000000000000000      0x87f build/main.o
                                        0x94a (size before relaxing)
 .debug_str     0x000000000000087f      0x3a6 build/gpio.o
                                        0x620 (size before relaxing)
 .debug_str     0x0000000000000c25      0x4d8 build/freertos.o
                                        0x74d (size before relaxing)
 .debug_str     0x00000000000010fd      0x109 build/stm32f1xx_it.o
                                        0x830 (size before relaxing)
 .debug_str     0x0000000000001206       0x5a build/stm32f1xx_hal_msp.o
                                        0x5af (size before relaxing)
 .debug_str     0x0000000000001260       0xf8 build/stm32f1xx_hal_timebase_tim.o
                                        0xb96 (size before relaxing)
 .debug_str     0x0000000000001358      0x242 build/stm32f1xx_hal.o
                                        0x839 (size before relaxing)
 .debug_str     0x000000000000159a      0x1be build/stm32f1xx_hal_rcc.o
                                        0x6c2 (size before relaxing)
 .debug_str     0x0000000000001758      0x111 build/stm32f1xx_hal_gpio.o
                                        0x4e0 (size before relaxing)
 .debug_str     0x0000000000001869      0x39f build/stm32f1xx_hal_cortex.o
                                        0x955 (size before relaxing)
 .debug_str     0x0000000000001c08      0xed4 build/stm32f1xx_hal_tim.o
                                       0x1718 (size before relaxing)
 .debug_str     0x0000000000002adc      0x5bd build/stm32f1xx_hal_tim_ex.o
                                        0xf42 (size before relaxing)
 .debug_str     0x0000000000003099       0x52 build/system_stm32f1xx.o
                                        0x2f6 (size before relaxing)
 .debug_str     0x00000000000030eb      0x511 build/list.o
                                        0x6ed (size before relaxing)
 .debug_str     0x00000000000035fc      0x9b5 build/queue.o
                                       0x106b (size before relaxing)
 .debug_str     0x0000000000003fb1      0xc37 build/tasks.o
                                       0x1678 (size before relaxing)
 .debug_str     0x0000000000004be8      0x5ac build/timers.o
                                        0xfde (size before relaxing)
 .debug_str     0x0000000000005194      0xa64 build/cmsis_os2.o
                                       0x1cc9 (size before relaxing)
 .debug_str     0x0000000000005bf8      0x1d8 build/heap_4.o
                                        0x7d6 (size before relaxing)
 .debug_str     0x0000000000005dd0      0x180 build/port.o
                                        0x463 (size before relaxing)
 .debug_str     0x0000000000005f50       0x35 build/startup_stm32f103x6_init.o
                                         0x77 (size before relaxing)

.comment        0x0000000000000000       0x43
 .comment       0x0000000000000000       0x43 build/main.o
                                         0x44 (size before relaxing)
 .comment       0x0000000000000043       0x44 build/gpio.o
 .comment       0x0000000000000043       0x44 build/freertos.o
 .comment       0x0000000000000043       0x44 build/stm32f1xx_it.o
 .comment       0x0000000000000043       0x44 build/stm32f1xx_hal_msp.o
 .comment       0x0000000000000043       0x44 build/stm32f1xx_hal_timebase_tim.o
 .comment       0x0000000000000043       0x44 build/stm32f1xx_hal.o
 .comment       0x0000000000000043       0x44 build/stm32f1xx_hal_rcc.o
 .comment       0x0000000000000043       0x44 build/stm32f1xx_hal_gpio.o
 .comment       0x0000000000000043       0x44 build/stm32f1xx_hal_cortex.o
 .comment       0x0000000000000043       0x44 build/stm32f1xx_hal_tim.o
 .comment       0x0000000000000043       0x44 build/stm32f1xx_hal_tim_ex.o
 .comment       0x0000000000000043       0x44 build/system_stm32f1xx.o
 .comment       0x0000000000000043       0x44 build/list.o
 .comment       0x0000000000000043       0x44 build/queue.o
 .comment       0x0000000000000043       0x44 build/tasks.o
 .comment       0x0000000000000043       0x44 build/timers.o
 .comment       0x0000000000000043       0x44 build/cmsis_os2.o
 .comment       0x0000000000000043       0x44 build/heap_4.o
 .comment       0x0000000000000043       0x44 build/port.o

.debug_frame    0x0000000000000000     0x2f0c
 .debug_frame   0x0000000000000000       0x70 build/main.o
 .debug_frame   0x0000000000000070       0x34 build/gpio.o
 .debug_frame   0x00000000000000a4       0x48 build/freertos.o
 .debug_frame   0x00000000000000ec       0xe8 build/stm32f1xx_it.o
 .debug_frame   0x00000000000001d4       0x2c build/stm32f1xx_hal_msp.o
 .debug_frame   0x0000000000000200       0x50 build/stm32f1xx_hal_timebase_tim.o
 .debug_frame   0x0000000000000250      0x1cc build/stm32f1xx_hal.o
 .debug_frame   0x000000000000041c      0x190 build/stm32f1xx_hal_rcc.o
 .debug_frame   0x00000000000005ac       0xe8 build/stm32f1xx_hal_gpio.o
 .debug_frame   0x0000000000000694      0x12c build/stm32f1xx_hal_cortex.o
 .debug_frame   0x00000000000007c0      0xb44 build/stm32f1xx_hal_tim.o
 .debug_frame   0x0000000000001304      0x418 build/stm32f1xx_hal_tim_ex.o
 .debug_frame   0x000000000000171c       0x30 build/system_stm32f1xx.o
 .debug_frame   0x000000000000174c       0x70 build/list.o
 .debug_frame   0x00000000000017bc      0x45c build/queue.o
 .debug_frame   0x0000000000001c18      0x650 build/tasks.o
 .debug_frame   0x0000000000002268      0x2cc build/timers.o
 .debug_frame   0x0000000000002534      0x7c8 build/cmsis_os2.o
 .debug_frame   0x0000000000002cfc       0xac build/heap_4.o
 .debug_frame   0x0000000000002da8       0xf0 build/port.o
 .debug_frame   0x0000000000002e98       0x2c c:/users/ika/desktop/gnu mcu/arm-none-eabi-gcc-9.3.1-1.1/bin/../lib/gcc/arm-none-eabi/9.3.1/../../../../arm-none-eabi/lib/thumb/v7-m/nofp\libc_nano.a(lib_a-init.o)
 .debug_frame   0x0000000000002ec4       0x28 c:/users/ika/desktop/gnu mcu/arm-none-eabi-gcc-9.3.1-1.1/bin/../lib/gcc/arm-none-eabi/9.3.1/../../../../arm-none-eabi/lib/thumb/v7-m/nofp\libc_nano.a(lib_a-memcpy-stub.o)
 .debug_frame   0x0000000000002eec       0x20 c:/users/ika/desktop/gnu mcu/arm-none-eabi-gcc-9.3.1-1.1/bin/../lib/gcc/arm-none-eabi/9.3.1/../../../../arm-none-eabi/lib/thumb/v7-m/nofp\libc_nano.a(lib_a-memset.o)

Cross Reference Table

Symbol                                            File
ADC1_2_IRQHandler                                 build/startup_stm32f103x6_init.o
AHBPrescTable                                     build/system_stm32f1xx.o
                                                  build/stm32f1xx_hal_rcc.o
APBPrescTable                                     build/system_stm32f1xx.o
                                                  build/stm32f1xx_hal_rcc.o
BusFault_Handler                                  build/stm32f1xx_it.o
CAN1_RX1_IRQHandler                               build/startup_stm32f103x6_init.o
CAN1_SCE_IRQHandler                               build/startup_stm32f103x6_init.o
DMA1_Channel1_IRQHandler                          build/startup_stm32f103x6_init.o
DMA1_Channel2_IRQHandler                          build/startup_stm32f103x6_init.o
DMA1_Channel3_IRQHandler                          build/startup_stm32f103x6_init.o
DMA1_Channel4_IRQHandler                          build/startup_stm32f103x6_init.o
DMA1_Channel5_IRQHandler                          build/startup_stm32f103x6_init.o
DMA1_Channel6_IRQHandler                          build/startup_stm32f103x6_init.o
DMA1_Channel7_IRQHandler                          build/startup_stm32f103x6_init.o
DebugMon_Handler                                  build/stm32f1xx_it.o
Default_Handler                                   build/startup_stm32f103x6_init.o
EXTI0_IRQHandler                                  build/stm32f1xx_it.o
EXTI15_10_IRQHandler                              build/startup_stm32f103x6_init.o
EXTI1_IRQHandler                                  build/stm32f1xx_it.o
EXTI2_IRQHandler                                  build/stm32f1xx_it.o
EXTI3_IRQHandler                                  build/stm32f1xx_it.o
EXTI4_IRQHandler                                  build/startup_stm32f103x6_init.o
EXTI9_5_IRQHandler                                build/startup_stm32f103x6_init.o
Error_Handler                                     build/main.o
FLASH_IRQHandler                                  build/startup_stm32f103x6_init.o
FLASH_PageErase                                   build/stm32f1xx_hal_flash_ex.o
                                                  build/stm32f1xx_hal_flash.o
FLASH_WaitForLastOperation                        build/stm32f1xx_hal_flash.o
                                                  build/stm32f1xx_hal_flash_ex.o
HAL_DBGMCU_DisableDBGSleepMode                    build/stm32f1xx_hal.o
HAL_DBGMCU_DisableDBGStandbyMode                  build/stm32f1xx_hal.o
HAL_DBGMCU_DisableDBGStopMode                     build/stm32f1xx_hal.o
HAL_DBGMCU_EnableDBGSleepMode                     build/stm32f1xx_hal.o
HAL_DBGMCU_EnableDBGStandbyMode                   build/stm32f1xx_hal.o
HAL_DBGMCU_EnableDBGStopMode                      build/stm32f1xx_hal.o
HAL_DMA_Abort                                     build/stm32f1xx_hal_dma.o
HAL_DMA_Abort_IT                                  build/stm32f1xx_hal_dma.o
                                                  build/stm32f1xx_hal_tim_ex.o
                                                  build/stm32f1xx_hal_tim.o
HAL_DMA_DeInit                                    build/stm32f1xx_hal_dma.o
HAL_DMA_GetError                                  build/stm32f1xx_hal_dma.o
HAL_DMA_GetState                                  build/stm32f1xx_hal_dma.o
HAL_DMA_IRQHandler                                build/stm32f1xx_hal_dma.o
HAL_DMA_Init                                      build/stm32f1xx_hal_dma.o
HAL_DMA_PollForTransfer                           build/stm32f1xx_hal_dma.o
HAL_DMA_RegisterCallback                          build/stm32f1xx_hal_dma.o
HAL_DMA_Start                                     build/stm32f1xx_hal_dma.o
HAL_DMA_Start_IT                                  build/stm32f1xx_hal_dma.o
                                                  build/stm32f1xx_hal_tim_ex.o
                                                  build/stm32f1xx_hal_tim.o
HAL_DMA_UnRegisterCallback                        build/stm32f1xx_hal_dma.o
HAL_DeInit                                        build/stm32f1xx_hal.o
HAL_Delay                                         build/stm32f1xx_hal.o
HAL_EXTI_ClearConfigLine                          build/stm32f1xx_hal_exti.o
HAL_EXTI_ClearPending                             build/stm32f1xx_hal_exti.o
HAL_EXTI_GenerateSWI                              build/stm32f1xx_hal_exti.o
HAL_EXTI_GetConfigLine                            build/stm32f1xx_hal_exti.o
HAL_EXTI_GetHandle                                build/stm32f1xx_hal_exti.o
HAL_EXTI_GetPending                               build/stm32f1xx_hal_exti.o
HAL_EXTI_IRQHandler                               build/stm32f1xx_hal_exti.o
HAL_EXTI_RegisterCallback                         build/stm32f1xx_hal_exti.o
HAL_EXTI_SetConfigLine                            build/stm32f1xx_hal_exti.o
HAL_FLASHEx_Erase                                 build/stm32f1xx_hal_flash_ex.o
HAL_FLASHEx_Erase_IT                              build/stm32f1xx_hal_flash_ex.o
HAL_FLASHEx_OBErase                               build/stm32f1xx_hal_flash_ex.o
HAL_FLASHEx_OBGetConfig                           build/stm32f1xx_hal_flash_ex.o
HAL_FLASHEx_OBGetUserData                         build/stm32f1xx_hal_flash_ex.o
HAL_FLASHEx_OBProgram                             build/stm32f1xx_hal_flash_ex.o
HAL_FLASH_EndOfOperationCallback                  build/stm32f1xx_hal_flash.o
HAL_FLASH_GetError                                build/stm32f1xx_hal_flash.o
HAL_FLASH_IRQHandler                              build/stm32f1xx_hal_flash.o
HAL_FLASH_Lock                                    build/stm32f1xx_hal_flash.o
HAL_FLASH_OB_Launch                               build/stm32f1xx_hal_flash.o
HAL_FLASH_OB_Lock                                 build/stm32f1xx_hal_flash.o
HAL_FLASH_OB_Unlock                               build/stm32f1xx_hal_flash.o
HAL_FLASH_OperationErrorCallback                  build/stm32f1xx_hal_flash.o
HAL_FLASH_Program                                 build/stm32f1xx_hal_flash.o
HAL_FLASH_Program_IT                              build/stm32f1xx_hal_flash.o
HAL_FLASH_Unlock                                  build/stm32f1xx_hal_flash.o
HAL_GPIOEx_ConfigEventout                         build/stm32f1xx_hal_gpio_ex.o
HAL_GPIOEx_DisableEventout                        build/stm32f1xx_hal_gpio_ex.o
HAL_GPIOEx_EnableEventout                         build/stm32f1xx_hal_gpio_ex.o
HAL_GPIO_DeInit                                   build/stm32f1xx_hal_gpio.o
HAL_GPIO_EXTI_Callback                            build/stm32f1xx_hal_gpio.o
HAL_GPIO_EXTI_IRQHandler                          build/stm32f1xx_hal_gpio.o
                                                  build/stm32f1xx_it.o
HAL_GPIO_Init                                     build/stm32f1xx_hal_gpio.o
                                                  build/stm32f1xx_hal_rcc.o
                                                  build/gpio.o
HAL_GPIO_LockPin                                  build/stm32f1xx_hal_gpio.o
HAL_GPIO_ReadPin                                  build/stm32f1xx_hal_gpio.o
HAL_GPIO_TogglePin                                build/stm32f1xx_hal_gpio.o
HAL_GPIO_WritePin                                 build/stm32f1xx_hal_gpio.o
                                                  build/gpio.o
HAL_GetDEVID                                      build/stm32f1xx_hal.o
HAL_GetHalVersion                                 build/stm32f1xx_hal.o
HAL_GetREVID                                      build/stm32f1xx_hal.o
HAL_GetTick                                       build/stm32f1xx_hal.o
                                                  build/stm32f1xx_hal_flash.o
                                                  build/stm32f1xx_hal_dma.o
                                                  build/stm32f1xx_hal_rcc_ex.o
                                                  build/stm32f1xx_hal_rcc.o
HAL_GetTickFreq                                   build/stm32f1xx_hal.o
HAL_GetTickPrio                                   build/stm32f1xx_hal.o
HAL_GetUIDw0                                      build/stm32f1xx_hal.o
HAL_GetUIDw1                                      build/stm32f1xx_hal.o
HAL_GetUIDw2                                      build/stm32f1xx_hal.o
HAL_IncTick                                       build/stm32f1xx_hal.o
                                                  build/main.o
HAL_Init                                          build/stm32f1xx_hal.o
                                                  build/main.o
HAL_InitTick                                      build/stm32f1xx_hal_timebase_tim.o
                                                  build/stm32f1xx_hal_rcc.o
HAL_MspDeInit                                     build/stm32f1xx_hal.o
HAL_MspInit                                       build/stm32f1xx_hal_msp.o
HAL_NVIC_ClearPendingIRQ                          build/stm32f1xx_hal_cortex.o
HAL_NVIC_DisableIRQ                               build/stm32f1xx_hal_cortex.o
HAL_NVIC_EnableIRQ                                build/stm32f1xx_hal_cortex.o
                                                  build/stm32f1xx_hal_timebase_tim.o
                                                  build/gpio.o
HAL_NVIC_GetActive                                build/stm32f1xx_hal_cortex.o
HAL_NVIC_GetPendingIRQ                            build/stm32f1xx_hal_cortex.o
HAL_NVIC_GetPriority                              build/stm32f1xx_hal_cortex.o
HAL_NVIC_GetPriorityGrouping                      build/stm32f1xx_hal_cortex.o
HAL_NVIC_SetPendingIRQ                            build/stm32f1xx_hal_cortex.o
HAL_NVIC_SetPriority                              build/stm32f1xx_hal_cortex.o
                                                  build/stm32f1xx_hal.o
                                                  build/stm32f1xx_hal_timebase_tim.o
                                                  build/stm32f1xx_hal_msp.o
                                                  build/gpio.o
HAL_NVIC_SetPriorityGrouping                      build/stm32f1xx_hal_cortex.o
                                                  build/stm32f1xx_hal.o
HAL_NVIC_SystemReset                              build/stm32f1xx_hal_cortex.o
                                                  build/stm32f1xx_hal_flash.o
HAL_PWR_ConfigPVD                                 build/stm32f1xx_hal_pwr.o
HAL_PWR_DeInit                                    build/stm32f1xx_hal_pwr.o
HAL_PWR_DisableBkUpAccess                         build/stm32f1xx_hal_pwr.o
HAL_PWR_DisablePVD                                build/stm32f1xx_hal_pwr.o
HAL_PWR_DisableSEVOnPend                          build/stm32f1xx_hal_pwr.o
HAL_PWR_DisableSleepOnExit                        build/stm32f1xx_hal_pwr.o
HAL_PWR_DisableWakeUpPin                          build/stm32f1xx_hal_pwr.o
HAL_PWR_EnableBkUpAccess                          build/stm32f1xx_hal_pwr.o
HAL_PWR_EnablePVD                                 build/stm32f1xx_hal_pwr.o
HAL_PWR_EnableSEVOnPend                           build/stm32f1xx_hal_pwr.o
HAL_PWR_EnableSleepOnExit                         build/stm32f1xx_hal_pwr.o
HAL_PWR_EnableWakeUpPin                           build/stm32f1xx_hal_pwr.o
HAL_PWR_EnterSLEEPMode                            build/stm32f1xx_hal_pwr.o
HAL_PWR_EnterSTANDBYMode                          build/stm32f1xx_hal_pwr.o
HAL_PWR_EnterSTOPMode                             build/stm32f1xx_hal_pwr.o
HAL_PWR_PVDCallback                               build/stm32f1xx_hal_pwr.o
HAL_PWR_PVD_IRQHandler                            build/stm32f1xx_hal_pwr.o
HAL_RCCEx_GetPeriphCLKConfig                      build/stm32f1xx_hal_rcc_ex.o
HAL_RCCEx_GetPeriphCLKFreq                        build/stm32f1xx_hal_rcc_ex.o
HAL_RCCEx_PeriphCLKConfig                         build/stm32f1xx_hal_rcc_ex.o
HAL_RCC_CSSCallback                               build/stm32f1xx_hal_rcc.o
HAL_RCC_ClockConfig                               build/stm32f1xx_hal_rcc.o
                                                  build/main.o
HAL_RCC_DeInit                                    build/stm32f1xx_hal_rcc.o
HAL_RCC_DisableCSS                                build/stm32f1xx_hal_rcc.o
HAL_RCC_EnableCSS                                 build/stm32f1xx_hal_rcc.o
HAL_RCC_GetClockConfig                            build/stm32f1xx_hal_rcc.o
                                                  build/stm32f1xx_hal_timebase_tim.o
HAL_RCC_GetHCLKFreq                               build/stm32f1xx_hal_rcc.o
HAL_RCC_GetOscConfig                              build/stm32f1xx_hal_rcc.o
HAL_RCC_GetPCLK1Freq                              build/stm32f1xx_hal_rcc.o
HAL_RCC_GetPCLK2Freq                              build/stm32f1xx_hal_rcc.o
                                                  build/stm32f1xx_hal_rcc_ex.o
                                                  build/stm32f1xx_hal_timebase_tim.o
HAL_RCC_GetSysClockFreq                           build/stm32f1xx_hal_rcc.o
HAL_RCC_MCOConfig                                 build/stm32f1xx_hal_rcc.o
HAL_RCC_NMI_IRQHandler                            build/stm32f1xx_hal_rcc.o
HAL_RCC_OscConfig                                 build/stm32f1xx_hal_rcc.o
                                                  build/main.o
HAL_ResumeTick                                    build/stm32f1xx_hal_timebase_tim.o
HAL_SYSTICK_CLKSourceConfig                       build/stm32f1xx_hal_cortex.o
HAL_SYSTICK_Callback                              build/stm32f1xx_hal_cortex.o
HAL_SYSTICK_Config                                build/stm32f1xx_hal_cortex.o
                                                  build/stm32f1xx_hal.o
HAL_SYSTICK_IRQHandler                            build/stm32f1xx_hal_cortex.o
HAL_SetTickFreq                                   build/stm32f1xx_hal.o
HAL_SuspendTick                                   build/stm32f1xx_hal_timebase_tim.o
HAL_TIMEx_BreakCallback                           build/stm32f1xx_hal_tim_ex.o
                                                  build/stm32f1xx_hal_tim.o
HAL_TIMEx_CommutCallback                          build/stm32f1xx_hal_tim_ex.o
                                                  build/stm32f1xx_hal_tim.o
HAL_TIMEx_CommutHalfCpltCallback                  build/stm32f1xx_hal_tim_ex.o
HAL_TIMEx_ConfigBreakDeadTime                     build/stm32f1xx_hal_tim_ex.o
HAL_TIMEx_ConfigCommutEvent                       build/stm32f1xx_hal_tim_ex.o
HAL_TIMEx_ConfigCommutEvent_DMA                   build/stm32f1xx_hal_tim_ex.o
HAL_TIMEx_ConfigCommutEvent_IT                    build/stm32f1xx_hal_tim_ex.o
HAL_TIMEx_GetChannelNState                        build/stm32f1xx_hal_tim_ex.o
HAL_TIMEx_HallSensor_DeInit                       build/stm32f1xx_hal_tim_ex.o
HAL_TIMEx_HallSensor_GetState                     build/stm32f1xx_hal_tim_ex.o
HAL_TIMEx_HallSensor_Init                         build/stm32f1xx_hal_tim_ex.o
HAL_TIMEx_HallSensor_MspDeInit                    build/stm32f1xx_hal_tim_ex.o
HAL_TIMEx_HallSensor_MspInit                      build/stm32f1xx_hal_tim_ex.o
HAL_TIMEx_HallSensor_Start                        build/stm32f1xx_hal_tim_ex.o
HAL_TIMEx_HallSensor_Start_DMA                    build/stm32f1xx_hal_tim_ex.o
HAL_TIMEx_HallSensor_Start_IT                     build/stm32f1xx_hal_tim_ex.o
HAL_TIMEx_HallSensor_Stop                         build/stm32f1xx_hal_tim_ex.o
HAL_TIMEx_HallSensor_Stop_DMA                     build/stm32f1xx_hal_tim_ex.o
HAL_TIMEx_HallSensor_Stop_IT                      build/stm32f1xx_hal_tim_ex.o
HAL_TIMEx_MasterConfigSynchronization             build/stm32f1xx_hal_tim_ex.o
HAL_TIMEx_OCN_Start                               build/stm32f1xx_hal_tim_ex.o
HAL_TIMEx_OCN_Start_DMA                           build/stm32f1xx_hal_tim_ex.o
HAL_TIMEx_OCN_Start_IT                            build/stm32f1xx_hal_tim_ex.o
HAL_TIMEx_OCN_Stop                                build/stm32f1xx_hal_tim_ex.o
HAL_TIMEx_OCN_Stop_DMA                            build/stm32f1xx_hal_tim_ex.o
HAL_TIMEx_OCN_Stop_IT                             build/stm32f1xx_hal_tim_ex.o
HAL_TIMEx_OnePulseN_Start                         build/stm32f1xx_hal_tim_ex.o
HAL_TIMEx_OnePulseN_Start_IT                      build/stm32f1xx_hal_tim_ex.o
HAL_TIMEx_OnePulseN_Stop                          build/stm32f1xx_hal_tim_ex.o
HAL_TIMEx_OnePulseN_Stop_IT                       build/stm32f1xx_hal_tim_ex.o
HAL_TIMEx_PWMN_Start                              build/stm32f1xx_hal_tim_ex.o
HAL_TIMEx_PWMN_Start_DMA                          build/stm32f1xx_hal_tim_ex.o
HAL_TIMEx_PWMN_Start_IT                           build/stm32f1xx_hal_tim_ex.o
HAL_TIMEx_PWMN_Stop                               build/stm32f1xx_hal_tim_ex.o
HAL_TIMEx_PWMN_Stop_DMA                           build/stm32f1xx_hal_tim_ex.o
HAL_TIMEx_PWMN_Stop_IT                            build/stm32f1xx_hal_tim_ex.o
HAL_TIMEx_RemapConfig                             build/stm32f1xx_hal_tim_ex.o
HAL_TIM_Base_DeInit                               build/stm32f1xx_hal_tim.o
HAL_TIM_Base_GetState                             build/stm32f1xx_hal_tim.o
HAL_TIM_Base_Init                                 build/stm32f1xx_hal_tim.o
                                                  build/stm32f1xx_hal_timebase_tim.o
HAL_TIM_Base_MspDeInit                            build/stm32f1xx_hal_tim.o
HAL_TIM_Base_MspInit                              build/stm32f1xx_hal_tim.o
HAL_TIM_Base_Start                                build/stm32f1xx_hal_tim.o
HAL_TIM_Base_Start_DMA                            build/stm32f1xx_hal_tim.o
HAL_TIM_Base_Start_IT                             build/stm32f1xx_hal_tim.o
                                                  build/stm32f1xx_hal_timebase_tim.o
HAL_TIM_Base_Stop                                 build/stm32f1xx_hal_tim.o
HAL_TIM_Base_Stop_DMA                             build/stm32f1xx_hal_tim.o
HAL_TIM_Base_Stop_IT                              build/stm32f1xx_hal_tim.o
HAL_TIM_ConfigClockSource                         build/stm32f1xx_hal_tim.o
HAL_TIM_ConfigOCrefClear                          build/stm32f1xx_hal_tim.o
HAL_TIM_ConfigTI1Input                            build/stm32f1xx_hal_tim.o
HAL_TIM_DMABurstState                             build/stm32f1xx_hal_tim.o
HAL_TIM_DMABurst_MultiReadStart                   build/stm32f1xx_hal_tim.o
HAL_TIM_DMABurst_MultiWriteStart                  build/stm32f1xx_hal_tim.o
HAL_TIM_DMABurst_ReadStart                        build/stm32f1xx_hal_tim.o
HAL_TIM_DMABurst_ReadStop                         build/stm32f1xx_hal_tim.o
HAL_TIM_DMABurst_WriteStart                       build/stm32f1xx_hal_tim.o
HAL_TIM_DMABurst_WriteStop                        build/stm32f1xx_hal_tim.o
HAL_TIM_Encoder_DeInit                            build/stm32f1xx_hal_tim.o
HAL_TIM_Encoder_GetState                          build/stm32f1xx_hal_tim.o
HAL_TIM_Encoder_Init                              build/stm32f1xx_hal_tim.o
HAL_TIM_Encoder_MspDeInit                         build/stm32f1xx_hal_tim.o
HAL_TIM_Encoder_MspInit                           build/stm32f1xx_hal_tim.o
HAL_TIM_Encoder_Start                             build/stm32f1xx_hal_tim.o
HAL_TIM_Encoder_Start_DMA                         build/stm32f1xx_hal_tim.o
HAL_TIM_Encoder_Start_IT                          build/stm32f1xx_hal_tim.o
HAL_TIM_Encoder_Stop                              build/stm32f1xx_hal_tim.o
HAL_TIM_Encoder_Stop_DMA                          build/stm32f1xx_hal_tim.o
HAL_TIM_Encoder_Stop_IT                           build/stm32f1xx_hal_tim.o
HAL_TIM_ErrorCallback                             build/stm32f1xx_hal_tim.o
                                                  build/stm32f1xx_hal_tim_ex.o
HAL_TIM_GenerateEvent                             build/stm32f1xx_hal_tim.o
HAL_TIM_GetActiveChannel                          build/stm32f1xx_hal_tim.o
HAL_TIM_GetChannelState                           build/stm32f1xx_hal_tim.o
HAL_TIM_IC_CaptureCallback                        build/stm32f1xx_hal_tim.o
HAL_TIM_IC_CaptureHalfCpltCallback                build/stm32f1xx_hal_tim.o
HAL_TIM_IC_ConfigChannel                          build/stm32f1xx_hal_tim.o
HAL_TIM_IC_DeInit                                 build/stm32f1xx_hal_tim.o
HAL_TIM_IC_GetState                               build/stm32f1xx_hal_tim.o
HAL_TIM_IC_Init                                   build/stm32f1xx_hal_tim.o
HAL_TIM_IC_MspDeInit                              build/stm32f1xx_hal_tim.o
HAL_TIM_IC_MspInit                                build/stm32f1xx_hal_tim.o
HAL_TIM_IC_Start                                  build/stm32f1xx_hal_tim.o
HAL_TIM_IC_Start_DMA                              build/stm32f1xx_hal_tim.o
HAL_TIM_IC_Start_IT                               build/stm32f1xx_hal_tim.o
HAL_TIM_IC_Stop                                   build/stm32f1xx_hal_tim.o
HAL_TIM_IC_Stop_DMA                               build/stm32f1xx_hal_tim.o
HAL_TIM_IC_Stop_IT                                build/stm32f1xx_hal_tim.o
HAL_TIM_IRQHandler                                build/stm32f1xx_hal_tim.o
                                                  build/stm32f1xx_it.o
HAL_TIM_OC_ConfigChannel                          build/stm32f1xx_hal_tim.o
HAL_TIM_OC_DeInit                                 build/stm32f1xx_hal_tim.o
HAL_TIM_OC_DelayElapsedCallback                   build/stm32f1xx_hal_tim.o
HAL_TIM_OC_GetState                               build/stm32f1xx_hal_tim.o
HAL_TIM_OC_Init                                   build/stm32f1xx_hal_tim.o
HAL_TIM_OC_MspDeInit                              build/stm32f1xx_hal_tim.o
HAL_TIM_OC_MspInit                                build/stm32f1xx_hal_tim.o
HAL_TIM_OC_Start                                  build/stm32f1xx_hal_tim.o
HAL_TIM_OC_Start_DMA                              build/stm32f1xx_hal_tim.o
HAL_TIM_OC_Start_IT                               build/stm32f1xx_hal_tim.o
HAL_TIM_OC_Stop                                   build/stm32f1xx_hal_tim.o
HAL_TIM_OC_Stop_DMA                               build/stm32f1xx_hal_tim.o
HAL_TIM_OC_Stop_IT                                build/stm32f1xx_hal_tim.o
HAL_TIM_OnePulse_ConfigChannel                    build/stm32f1xx_hal_tim.o
HAL_TIM_OnePulse_DeInit                           build/stm32f1xx_hal_tim.o
HAL_TIM_OnePulse_GetState                         build/stm32f1xx_hal_tim.o
HAL_TIM_OnePulse_Init                             build/stm32f1xx_hal_tim.o
HAL_TIM_OnePulse_MspDeInit                        build/stm32f1xx_hal_tim.o
HAL_TIM_OnePulse_MspInit                          build/stm32f1xx_hal_tim.o
HAL_TIM_OnePulse_Start                            build/stm32f1xx_hal_tim.o
HAL_TIM_OnePulse_Start_IT                         build/stm32f1xx_hal_tim.o
HAL_TIM_OnePulse_Stop                             build/stm32f1xx_hal_tim.o
HAL_TIM_OnePulse_Stop_IT                          build/stm32f1xx_hal_tim.o
HAL_TIM_PWM_ConfigChannel                         build/stm32f1xx_hal_tim.o
HAL_TIM_PWM_DeInit                                build/stm32f1xx_hal_tim.o
HAL_TIM_PWM_GetState                              build/stm32f1xx_hal_tim.o
HAL_TIM_PWM_Init                                  build/stm32f1xx_hal_tim.o
HAL_TIM_PWM_MspDeInit                             build/stm32f1xx_hal_tim.o
HAL_TIM_PWM_MspInit                               build/stm32f1xx_hal_tim.o
HAL_TIM_PWM_PulseFinishedCallback                 build/stm32f1xx_hal_tim.o
                                                  build/stm32f1xx_hal_tim_ex.o
HAL_TIM_PWM_PulseFinishedHalfCpltCallback         build/stm32f1xx_hal_tim.o
HAL_TIM_PWM_Start                                 build/stm32f1xx_hal_tim.o
HAL_TIM_PWM_Start_DMA                             build/stm32f1xx_hal_tim.o
HAL_TIM_PWM_Start_IT                              build/stm32f1xx_hal_tim.o
HAL_TIM_PWM_Stop                                  build/stm32f1xx_hal_tim.o
HAL_TIM_PWM_Stop_DMA                              build/stm32f1xx_hal_tim.o
HAL_TIM_PWM_Stop_IT                               build/stm32f1xx_hal_tim.o
HAL_TIM_PeriodElapsedCallback                     build/main.o
HAL_TIM_PeriodElapsedHalfCpltCallback             build/stm32f1xx_hal_tim.o
HAL_TIM_ReadCapturedValue                         build/stm32f1xx_hal_tim.o
HAL_TIM_SlaveConfigSynchro                        build/stm32f1xx_hal_tim.o
HAL_TIM_SlaveConfigSynchro_IT                     build/stm32f1xx_hal_tim.o
HAL_TIM_TriggerCallback                           build/stm32f1xx_hal_tim.o
HAL_TIM_TriggerHalfCpltCallback                   build/stm32f1xx_hal_tim.o
HardFault_Handler                                 build/stm32f1xx_it.o
I2C1_ER_IRQHandler                                build/startup_stm32f103x6_init.o
I2C1_EV_IRQHandler                                build/startup_stm32f103x6_init.o
MX_FREERTOS_Init                                  build/freertos.o
                                                  build/main.o
MX_GPIO_Init                                      build/gpio.o
                                                  build/main.o
MemManage_Handler                                 build/stm32f1xx_it.o
NMI_Handler                                       build/stm32f1xx_it.o
PVD_IRQHandler                                    build/startup_stm32f103x6_init.o
PendSV_Handler                                    build/port.o
RCC_IRQHandler                                    build/startup_stm32f103x6_init.o
RTC_Alarm_IRQHandler                              build/startup_stm32f103x6_init.o
RTC_IRQHandler                                    build/startup_stm32f103x6_init.o
Reset_Handler                                     build/startup_stm32f103x6_init.o
SPI1_IRQHandler                                   build/startup_stm32f103x6_init.o
SVC_Handler                                       build/port.o
StartDefaultTask                                  build/freertos.o
SysTick_Handler                                   build/port.o
SystemClock_Config                                build/main.o
SystemCoreClock                                   build/system_stm32f1xx.o
                                                  build/port.o
                                                  build/cmsis_os2.o
                                                  build/stm32f1xx_hal_rcc.o
                                                  build/stm32f1xx_hal.o
SystemCoreClockUpdate                             build/system_stm32f1xx.o
SystemInit                                        build/system_stm32f1xx.o
                                                  build/startup_stm32f103x6_init.o
TAMPER_IRQHandler                                 build/startup_stm32f103x6_init.o
TIM1_BRK_IRQHandler                               build/startup_stm32f103x6_init.o
TIM1_CC_IRQHandler                                build/startup_stm32f103x6_init.o
TIM1_TRG_COM_IRQHandler                           build/startup_stm32f103x6_init.o
TIM1_UP_IRQHandler                                build/stm32f1xx_it.o
TIM2_IRQHandler                                   build/startup_stm32f103x6_init.o
TIM3_IRQHandler                                   build/startup_stm32f103x6_init.o
TIMEx_DMACommutationCplt                          build/stm32f1xx_hal_tim_ex.o
                                                  build/stm32f1xx_hal_tim.o
TIMEx_DMACommutationHalfCplt                      build/stm32f1xx_hal_tim_ex.o
                                                  build/stm32f1xx_hal_tim.o
TIM_Base_SetConfig                                build/stm32f1xx_hal_tim.o
                                                  build/stm32f1xx_hal_tim_ex.o
TIM_CCxChannelCmd                                 build/stm32f1xx_hal_tim.o
                                                  build/stm32f1xx_hal_tim_ex.o
TIM_DMACaptureCplt                                build/stm32f1xx_hal_tim.o
                                                  build/stm32f1xx_hal_tim_ex.o
TIM_DMACaptureHalfCplt                            build/stm32f1xx_hal_tim.o
                                                  build/stm32f1xx_hal_tim_ex.o
TIM_DMADelayPulseHalfCplt                         build/stm32f1xx_hal_tim.o
                                                  build/stm32f1xx_hal_tim_ex.o
TIM_DMAError                                      build/stm32f1xx_hal_tim.o
                                                  build/stm32f1xx_hal_tim_ex.o
TIM_ETR_SetConfig                                 build/stm32f1xx_hal_tim.o
TIM_OC2_SetConfig                                 build/stm32f1xx_hal_tim.o
                                                  build/stm32f1xx_hal_tim_ex.o
TIM_TI1_SetConfig                                 build/stm32f1xx_hal_tim.o
                                                  build/stm32f1xx_hal_tim_ex.o
USART1_IRQHandler                                 build/startup_stm32f103x6_init.o
USART2_IRQHandler                                 build/startup_stm32f103x6_init.o
USBWakeUp_IRQHandler                              build/startup_stm32f103x6_init.o
USB_HP_CAN1_TX_IRQHandler                         build/startup_stm32f103x6_init.o
USB_LP_CAN1_RX0_IRQHandler                        build/startup_stm32f103x6_init.o
UsageFault_Handler                                build/stm32f1xx_it.o
WWDG_IRQHandler                                   build/startup_stm32f103x6_init.o
__bss_end__                                       c:/users/ika/desktop/gnu mcu/arm-none-eabi-gcc-9.3.1-1.1/bin/../lib/gcc/arm-none-eabi/9.3.1/../../../../arm-none-eabi/lib/thumb/v7-m/nofp/crt0.o
__bss_start__                                     c:/users/ika/desktop/gnu mcu/arm-none-eabi-gcc-9.3.1-1.1/bin/../lib/gcc/arm-none-eabi/9.3.1/../../../../arm-none-eabi/lib/thumb/v7-m/nofp/crt0.o
__call_exitprocs                                  c:/users/ika/desktop/gnu mcu/arm-none-eabi-gcc-9.3.1-1.1/bin/../lib/gcc/arm-none-eabi/9.3.1/../../../../arm-none-eabi/lib/thumb/v7-m/nofp\libc_nano.a(lib_a-exit.o)
__deregister_frame_info                           c:/users/ika/desktop/gnu mcu/arm-none-eabi-gcc-9.3.1-1.1/bin/../lib/gcc/arm-none-eabi/9.3.1/thumb/v7-m/nofp/crtbegin.o
__dso_handle                                      c:/users/ika/desktop/gnu mcu/arm-none-eabi-gcc-9.3.1-1.1/bin/../lib/gcc/arm-none-eabi/9.3.1/thumb/v7-m/nofp/crtbegin.o
__init_array_end                                  c:/users/ika/desktop/gnu mcu/arm-none-eabi-gcc-9.3.1-1.1/bin/../lib/gcc/arm-none-eabi/9.3.1/../../../../arm-none-eabi/lib/thumb/v7-m/nofp\libc_nano.a(lib_a-init.o)
__init_array_start                                c:/users/ika/desktop/gnu mcu/arm-none-eabi-gcc-9.3.1-1.1/bin/../lib/gcc/arm-none-eabi/9.3.1/../../../../arm-none-eabi/lib/thumb/v7-m/nofp\libc_nano.a(lib_a-init.o)
__libc_fini_array                                 c:/users/ika/desktop/gnu mcu/arm-none-eabi-gcc-9.3.1-1.1/bin/../lib/gcc/arm-none-eabi/9.3.1/../../../../arm-none-eabi/lib/thumb/v7-m/nofp/crt0.o
__libc_init_array                                 c:/users/ika/desktop/gnu mcu/arm-none-eabi-gcc-9.3.1-1.1/bin/../lib/gcc/arm-none-eabi/9.3.1/../../../../arm-none-eabi/lib/thumb/v7-m/nofp\libc_nano.a(lib_a-init.o)
                                                  build/startup_stm32f103x6_init.o
                                                  c:/users/ika/desktop/gnu mcu/arm-none-eabi-gcc-9.3.1-1.1/bin/../lib/gcc/arm-none-eabi/9.3.1/../../../../arm-none-eabi/lib/thumb/v7-m/nofp/crt0.o
__preinit_array_end                               c:/users/ika/desktop/gnu mcu/arm-none-eabi-gcc-9.3.1-1.1/bin/../lib/gcc/arm-none-eabi/9.3.1/../../../../arm-none-eabi/lib/thumb/v7-m/nofp\libc_nano.a(lib_a-init.o)
__preinit_array_start                             c:/users/ika/desktop/gnu mcu/arm-none-eabi-gcc-9.3.1-1.1/bin/../lib/gcc/arm-none-eabi/9.3.1/../../../../arm-none-eabi/lib/thumb/v7-m/nofp\libc_nano.a(lib_a-init.o)
__register_frame_info                             c:/users/ika/desktop/gnu mcu/arm-none-eabi-gcc-9.3.1-1.1/bin/../lib/gcc/arm-none-eabi/9.3.1/thumb/v7-m/nofp/crtbegin.o
__sf_fake_stderr                                  c:/users/ika/desktop/gnu mcu/arm-none-eabi-gcc-9.3.1-1.1/bin/../lib/gcc/arm-none-eabi/9.3.1/../../../../arm-none-eabi/lib/thumb/v7-m/nofp\libc_nano.a(lib_a-impure.o)
__sf_fake_stdin                                   c:/users/ika/desktop/gnu mcu/arm-none-eabi-gcc-9.3.1-1.1/bin/../lib/gcc/arm-none-eabi/9.3.1/../../../../arm-none-eabi/lib/thumb/v7-m/nofp\libc_nano.a(lib_a-impure.o)
__sf_fake_stdout                                  c:/users/ika/desktop/gnu mcu/arm-none-eabi-gcc-9.3.1-1.1/bin/../lib/gcc/arm-none-eabi/9.3.1/../../../../arm-none-eabi/lib/thumb/v7-m/nofp\libc_nano.a(lib_a-impure.o)
__stack                                           c:/users/ika/desktop/gnu mcu/arm-none-eabi-gcc-9.3.1-1.1/bin/../lib/gcc/arm-none-eabi/9.3.1/../../../../arm-none-eabi/lib/thumb/v7-m/nofp/crt0.o
_ebss                                             build/startup_stm32f103x6_init.o
_edata                                            build/startup_stm32f103x6_init.o
_estack                                           build/startup_stm32f103x6_init.o
_exit                                             c:/users/ika/desktop/gnu mcu/arm-none-eabi-gcc-9.3.1-1.1/bin/../lib/gcc/arm-none-eabi/9.3.1/../../../../arm-none-eabi/lib/thumb/v7-m/nofp\libnosys.a(_exit.o)
                                                  c:/users/ika/desktop/gnu mcu/arm-none-eabi-gcc-9.3.1-1.1/bin/../lib/gcc/arm-none-eabi/9.3.1/../../../../arm-none-eabi/lib/thumb/v7-m/nofp\libc_nano.a(lib_a-exit.o)
_fini                                             c:/users/ika/desktop/gnu mcu/arm-none-eabi-gcc-9.3.1-1.1/bin/../lib/gcc/arm-none-eabi/9.3.1/thumb/v7-m/nofp/crti.o
_global_impure_ptr                                c:/users/ika/desktop/gnu mcu/arm-none-eabi-gcc-9.3.1-1.1/bin/../lib/gcc/arm-none-eabi/9.3.1/../../../../arm-none-eabi/lib/thumb/v7-m/nofp\libc_nano.a(lib_a-impure.o)
                                                  c:/users/ika/desktop/gnu mcu/arm-none-eabi-gcc-9.3.1-1.1/bin/../lib/gcc/arm-none-eabi/9.3.1/../../../../arm-none-eabi/lib/thumb/v7-m/nofp\libc_nano.a(lib_a-exit.o)
_impure_ptr                                       c:/users/ika/desktop/gnu mcu/arm-none-eabi-gcc-9.3.1-1.1/bin/../lib/gcc/arm-none-eabi/9.3.1/../../../../arm-none-eabi/lib/thumb/v7-m/nofp\libc_nano.a(lib_a-impure.o)
_init                                             c:/users/ika/desktop/gnu mcu/arm-none-eabi-gcc-9.3.1-1.1/bin/../lib/gcc/arm-none-eabi/9.3.1/thumb/v7-m/nofp/crti.o
                                                  c:/users/ika/desktop/gnu mcu/arm-none-eabi-gcc-9.3.1-1.1/bin/../lib/gcc/arm-none-eabi/9.3.1/../../../../arm-none-eabi/lib/thumb/v7-m/nofp\libc_nano.a(lib_a-init.o)
_mainCRTStartup                                   c:/users/ika/desktop/gnu mcu/arm-none-eabi-gcc-9.3.1-1.1/bin/../lib/gcc/arm-none-eabi/9.3.1/../../../../arm-none-eabi/lib/thumb/v7-m/nofp/crt0.o
_sbss                                             build/startup_stm32f103x6_init.o
_sdata                                            build/startup_stm32f103x6_init.o
_sidata                                           build/startup_stm32f103x6_init.o
_stack_init                                       c:/users/ika/desktop/gnu mcu/arm-none-eabi-gcc-9.3.1-1.1/bin/../lib/gcc/arm-none-eabi/9.3.1/../../../../arm-none-eabi/lib/thumb/v7-m/nofp/crt0.o
_start                                            c:/users/ika/desktop/gnu mcu/arm-none-eabi-gcc-9.3.1-1.1/bin/../lib/gcc/arm-none-eabi/9.3.1/../../../../arm-none-eabi/lib/thumb/v7-m/nofp/crt0.o
atexit                                            c:/users/ika/desktop/gnu mcu/arm-none-eabi-gcc-9.3.1-1.1/bin/../lib/gcc/arm-none-eabi/9.3.1/../../../../arm-none-eabi/lib/thumb/v7-m/nofp/crt0.o
defaultTaskHandle                                 build/freertos.o
defaultTask_attributes                            build/freertos.o
eTaskGetState                                     build/tasks.o
                                                  build/cmsis_os2.o
exit                                              c:/users/ika/desktop/gnu mcu/arm-none-eabi-gcc-9.3.1-1.1/bin/../lib/gcc/arm-none-eabi/9.3.1/../../../../arm-none-eabi/lib/thumb/v7-m/nofp\libc_nano.a(lib_a-exit.o)
                                                  c:/users/ika/desktop/gnu mcu/arm-none-eabi-gcc-9.3.1-1.1/bin/../lib/gcc/arm-none-eabi/9.3.1/../../../../arm-none-eabi/lib/thumb/v7-m/nofp/crt0.o
g_pfnVectors                                      build/startup_stm32f103x6_init.o
hardware_init_hook                                c:/users/ika/desktop/gnu mcu/arm-none-eabi-gcc-9.3.1-1.1/bin/../lib/gcc/arm-none-eabi/9.3.1/../../../../arm-none-eabi/lib/thumb/v7-m/nofp/crt0.o
htim1                                             build/stm32f1xx_hal_timebase_tim.o
                                                  build/stm32f1xx_it.o
main                                              build/main.o
                                                  build/startup_stm32f103x6_init.o
                                                  c:/users/ika/desktop/gnu mcu/arm-none-eabi-gcc-9.3.1-1.1/bin/../lib/gcc/arm-none-eabi/9.3.1/../../../../arm-none-eabi/lib/thumb/v7-m/nofp/crt0.o
memcpy                                            c:/users/ika/desktop/gnu mcu/arm-none-eabi-gcc-9.3.1-1.1/bin/../lib/gcc/arm-none-eabi/9.3.1/../../../../arm-none-eabi/lib/thumb/v7-m/nofp\libc_nano.a(lib_a-memcpy-stub.o)
                                                  build/cmsis_os2.o
                                                  build/stream_buffer.o
                                                  build/queue.o
memset                                            c:/users/ika/desktop/gnu mcu/arm-none-eabi-gcc-9.3.1-1.1/bin/../lib/gcc/arm-none-eabi/9.3.1/../../../../arm-none-eabi/lib/thumb/v7-m/nofp\libc_nano.a(lib_a-memset.o)
                                                  build/tasks.o
                                                  build/stream_buffer.o
                                                  build/main.o
                                                  c:/users/ika/desktop/gnu mcu/arm-none-eabi-gcc-9.3.1-1.1/bin/../lib/gcc/arm-none-eabi/9.3.1/../../../../arm-none-eabi/lib/thumb/v7-m/nofp/crt0.o
osDelay                                           build/cmsis_os2.o
osDelayUntil                                      build/cmsis_os2.o
osEventFlagsClear                                 build/cmsis_os2.o
osEventFlagsDelete                                build/cmsis_os2.o
osEventFlagsGet                                   build/cmsis_os2.o
osEventFlagsNew                                   build/cmsis_os2.o
osEventFlagsSet                                   build/cmsis_os2.o
osEventFlagsWait                                  build/cmsis_os2.o
osKernelGetInfo                                   build/cmsis_os2.o
osKernelGetState                                  build/cmsis_os2.o
osKernelGetSysTimerCount                          build/cmsis_os2.o
osKernelGetSysTimerFreq                           build/cmsis_os2.o
osKernelGetTickCount                              build/cmsis_os2.o
osKernelGetTickFreq                               build/cmsis_os2.o
osKernelInitialize                                build/cmsis_os2.o
                                                  build/main.o
osKernelLock                                      build/cmsis_os2.o
osKernelRestoreLock                               build/cmsis_os2.o